\BOOKMARK [0][-]{chapter*.1}{\376\377\000A\000C\000K\000N\000O\000W\000L\000E\000D\000G\000E\000M\000E\000N\000T\000S}{}% 1
\BOOKMARK [0][-]{chapter*.2}{\376\377\000A\000B\000S\000T\000R\000A\000C\000T}{}% 2
\BOOKMARK [0][-]{chapter*.3}{\376\377\000L\000I\000S\000T\000\040\000O\000F\000\040\000T\000A\000B\000L\000E\000S}{}% 3
\BOOKMARK [0][-]{chapter*.4}{\376\377\000L\000I\000S\000T\000\040\000O\000F\000\040\000F\000I\000G\000U\000R\000E\000S}{}% 4
\BOOKMARK [0][-]{chapter*.6}{\376\377\000A\000B\000B\000R\000E\000V\000I\000A\000T\000I\000O\000N\000S}{}% 5
\BOOKMARK [0][-]{chapter.1}{\376\377\000I\000N\000T\000R\000O\000D\000U\000C\000T\000I\000O\000N}{}% 6
\BOOKMARK [1][-]{section.1.1}{\376\377\000M\000o\000t\000i\000v\000a\000t\000i\000o\000n}{chapter.1}% 7
\BOOKMARK [1][-]{section.1.2}{\376\377\000P\000r\000o\000b\000l\000e\000m\000\040\000S\000t\000a\000t\000e\000m\000e\000n\000t}{chapter.1}% 8
\BOOKMARK [1][-]{section.1.3}{\376\377\000O\000b\000j\000e\000c\000t\000i\000v\000e\000s}{chapter.1}% 9
\BOOKMARK [1][-]{section.1.4}{\376\377\000C\000o\000n\000t\000r\000i\000b\000u\000t\000i\000o\000n\000s}{chapter.1}% 10
\BOOKMARK [1][-]{section.1.5}{\376\377\000R\000e\000p\000o\000r\000t\000\040\000S\000t\000r\000u\000c\000t\000u\000r\000e}{chapter.1}% 11
\BOOKMARK [0][-]{chapter.2}{\376\377\000B\000A\000C\000K\000G\000R\000O\000U\000N\000D}{}% 12
\BOOKMARK [1][-]{section.2.1}{\376\377\000A\000n\000d\000r\000o\000i\000d\000\040\000A\000u\000t\000o\000m\000o\000t\000i\000v\000e\000\040\000O\000S}{chapter.2}% 13
\BOOKMARK [1][-]{section.2.2}{\376\377\000A\000n\000d\000r\000o\000i\000d\000\040\000S\000e\000c\000u\000r\000i\000t\000y\000\040\000A\000r\000c\000h\000i\000t\000e\000c\000t\000u\000r\000e}{chapter.2}% 14
\BOOKMARK [1][-]{section.2.3}{\376\377\000R\000a\000s\000p\000b\000e\000r\000r\000y\000\040\000P\000i\000\040\0005\000\040\000H\000a\000r\000d\000w\000a\000r\000e}{chapter.2}% 15
\BOOKMARK [1][-]{section.2.4}{\376\377\000U\000-\000B\000o\000o\000t\000\040\000B\000o\000o\000t\000l\000o\000a\000d\000e\000r}{chapter.2}% 16
\BOOKMARK [2][-]{subsection.2.4.1}{\376\377\000U\000-\000B\000o\000o\000t\000\040\000A\000V\000B\000\040\000I\000n\000t\000e\000g\000r\000a\000t\000i\000o\000n}{section.2.4}% 17
\BOOKMARK [1][-]{section.2.5}{\376\377\000A\000n\000d\000r\000o\000i\000d\000\040\000V\000e\000r\000i\000f\000i\000e\000d\000\040\000B\000o\000o\000t\000\040\0002\000.\0000\000\040\000\050\000A\000V\000B\000\051}{chapter.2}% 18
\BOOKMARK [2][-]{subsection.2.5.1}{\376\377\000V\000B\000M\000e\000t\000a\000\040\000D\000e\000s\000c\000r\000i\000p\000t\000o\000r\000s}{section.2.5}% 19
\BOOKMARK [2][-]{subsection.2.5.2}{\376\377\000R\000o\000l\000l\000b\000a\000c\000k\000\040\000P\000r\000o\000t\000e\000c\000t\000i\000o\000n}{section.2.5}% 20
\BOOKMARK [2][-]{subsection.2.5.3}{\376\377\000D\000e\000v\000i\000c\000e\000\040\000S\000t\000a\000t\000e\000s\000\040\000a\000n\000d\000\040\000B\000o\000o\000t\000\040\000C\000o\000l\000o\000u\000r\000\040\000M\000o\000d\000e\000l}{section.2.5}% 21
\BOOKMARK [2][-]{subsection.2.5.4}{\376\377\000A\000/\000B\000\040\000S\000l\000o\000t\000\040\000S\000u\000p\000p\000o\000r\000t}{section.2.5}% 22
\BOOKMARK [2][-]{subsection.2.5.5}{\376\377\000l\000i\000b\000a\000v\000b\000\040\000a\000n\000d\000\040\000a\000v\000b\000t\000o\000o\000l}{section.2.5}% 23
\BOOKMARK [1][-]{section.2.6}{\376\377\000d\000m\000-\000v\000e\000r\000i\000t\000y}{chapter.2}% 24
\BOOKMARK [1][-]{section.2.7}{\376\377\000F\000u\000l\000l\000-\000D\000i\000s\000k\000\040\000E\000n\000c\000r\000y\000p\000t\000i\000o\000n\000\040\000\050\000F\000D\000E\000\051}{chapter.2}% 25
\BOOKMARK [2][-]{subsection.2.7.1}{\376\377\000K\000e\000y\000\040\000D\000e\000r\000i\000v\000a\000t\000i\000o\000n\000\040\000C\000h\000a\000i\000n}{section.2.7}% 26
\BOOKMARK [2][-]{subsection.2.7.2}{\376\377\000B\000o\000o\000t\000\040\000F\000l\000o\000w\000\040\000a\000n\000d\000\040\000S\000e\000r\000v\000i\000c\000e\000\040\000C\000l\000a\000s\000s\000e\000s}{section.2.7}% 27
\BOOKMARK [2][-]{subsection.2.7.3}{\376\377\000L\000i\000m\000i\000t\000a\000t\000i\000o\000n\000s\000\040\000a\000n\000d\000\040\000D\000e\000p\000r\000e\000c\000a\000t\000i\000o\000n\000\040\000R\000a\000t\000i\000o\000n\000a\000l\000e}{section.2.7}% 28
\BOOKMARK [1][-]{section.2.8}{\376\377\000F\000i\000l\000e\000-\000B\000a\000s\000e\000d\000\040\000E\000n\000c\000r\000y\000p\000t\000i\000o\000n\000\040\000\050\000F\000B\000E\000\051}{chapter.2}% 29
\BOOKMARK [1][-]{section.2.9}{\376\377\000S\000E\000L\000i\000n\000u\000x\000\040\000o\000n\000\040\000A\000n\000d\000r\000o\000i\000d}{chapter.2}% 30
\BOOKMARK [1][-]{section.2.10}{\376\377\000A\000n\000d\000r\000o\000i\000d\000\040\000I\000n\000i\000t\000\040\000S\000y\000s\000t\000e\000m}{chapter.2}% 31
\BOOKMARK [1][-]{section.2.11}{\376\377\000I\000S\000O\000/\000S\000A\000E\000\040\0002\0001\0004\0003\0004\000\040\000a\000n\000d\000\040\000T\000h\000r\000e\000a\000t\000\040\000A\000n\000a\000l\000y\000s\000i\000s\000\040\000a\000n\000d\000\040\000R\000i\000s\000k\000\040\000A\000s\000s\000e\000s\000s\000m\000e\000n\000t\000\040\000\050\000T\000A\000R\000A\000\051}{chapter.2}% 32
\BOOKMARK [2][-]{subsection.2.11.1}{\376\377\000A\000s\000s\000e\000t\000\040\000I\000d\000e\000n\000t\000i\000f\000i\000c\000a\000t\000i\000o\000n}{section.2.11}% 33
\BOOKMARK [2][-]{subsection.2.11.2}{\376\377\000S\000T\000R\000I\000D\000E\000\040\000T\000h\000r\000e\000a\000t\000\040\000M\000o\000d\000e\000l\000l\000i\000n\000g}{section.2.11}% 34
\BOOKMARK [2][-]{subsection.2.11.3}{\376\377\000R\000i\000s\000k\000\040\000S\000c\000o\000r\000i\000n\000g}{section.2.11}% 35
\BOOKMARK [2][-]{subsection.2.11.4}{\376\377\000R\000i\000s\000k\000\040\000T\000r\000e\000a\000t\000m\000e\000n\000t\000\040\000a\000n\000d\000\040\000R\000e\000s\000i\000d\000u\000a\000l\000\040\000R\000i\000s\000k}{section.2.11}% 36
\BOOKMARK [0][-]{chapter.3}{\376\377\000S\000Y\000S\000T\000E\000M\000\040\000A\000R\000C\000H\000I\000T\000E\000C\000T\000U\000R\000E}{}% 37
\BOOKMARK [1][-]{section.3.1}{\376\377\000O\000v\000e\000r\000v\000i\000e\000w}{chapter.3}% 38
\BOOKMARK [1][-]{section.3.2}{\376\377\000B\000o\000o\000t\000\040\000C\000h\000a\000i\000n}{chapter.3}% 39
\BOOKMARK [1][-]{section.3.3}{\376\377\000P\000a\000r\000t\000i\000t\000i\000o\000n\000\040\000L\000a\000y\000o\000u\000t}{chapter.3}% 40
\BOOKMARK [1][-]{section.3.4}{\376\377\000B\000u\000i\000l\000d\000\040\000P\000i\000p\000e\000l\000i\000n\000e}{chapter.3}% 41
\BOOKMARK [2][-]{subsection.3.4.1}{\376\377\000S\000t\000a\000g\000e\000s}{section.3.4}% 42
\BOOKMARK [2][-]{subsection.3.4.2}{\376\377\000C\000o\000n\000f\000i\000g\000u\000r\000a\000t\000i\000o\000n\000\040\000M\000o\000d\000e\000l}{section.3.4}% 43
\BOOKMARK [1][-]{section.3.5}{\376\377\000S\000e\000c\000u\000r\000i\000t\000y\000\040\000D\000e\000s\000i\000g\000n\000\040\000D\000e\000c\000i\000s\000i\000o\000n\000s}{chapter.3}% 44
\BOOKMARK [2][-]{subsection.3.5.1}{\376\377\000E\000x\000t\000e\000r\000n\000a\000l\000\040\000S\000i\000g\000n\000i\000n\000g\000\040\000P\000i\000p\000e\000l\000i\000n\000e}{section.3.5}% 45
\BOOKMARK [2][-]{subsection.3.5.2}{\376\377\000F\000a\000i\000l\000-\000C\000l\000o\000s\000e\000d\000\040\000A\000V\000B\000\040\000P\000o\000l\000i\000c\000y}{section.3.5}% 46
\BOOKMARK [2][-]{subsection.3.5.3}{\376\377\000F\000B\000E\000\040\000D\000e\000p\000e\000n\000d\000e\000n\000c\000y\000\040\000C\000h\000a\000i\000n}{section.3.5}% 47
\BOOKMARK [0][-]{chapter.4}{\376\377\000I\000M\000P\000L\000E\000M\000E\000N\000T\000A\000T\000I\000O\000N}{}% 48
\BOOKMARK [1][-]{section.4.1}{\376\377\000U\000-\000B\000o\000o\000t\000\040\000P\000a\000t\000c\000h\000:\000\040\000P\000L\0000\0001\0001\000-\000A\000X\000I\000\040\000S\000e\000r\000i\000a\000l\000\040\000D\000r\000i\000v\000e\000r}{chapter.4}% 49
\BOOKMARK [2][-]{subsection.4.1.1}{\376\377\000P\000r\000o\000b\000l\000e\000m}{section.4.1}% 50
\BOOKMARK [2][-]{subsection.4.1.2}{\376\377\000S\000o\000l\000u\000t\000i\000o\000n}{section.4.1}% 51
\BOOKMARK [2][-]{subsection.4.1.3}{\376\377\000R\000i\000s\000k\000\040\000A\000s\000s\000e\000s\000s\000m\000e\000n\000t}{section.4.1}% 52
\BOOKMARK [1][-]{section.4.2}{\376\377\000U\000-\000B\000o\000o\000t\000\040\000A\000V\000B\000\040\000K\000c\000o\000n\000f\000i\000g\000\040\000C\000o\000n\000f\000i\000g\000u\000r\000a\000t\000i\000o\000n}{chapter.4}% 53
\BOOKMARK [2][-]{subsection.4.2.1}{\376\377\000P\000u\000b\000l\000i\000c\000\040\000K\000e\000y\000\040\000I\000n\000j\000e\000c\000t\000i\000o\000n}{section.4.2}% 54
\BOOKMARK [1][-]{section.4.3}{\376\377\000U\000-\000B\000o\000o\000t\000\040\000B\000o\000o\000t\000\040\000S\000c\000r\000i\000p\000t}{chapter.4}% 55
\BOOKMARK [1][-]{section.4.4}{\376\377\000K\000e\000r\000n\000e\000l\000\040\000P\000a\000t\000c\000h\000:\000\040\000B\000o\000o\000t\000-\000L\000a\000y\000e\000r\000\040\000D\000i\000a\000g\000n\000o\000s\000t\000i\000c\000\040\000M\000a\000r\000k\000e\000r\000s}{chapter.4}% 56
\BOOKMARK [1][-]{section.4.5}{\376\377\000A\000O\000S\000P\000\040\000P\000a\000t\000c\000h\000:\000\040\000A\000V\000B\000-\000A\000w\000a\000r\000e\000\040\000f\000s\000t\000a\000b\000\040\000S\000e\000l\000e\000c\000t\000i\000o\000n}{chapter.4}% 57
\BOOKMARK [1][-]{section.4.6}{\376\377\000A\000O\000S\000P\000\040\000P\000a\000t\000c\000h\000:\000\040\000S\000E\000L\000i\000n\000u\000x\000\040\000E\000n\000f\000o\000r\000c\000i\000n\000g\000\040\000M\000o\000d\000e}{chapter.4}% 58
\BOOKMARK [2][-]{subsection.4.6.1}{\376\377\000P\000o\000l\000i\000c\000y\000\040\000S\000t\000r\000u\000c\000t\000u\000r\000e}{section.4.6}% 59
\BOOKMARK [2][-]{subsection.4.6.2}{\376\377\000A\000n\000d\000r\000o\000i\000d\000\040\0001\0006\000\040\000E\000n\000f\000o\000r\000c\000i\000n\000g\000\040\000B\000e\000h\000a\000v\000i\000o\000u\000r}{section.4.6}% 60
\BOOKMARK [2][-]{subsection.4.6.3}{\376\377\000C\000o\000n\000f\000i\000g\000u\000r\000a\000t\000i\000o\000n}{section.4.6}% 61
\BOOKMARK [2][-]{subsection.4.6.4}{\376\377\000A\000V\000C\000\040\000D\000e\000n\000i\000a\000l\000\040\000H\000a\000n\000d\000l\000i\000n\000g}{section.4.6}% 62
\BOOKMARK [2][-]{subsection.4.6.5}{\376\377\000S\000e\000r\000i\000a\000l\000\040\000L\000o\000g\000\040\000E\000v\000i\000d\000e\000n\000c\000e}{section.4.6}% 63
\BOOKMARK [1][-]{section.4.7}{\376\377\000A\000O\000S\000P\000\040\000P\000a\000t\000c\000h\000:\000\040\000F\000i\000l\000e\000-\000B\000a\000s\000e\000d\000\040\000E\000n\000c\000r\000y\000p\000t\000i\000o\000n}{chapter.4}% 64
\BOOKMARK [1][-]{section.4.8}{\376\377\000F\000B\000E\000\040\000B\000r\000i\000n\000g\000-\000u\000p\000:\000\040\000M\000e\000t\000a\000d\000a\000t\000a\000\040\000P\000a\000r\000t\000i\000t\000i\000o\000n\000\040\000S\000E\000L\000i\000n\000u\000x\000\040\000B\000o\000o\000t\000\040\000L\000o\000o\000p}{chapter.4}% 65
\BOOKMARK [2][-]{subsection.4.8.1}{\376\377\000S\000y\000m\000p\000t\000o\000m}{section.4.8}% 66
\BOOKMARK [2][-]{subsection.4.8.2}{\376\377\000D\000i\000a\000g\000n\000o\000s\000i\000s\000:\000\040\000T\000w\000o\000\040\000C\000o\000n\000c\000u\000r\000r\000e\000n\000t\000\040\000R\000o\000o\000t\000\040\000C\000a\000u\000s\000e\000s}{section.4.8}% 67
\BOOKMARK [2][-]{subsection.4.8.3}{\376\377\000F\000i\000x\000:\000\040\000R\000e\000p\000l\000a\000c\000e\000\040\000m\000k\000f\000s\000.\000e\000x\000t\0004\000\040\000w\000i\000t\000h\000\040\000e\0002\000f\000s\000d\000r\000o\000i\000d}{section.4.8}% 68
\BOOKMARK [2][-]{subsection.4.8.4}{\376\377\000S\000e\000c\000u\000r\000i\000t\000y\000\040\000S\000i\000g\000n\000i\000f\000i\000c\000a\000n\000c\000e}{section.4.8}% 69
\BOOKMARK [1][-]{section.4.9}{\376\377\000A\000O\000S\000P\000\040\000P\000a\000t\000c\000h\000:\000\040\000B\000o\000o\000t\000\040\000D\000i\000a\000g\000n\000o\000s\000t\000i\000c\000s\000\040\000S\000e\000r\000v\000i\000c\000e}{chapter.4}% 70
\BOOKMARK [1][-]{section.4.10}{\376\377\000A\000V\000B\000\040\000S\000i\000g\000n\000i\000n\000g\000\040\000S\000t\000a\000g\000e}{chapter.4}% 71
\BOOKMARK [1][-]{section.4.11}{\376\377\000B\000u\000i\000l\000d\000\040\000O\000r\000c\000h\000e\000s\000t\000r\000a\000t\000o\000r\000\040\000C\000L\000I}{chapter.4}% 72
\BOOKMARK [0][-]{chapter.5}{\376\377\000R\000E\000S\000U\000L\000T\000S\000\040\000A\000N\000D\000\040\000E\000V\000A\000L\000U\000A\000T\000I\000O\000N}{}% 73
\BOOKMARK [1][-]{section.5.1}{\376\377\000O\000v\000e\000r\000v\000i\000e\000w}{chapter.5}% 74
\BOOKMARK [1][-]{section.5.2}{\376\377\000B\000u\000i\000l\000d\000\040\000P\000i\000p\000e\000l\000i\000n\000e\000\040\000E\000x\000e\000c\000u\000t\000i\000o\000n}{chapter.5}% 75
\BOOKMARK [2][-]{subsection.5.2.1}{\376\377\000U\000-\000B\000o\000o\000t\000\040\000B\000u\000i\000l\000d}{section.5.2}% 76
\BOOKMARK [2][-]{subsection.5.2.2}{\376\377\000A\000O\000S\000P\000\040\000B\000u\000i\000l\000d}{section.5.2}% 77
\BOOKMARK [2][-]{subsection.5.2.3}{\376\377\000S\000i\000g\000n\000i\000n\000g\000\040\000S\000t\000a\000g\000e}{section.5.2}% 78
\BOOKMARK [2][-]{subsection.5.2.4}{\376\377\000S\000D\000\040\000C\000a\000r\000d\000\040\000I\000m\000a\000g\000e\000\040\000A\000s\000s\000e\000m\000b\000l\000y}{section.5.2}% 79
\BOOKMARK [1][-]{section.5.3}{\376\377\000B\000o\000o\000t\000\040\000S\000e\000q\000u\000e\000n\000c\000e\000\040\000V\000a\000l\000i\000d\000a\000t\000i\000o\000n}{chapter.5}% 80
\BOOKMARK [2][-]{subsection.5.3.1}{\376\377\000U\000n\000s\000i\000g\000n\000e\000d\000\040\000B\000u\000i\000l\000d\000\040\000V\000a\000l\000i\000d\000a\000t\000i\000o\000n}{section.5.3}% 81
\BOOKMARK [2][-]{subsection.5.3.2}{\376\377\000S\000i\000g\000n\000e\000d\000\040\000B\000u\000i\000l\000d\000\040\000V\000a\000l\000i\000d\000a\000t\000i\000o\000n}{section.5.3}% 82
\BOOKMARK [1][-]{section.5.4}{\376\377\000E\000v\000a\000l\000u\000a\000t\000i\000o\000n\000\040\000S\000u\000m\000m\000a\000r\000y}{chapter.5}% 83
\BOOKMARK [1][-]{section.5.5}{\376\377\000L\000i\000m\000i\000t\000a\000t\000i\000o\000n\000s}{chapter.5}% 84
\BOOKMARK [0][-]{chapter.6}{\376\377\000T\000H\000R\000E\000A\000T\000\040\000A\000N\000A\000L\000Y\000S\000I\000S\000\040\000A\000N\000D\000\040\000R\000I\000S\000K\000\040\000A\000S\000S\000E\000S\000S\000M\000E\000N\000T}{}% 85
\BOOKMARK [1][-]{section.6.1}{\376\377\000O\000v\000e\000r\000v\000i\000e\000w}{chapter.6}% 86
\BOOKMARK [1][-]{section.6.2}{\376\377\000A\000s\000s\000e\000t\000\040\000I\000n\000v\000e\000n\000t\000o\000r\000y}{chapter.6}% 87
\BOOKMARK [1][-]{section.6.3}{\376\377\000T\000h\000r\000e\000a\000t\000\040\000S\000c\000e\000n\000a\000r\000i\000o\000s}{chapter.6}% 88
\BOOKMARK [1][-]{section.6.4}{\376\377\000R\000i\000s\000k\000\040\000R\000e\000g\000i\000s\000t\000e\000r}{chapter.6}% 89
\BOOKMARK [1][-]{section.6.5}{\376\377\000M\000i\000t\000i\000g\000a\000t\000i\000o\000n\000\040\000M\000a\000p\000p\000i\000n\000g}{chapter.6}% 90
\BOOKMARK [1][-]{section.6.6}{\376\377\000R\000e\000s\000i\000d\000u\000a\000l\000\040\000R\000i\000s\000k\000\040\000R\000e\000g\000i\000s\000t\000e\000r}{chapter.6}% 91
\BOOKMARK [1][-]{section.6.7}{\376\377\000D\000i\000s\000c\000u\000s\000s\000i\000o\000n\000:\000\040\000S\000o\000f\000t\000w\000a\000r\000e\000\040\000S\000e\000c\000u\000r\000i\000t\000y\000\040\000C\000e\000i\000l\000i\000n\000g\000\040\000o\000n\000\040\000R\000P\000i\0005}{chapter.6}% 92
\BOOKMARK [1][-]{section.6.8}{\376\377\000T\000e\000c\000h\000n\000i\000c\000a\000l\000\040\000R\000e\000a\000s\000o\000n\000i\000n\000g}{chapter.6}% 93
\BOOKMARK [1][-]{section.6.9}{\376\377\000E\000x\000t\000e\000r\000n\000a\000l\000\040\000R\000e\000f\000e\000r\000e\000n\000c\000e\000s}{chapter.6}% 94
\BOOKMARK [0][-]{chapter.7}{\376\377\000C\000O\000N\000C\000L\000U\000S\000I\000O\000N}{}% 95
\BOOKMARK [1][-]{section.7.1}{\376\377\000S\000u\000m\000m\000a\000r\000y}{chapter.7}% 96
\BOOKMARK [1][-]{section.7.2}{\376\377\000S\000e\000c\000u\000r\000i\000t\000y\000\040\000P\000o\000s\000t\000u\000r\000e\000\040\000A\000s\000s\000e\000s\000s\000m\000e\000n\000t}{chapter.7}% 97
\BOOKMARK [1][-]{section.7.3}{\376\377\000T\000e\000c\000h\000n\000i\000c\000a\000l\000\040\000R\000e\000a\000s\000o\000n\000i\000n\000g}{chapter.7}% 98
\BOOKMARK [2][-]{subsection.7.3.1}{\376\377\000C\000a\000u\000s\000a\000l\000\040\000C\000h\000a\000i\000n}{section.7.3}% 99
\BOOKMARK [2][-]{subsection.7.3.2}{\376\377\000A\000l\000t\000e\000r\000n\000a\000t\000i\000v\000e\000s\000\040\000C\000o\000n\000s\000i\000d\000e\000r\000e\000d}{section.7.3}% 100
\BOOKMARK [2][-]{subsection.7.3.3}{\376\377\000R\000i\000s\000k\000\040\000a\000n\000d\000\040\000T\000r\000a\000d\000e\000o\000f\000f\000s}{section.7.3}% 101
\BOOKMARK [1][-]{section.7.4}{\376\377\000F\000u\000t\000u\000r\000e\000\040\000W\000o\000r\000k}{chapter.7}% 102
\BOOKMARK [1][-]{section.7.5}{\376\377\000E\000x\000t\000e\000r\000n\000a\000l\000\040\000R\000e\000f\000e\000r\000e\000n\000c\000e\000s}{chapter.7}% 103
