This is pdfTeX, Version 3.141592653-2.6-1.40.26 (TeX Live 2025/dev/Debian) (preloaded format=pdflatex 2026.6.7)  7 JUN 2026 17:43
entering extended mode
 restricted \write18 enabled.
 %&-line parsing enabled.
**main.tex
(./main.tex
LaTeX2e <2024-11-01> patch level 2
L3 programming layer <2025-01-18>
(/usr/share/texlive/texmf-dist/tex/latex/base/report.cls
Document Class: report 2024/06/29 v1.4n Standard LaTeX document class
(/usr/share/texlive/texmf-dist/tex/latex/base/size12.clo
File: size12.clo 2024/06/29 v1.4n Standard LaTeX file (size option)
)
\c@part=\count196
\c@chapter=\count197
\c@section=\count198
\c@subsection=\count199
\c@subsubsection=\count266
\c@paragraph=\count267
\c@subparagraph=\count268
\c@figure=\count269
\c@table=\count270
\abovecaptionskip=\skip49
\belowcaptionskip=\skip50
\bibindent=\dimen141
)
(/usr/share/texlive/texmf-dist/tex/latex/base/inputenc.sty
Package: inputenc 2024/02/08 v1.3d Input encoding file
\inpenc@prehook=\toks17
\inpenc@posthook=\toks18
)
(/usr/share/texlive/texmf-dist/tex/latex/base/fontenc.sty
Package: fontenc 2021/04/29 v2.0v Standard LaTeX package
)
(/usr/share/texmf/tex/latex/lm/lmodern.sty
Package: lmodern 2015/05/01 v1.6.1 Latin Modern Fonts
LaTeX Font Info:    Overwriting symbol font `operators' in version `normal'
(Font)                  OT1/cmr/m/n --> OT1/lmr/m/n on input line 22.
LaTeX Font Info:    Overwriting symbol font `letters' in version `normal'
(Font)                  OML/cmm/m/it --> OML/lmm/m/it on input line 23.
LaTeX Font Info:    Overwriting symbol font `symbols' in version `normal'
(Font)                  OMS/cmsy/m/n --> OMS/lmsy/m/n on input line 24.
LaTeX Font Info:    Overwriting symbol font `largesymbols' in version `normal'
(Font)                  OMX/cmex/m/n --> OMX/lmex/m/n on input line 25.
LaTeX Font Info:    Overwriting symbol font `operators' in version `bold'
(Font)                  OT1/cmr/bx/n --> OT1/lmr/bx/n on input line 26.
LaTeX Font Info:    Overwriting symbol font `letters' in version `bold'
(Font)                  OML/cmm/b/it --> OML/lmm/b/it on input line 27.
LaTeX Font Info:    Overwriting symbol font `symbols' in version `bold'
(Font)                  OMS/cmsy/b/n --> OMS/lmsy/b/n on input line 28.
LaTeX Font Info:    Overwriting symbol font `largesymbols' in version `bold'
(Font)                  OMX/cmex/m/n --> OMX/lmex/m/n on input line 29.
LaTeX Font Info:    Overwriting math alphabet `\mathbf' in version `normal'
(Font)                  OT1/cmr/bx/n --> OT1/lmr/bx/n on input line 31.
LaTeX Font Info:    Overwriting math alphabet `\mathsf' in version `normal'
(Font)                  OT1/cmss/m/n --> OT1/lmss/m/n on input line 32.
LaTeX Font Info:    Overwriting math alphabet `\mathit' in version `normal'
(Font)                  OT1/cmr/m/it --> OT1/lmr/m/it on input line 33.
LaTeX Font Info:    Overwriting math alphabet `\mathtt' in version `normal'
(Font)                  OT1/cmtt/m/n --> OT1/lmtt/m/n on input line 34.
LaTeX Font Info:    Overwriting math alphabet `\mathbf' in version `bold'
(Font)                  OT1/cmr/bx/n --> OT1/lmr/bx/n on input line 35.
LaTeX Font Info:    Overwriting math alphabet `\mathsf' in version `bold'
(Font)                  OT1/cmss/bx/n --> OT1/lmss/bx/n on input line 36.
LaTeX Font Info:    Overwriting math alphabet `\mathit' in version `bold'
(Font)                  OT1/cmr/bx/it --> OT1/lmr/bx/it on input line 37.
LaTeX Font Info:    Overwriting math alphabet `\mathtt' in version `bold'
(Font)                  OT1/cmtt/m/n --> OT1/lmtt/m/n on input line 38.
)
(/usr/share/texlive/texmf-dist/tex/latex/geometry/geometry.sty
Package: geometry 2020/01/02 v5.9 Page Geometry

(/usr/share/texlive/texmf-dist/tex/latex/graphics/keyval.sty
Package: keyval 2022/05/29 v1.15 key=value parser (DPC)
\KV@toks@=\toks19
)
(/usr/share/texlive/texmf-dist/tex/generic/iftex/ifvtex.sty
Package: ifvtex 2019/10/25 v1.7 ifvtex legacy package. Use iftex instead.

(/usr/share/texlive/texmf-dist/tex/generic/iftex/iftex.sty
Package: iftex 2024/12/12 v1.0g TeX engine tests
))
\Gm@cnth=\count271
\Gm@cntv=\count272
\c@Gm@tempcnt=\count273
\Gm@bindingoffset=\dimen142
\Gm@wd@mp=\dimen143
\Gm@odd@mp=\dimen144
\Gm@even@mp=\dimen145
\Gm@layoutwidth=\dimen146
\Gm@layoutheight=\dimen147
\Gm@layouthoffset=\dimen148
\Gm@layoutvoffset=\dimen149
\Gm@dimlist=\toks20
)
(/usr/share/texlive/texmf-dist/tex/latex/graphics/graphicx.sty
Package: graphicx 2021/09/16 v1.2d Enhanced LaTeX Graphics (DPC,SPQR)

(/usr/share/texlive/texmf-dist/tex/latex/graphics/graphics.sty
Package: graphics 2024/08/06 v1.4g Standard LaTeX Graphics (DPC,SPQR)

(/usr/share/texlive/texmf-dist/tex/latex/graphics/trig.sty
Package: trig 2023/12/02 v1.11 sin cos tan (DPC)
)
(/usr/share/texlive/texmf-dist/tex/latex/graphics-cfg/graphics.cfg
File: graphics.cfg 2016/06/04 v1.11 sample graphics configuration
)
Package graphics Info: Driver file: pdftex.def on input line 106.

(/usr/share/texlive/texmf-dist/tex/latex/graphics-def/pdftex.def
File: pdftex.def 2024/04/13 v1.2c Graphics/color driver for pdftex
))
\Gin@req@height=\dimen150
\Gin@req@width=\dimen151
)
(/usr/share/texlive/texmf-dist/tex/latex/hyperref/hyperref.sty
Package: hyperref 2024-11-05 v7.01l Hypertext links for LaTeX

(/usr/share/texlive/texmf-dist/tex/latex/kvsetkeys/kvsetkeys.sty
Package: kvsetkeys 2022-10-05 v1.19 Key value parser (HO)
)
(/usr/share/texlive/texmf-dist/tex/generic/kvdefinekeys/kvdefinekeys.sty
Package: kvdefinekeys 2019-12-19 v1.6 Define keys (HO)
)
(/usr/share/texlive/texmf-dist/tex/generic/pdfescape/pdfescape.sty
Package: pdfescape 2019/12/09 v1.15 Implements pdfTeX's escape features (HO)

(/usr/share/texlive/texmf-dist/tex/generic/ltxcmds/ltxcmds.sty
Package: ltxcmds 2023-12-04 v1.26 LaTeX kernel commands for general use (HO)
)
(/usr/share/texlive/texmf-dist/tex/generic/pdftexcmds/pdftexcmds.sty
Package: pdftexcmds 2020-06-27 v0.33 Utility functions of pdfTeX for LuaTeX (HO
)

(/usr/share/texlive/texmf-dist/tex/generic/infwarerr/infwarerr.sty
Package: infwarerr 2019/12/03 v1.5 Providing info/warning/error messages (HO)
)
Package pdftexcmds Info: \pdf@primitive is available.
Package pdftexcmds Info: \pdf@ifprimitive is available.
Package pdftexcmds Info: \pdfdraftmode found.
))
(/usr/share/texlive/texmf-dist/tex/latex/hycolor/hycolor.sty
Package: hycolor 2020-01-27 v1.10 Color options for hyperref/bookmark (HO)
)
(/usr/share/texlive/texmf-dist/tex/latex/hyperref/nameref.sty
Package: nameref 2023-11-26 v2.56 Cross-referencing by name of section

(/usr/share/texlive/texmf-dist/tex/latex/refcount/refcount.sty
Package: refcount 2019/12/15 v3.6 Data extraction from label references (HO)
)
(/usr/share/texlive/texmf-dist/tex/generic/gettitlestring/gettitlestring.sty
Package: gettitlestring 2019/12/15 v1.6 Cleanup title references (HO)

(/usr/share/texlive/texmf-dist/tex/latex/kvoptions/kvoptions.sty
Package: kvoptions 2022-06-15 v3.15 Key value format for package options (HO)
))
\c@section@level=\count274
)
(/usr/share/texlive/texmf-dist/tex/latex/etoolbox/etoolbox.sty
Package: etoolbox 2025/02/11 v2.5l e-TeX tools for LaTeX (JAW)
\etb@tempcnta=\count275
)
(/usr/share/texlive/texmf-dist/tex/generic/stringenc/stringenc.sty
Package: stringenc 2019/11/29 v1.12 Convert strings between diff. encodings (HO
)
)
\@linkdim=\dimen152
\Hy@linkcounter=\count276
\Hy@pagecounter=\count277

(/usr/share/texlive/texmf-dist/tex/latex/hyperref/pd1enc.def
File: pd1enc.def 2024-11-05 v7.01l Hyperref: PDFDocEncoding definition (HO)
Now handling font encoding PD1 ...
... no UTF-8 mapping file for font encoding PD1
)
(/usr/share/texlive/texmf-dist/tex/generic/intcalc/intcalc.sty
Package: intcalc 2019/12/15 v1.3 Expandable calculations with integers (HO)
)
\Hy@SavedSpaceFactor=\count278

(/usr/share/texlive/texmf-dist/tex/latex/hyperref/puenc.def
File: puenc.def 2024-11-05 v7.01l Hyperref: PDF Unicode definition (HO)
Now handling font encoding PU ...
... no UTF-8 mapping file for font encoding PU
)
Package hyperref Info: Hyper figures OFF on input line 4157.
Package hyperref Info: Link nesting OFF on input line 4162.
Package hyperref Info: Hyper index ON on input line 4165.
Package hyperref Info: Plain pages OFF on input line 4172.
Package hyperref Info: Backreferencing OFF on input line 4177.
Package hyperref Info: Implicit mode ON; LaTeX internals redefined.
Package hyperref Info: Bookmarks ON on input line 4424.
\c@Hy@tempcnt=\count279

(/usr/share/texlive/texmf-dist/tex/latex/url/url.sty
\Urlmuskip=\muskip17
Package: url 2013/09/16  ver 3.4  Verb mode for urls, etc.
)
LaTeX Info: Redefining \url on input line 4763.
\XeTeXLinkMargin=\dimen153

(/usr/share/texlive/texmf-dist/tex/generic/bitset/bitset.sty
Package: bitset 2019/12/09 v1.3 Handle bit-vector datatype (HO)

(/usr/share/texlive/texmf-dist/tex/generic/bigintcalc/bigintcalc.sty
Package: bigintcalc 2019/12/15 v1.5 Expandable calculations on big integers (HO
)
))
\Fld@menulength=\count280
\Field@Width=\dimen154
\Fld@charsize=\dimen155
Package hyperref Info: Hyper figures OFF on input line 6042.
Package hyperref Info: Link nesting OFF on input line 6047.
Package hyperref Info: Hyper index ON on input line 6050.
Package hyperref Info: backreferencing OFF on input line 6057.
Package hyperref Info: Link coloring OFF on input line 6062.
Package hyperref Info: Link coloring with OCG OFF on input line 6067.
Package hyperref Info: PDF/A mode OFF on input line 6072.

(/usr/share/texlive/texmf-dist/tex/latex/base/atbegshi-ltx.sty
Package: atbegshi-ltx 2021/01/10 v1.0c Emulation of the original atbegshi
package with kernel methods
)
\Hy@abspage=\count281
\c@Item=\count282
\c@Hfootnote=\count283
)
Package hyperref Info: Driver (autodetected): hpdftex.

(/usr/share/texlive/texmf-dist/tex/latex/hyperref/hpdftex.def
File: hpdftex.def 2024-11-05 v7.01l Hyperref driver for pdfTeX

(/usr/share/texlive/texmf-dist/tex/latex/base/atveryend-ltx.sty
Package: atveryend-ltx 2020/08/19 v1.0a Emulation of the original atveryend pac
kage
with kernel methods
)
\Fld@listcount=\count284
\c@bookmark@seq@number=\count285

(/usr/share/texlive/texmf-dist/tex/latex/rerunfilecheck/rerunfilecheck.sty
Package: rerunfilecheck 2022-07-10 v1.10 Rerun checks for auxiliary files (HO)

(/usr/share/texlive/texmf-dist/tex/generic/uniquecounter/uniquecounter.sty
Package: uniquecounter 2019/12/15 v1.4 Provide unlimited unique counter (HO)
)
Package uniquecounter Info: New unique counter `rerunfilecheck' on input line 2
85.
)
\Hy@SectionHShift=\skip51
)
(/usr/share/texlive/texmf-dist/tex/latex/listings/listings.sty
\lst@mode=\count286
\lst@gtempboxa=\box52
\lst@token=\toks21
\lst@length=\count287
\lst@currlwidth=\dimen156
\lst@column=\count288
\lst@pos=\count289
\lst@lostspace=\dimen157
\lst@width=\dimen158
\lst@newlines=\count290
\lst@lineno=\count291
\lst@maxwidth=\dimen159

(/usr/share/texlive/texmf-dist/tex/latex/listings/lstpatch.sty
File: lstpatch.sty 2024/09/23 1.10c (Carsten Heinz)
)
(/usr/share/texlive/texmf-dist/tex/latex/listings/lstmisc.sty
File: lstmisc.sty 2024/09/23 1.10c (Carsten Heinz)
\c@lstnumber=\count292
\lst@skipnumbers=\count293
\lst@framebox=\box53
)
(/usr/share/texlive/texmf-dist/tex/latex/listings/listings.cfg
File: listings.cfg 2024/09/23 1.10c listings configuration
))
Package: listings 2024/09/23 1.10c (Carsten Heinz)

(/usr/share/texlive/texmf-dist/tex/latex/xcolor/xcolor.sty
Package: xcolor 2024/09/29 v3.02 LaTeX color extensions (UK)

(/usr/share/texlive/texmf-dist/tex/latex/graphics-cfg/color.cfg
File: color.cfg 2016/01/02 v1.6 sample color configuration
)
Package xcolor Info: Driver file: pdftex.def on input line 274.

(/usr/share/texlive/texmf-dist/tex/latex/graphics/mathcolor.ltx)
Package xcolor Info: Model `cmy' substituted by `cmy0' on input line 1349.
Package xcolor Info: Model `hsb' substituted by `rgb' on input line 1353.
Package xcolor Info: Model `RGB' extended on input line 1365.
Package xcolor Info: Model `HTML' substituted by `rgb' on input line 1367.
Package xcolor Info: Model `Hsb' substituted by `hsb' on input line 1368.
Package xcolor Info: Model `tHsb' substituted by `hsb' on input line 1369.
Package xcolor Info: Model `HSB' substituted by `hsb' on input line 1370.
Package xcolor Info: Model `Gray' substituted by `gray' on input line 1371.
Package xcolor Info: Model `wave' substituted by `hsb' on input line 1372.
)
(/usr/share/texlive/texmf-dist/tex/latex/booktabs/booktabs.sty
Package: booktabs 2020/01/12 v1.61803398 Publication quality tables
\heavyrulewidth=\dimen160
\lightrulewidth=\dimen161
\cmidrulewidth=\dimen162
\belowrulesep=\dimen163
\belowbottomsep=\dimen164
\aboverulesep=\dimen165
\abovetopsep=\dimen166
\cmidrulesep=\dimen167
\cmidrulekern=\dimen168
\defaultaddspace=\dimen169
\@cmidla=\count294
\@cmidlb=\count295
\@aboverulesep=\dimen170
\@belowrulesep=\dimen171
\@thisruleclass=\count296
\@lastruleclass=\count297
\@thisrulewidth=\dimen172
)
(/usr/share/texlive/texmf-dist/tex/latex/caption/caption.sty
Package: caption 2023/08/05 v3.6o Customizing captions (AR)

(/usr/share/texlive/texmf-dist/tex/latex/caption/caption3.sty
Package: caption3 2023/07/31 v2.4d caption3 kernel (AR)
\caption@tempdima=\dimen173
\captionmargin=\dimen174
\caption@leftmargin=\dimen175
\caption@rightmargin=\dimen176
\caption@width=\dimen177
\caption@indent=\dimen178
\caption@parindent=\dimen179
\caption@hangindent=\dimen180
Package caption Info: Standard document class detected.
)
\c@caption@flags=\count298
\c@continuedfloat=\count299
Package caption Info: hyperref package is loaded.
Package caption Info: listings package is loaded.
)
(/usr/share/texlive/texmf-dist/tex/latex/caption/subcaption.sty
Package: subcaption 2023/07/28 v1.6b Sub-captions (AR)
Package caption Info: New subtype `subfigure' on input line 238.
\c@subfigure=\count300
Package caption Info: New subtype `subtable' on input line 238.
\c@subtable=\count301
)
(/usr/share/texlive/texmf-dist/tex/latex/amsmath/amsmath.sty
Package: amsmath 2024/11/05 v2.17t AMS math features
\@mathmargin=\skip52

For additional information on amsmath, use the `?' option.
(/usr/share/texlive/texmf-dist/tex/latex/amsmath/amstext.sty
Package: amstext 2021/08/26 v2.01 AMS text

(/usr/share/texlive/texmf-dist/tex/latex/amsmath/amsgen.sty
File: amsgen.sty 1999/11/30 v2.0 generic functions
\@emptytoks=\toks22
\ex@=\dimen181
))
(/usr/share/texlive/texmf-dist/tex/latex/amsmath/amsbsy.sty
Package: amsbsy 1999/11/29 v1.2d Bold Symbols
\pmbraise@=\dimen182
)
(/usr/share/texlive/texmf-dist/tex/latex/amsmath/amsopn.sty
Package: amsopn 2022/04/08 v2.04 operator names
)
\inf@bad=\count302
LaTeX Info: Redefining \frac on input line 233.
\uproot@=\count303
\leftroot@=\count304
LaTeX Info: Redefining \overline on input line 398.
LaTeX Info: Redefining \colon on input line 409.
\classnum@=\count305
\DOTSCASE@=\count306
LaTeX Info: Redefining \ldots on input line 495.
LaTeX Info: Redefining \dots on input line 498.
LaTeX Info: Redefining \cdots on input line 619.
\Mathstrutbox@=\box54
\strutbox@=\box55
LaTeX Info: Redefining \big on input line 721.
LaTeX Info: Redefining \Big on input line 722.
LaTeX Info: Redefining \bigg on input line 723.
LaTeX Info: Redefining \Bigg on input line 724.
\big@size=\dimen183
LaTeX Font Info:    Redeclaring font encoding OML on input line 742.
LaTeX Font Info:    Redeclaring font encoding OMS on input line 743.
\macc@depth=\count307
LaTeX Info: Redefining \bmod on input line 904.
LaTeX Info: Redefining \pmod on input line 909.
LaTeX Info: Redefining \smash on input line 939.
LaTeX Info: Redefining \relbar on input line 969.
LaTeX Info: Redefining \Relbar on input line 970.
\c@MaxMatrixCols=\count308
\dotsspace@=\muskip18
\c@parentequation=\count309
\dspbrk@lvl=\count310
\tag@help=\toks23
\row@=\count311
\column@=\count312
\maxfields@=\count313
\andhelp@=\toks24
\eqnshift@=\dimen184
\alignsep@=\dimen185
\tagshift@=\dimen186
\tagwidth@=\dimen187
\totwidth@=\dimen188
\lineht@=\dimen189
\@envbody=\toks25
\multlinegap=\skip53
\multlinetaggap=\skip54
\mathdisplay@stack=\toks26
LaTeX Info: Redefining \[ on input line 2953.
LaTeX Info: Redefining \] on input line 2954.
)
(/usr/share/texlive/texmf-dist/tex/latex/amsfonts/amssymb.sty
Package: amssymb 2013/01/14 v3.01 AMS font symbols

(/usr/share/texlive/texmf-dist/tex/latex/amsfonts/amsfonts.sty
Package: amsfonts 2013/01/14 v3.01 Basic AMSFonts support
\symAMSa=\mathgroup4
\symAMSb=\mathgroup5
LaTeX Font Info:    Redeclaring math symbol \hbar on input line 98.
LaTeX Font Info:    Overwriting math alphabet `\mathfrak' in version `bold'
(Font)                  U/euf/m/n --> U/euf/b/n on input line 106.
))
(/usr/share/texlive/texmf-dist/tex/latex/cite/cite.sty
LaTeX Info: Redefining \cite on input line 302.
LaTeX Info: Redefining \nocite on input line 332.
Package: cite 2015/02/27  v 5.5
)
(/usr/share/texlive/texmf-dist/tex/latex/acronym/acronym.sty
Package: acronym 2025/01/17 v1.50 Support for acronyms (Tobias Oetiker)

(/usr/share/texlive/texmf-dist/tex/latex/bigfoot/suffix.sty
Package: suffix 2006/07/15 1.5a Variant command support
)
(/usr/share/texlive/texmf-dist/tex/generic/xstring/xstring.sty
(/usr/share/texlive/texmf-dist/tex/generic/xstring/xstring.tex
\xs_counta=\count314
\xs_countb=\count315
)
Package: xstring 2023/08/22 v1.86 String manipulations (CT)
)
\AC@clearlist=\toks27
)
(/usr/share/texlive/texmf-dist/tex/latex/setspace/setspace.sty
Package: setspace 2022/12/04 v6.7b set line spacing
)
(/usr/share/texlive/texmf-dist/tex/latex/fancyhdr/fancyhdr.sty
Package: fancyhdr 2025/02/07 v5.2 Extensive control of page headers and footers

\f@nch@headwidth=\skip55
\f@nch@offset@elh=\skip56
\f@nch@offset@erh=\skip57
\f@nch@offset@olh=\skip58
\f@nch@offset@orh=\skip59
\f@nch@offset@elf=\skip60
\f@nch@offset@erf=\skip61
\f@nch@offset@olf=\skip62
\f@nch@offset@orf=\skip63
\f@nch@height=\skip64
\f@nch@footalignment=\skip65
\f@nch@widthL=\skip66
\f@nch@widthC=\skip67
\f@nch@widthR=\skip68
\@temptokenb=\toks28
)
(/usr/share/texlive/texmf-dist/tex/latex/tools/longtable.sty
Package: longtable 2024-10-27 v4.22 Multi-page Table package (DPC)
\LTleft=\skip69
\LTright=\skip70
\LTpre=\skip71
\LTpost=\skip72
\LTchunksize=\count316
\LTcapwidth=\dimen190
\LT@head=\box56
\LT@firsthead=\box57
\LT@foot=\box58
\LT@lastfoot=\box59
\LT@gbox=\box60
\LT@cols=\count317
\LT@rows=\count318
\c@LT@tables=\count319
\c@LT@chunks=\count320
\LT@p@ftn=\toks29
)
(/usr/share/texlive/texmf-dist/tex/latex/colortbl/colortbl.sty
Package: colortbl 2024/07/06 v1.0i Color table columns (DPC)

(/usr/share/texlive/texmf-dist/tex/latex/tools/array.sty
Package: array 2024/10/17 v2.6g Tabular extension package (FMi)
\col@sep=\dimen191
\ar@mcellbox=\box61
\extrarowheight=\dimen192
\NC@list=\toks30
\extratabsurround=\skip73
\backup@length=\skip74
\ar@cellbox=\box62
)
\everycr=\toks31
\minrowclearance=\skip75
\rownum=\count321
)
(/usr/share/texlive/texmf-dist/tex/latex/pgf/frontendlayer/tikz.sty
(/usr/share/texlive/texmf-dist/tex/latex/pgf/basiclayer/pgf.sty
(/usr/share/texlive/texmf-dist/tex/latex/pgf/utilities/pgfrcs.sty
(/usr/share/texlive/texmf-dist/tex/generic/pgf/utilities/pgfutil-common.tex
\pgfutil@everybye=\toks32
\pgfutil@tempdima=\dimen193
\pgfutil@tempdimb=\dimen194
)
(/usr/share/texlive/texmf-dist/tex/generic/pgf/utilities/pgfutil-latex.def
\pgfutil@abb=\box63
)
(/usr/share/texlive/texmf-dist/tex/generic/pgf/utilities/pgfrcs.code.tex
(/usr/share/texlive/texmf-dist/tex/generic/pgf/pgf.revision.tex)
Package: pgfrcs 2023-01-15 v3.1.10 (3.1.10)
))
Package: pgf 2023-01-15 v3.1.10 (3.1.10)

(/usr/share/texlive/texmf-dist/tex/latex/pgf/basiclayer/pgfcore.sty
(/usr/share/texlive/texmf-dist/tex/latex/pgf/systemlayer/pgfsys.sty
(/usr/share/texlive/texmf-dist/tex/generic/pgf/systemlayer/pgfsys.code.tex
Package: pgfsys 2023-01-15 v3.1.10 (3.1.10)

(/usr/share/texlive/texmf-dist/tex/generic/pgf/utilities/pgfkeys.code.tex
\pgfkeys@pathtoks=\toks33
\pgfkeys@temptoks=\toks34

(/usr/share/texlive/texmf-dist/tex/generic/pgf/utilities/pgfkeyslibraryfiltered
.code.tex
\pgfkeys@tmptoks=\toks35
))
\pgf@x=\dimen195
\pgf@y=\dimen196
\pgf@xa=\dimen197
\pgf@ya=\dimen198
\pgf@xb=\dimen199
\pgf@yb=\dimen256
\pgf@xc=\dimen257
\pgf@yc=\dimen258
\pgf@xd=\dimen259
\pgf@yd=\dimen260
\w@pgf@writea=\write3
\r@pgf@reada=\read2
\c@pgf@counta=\count322
\c@pgf@countb=\count323
\c@pgf@countc=\count324
\c@pgf@countd=\count325
\t@pgf@toka=\toks36
\t@pgf@tokb=\toks37
\t@pgf@tokc=\toks38
\pgf@sys@id@count=\count326
 (/usr/share/texlive/texmf-dist/tex/generic/pgf/systemlayer/pgf.cfg
File: pgf.cfg 2023-01-15 v3.1.10 (3.1.10)
)
Driver file for pgf: pgfsys-pdftex.def
(/usr/share/texlive/texmf-dist/tex/generic/pgf/systemlayer/pgfsys-pdftex.def
File: pgfsys-pdftex.def 2023-01-15 v3.1.10 (3.1.10)

(/usr/share/texlive/texmf-dist/tex/generic/pgf/systemlayer/pgfsys-common-pdf.de
f
File: pgfsys-common-pdf.def 2023-01-15 v3.1.10 (3.1.10)
)))
(/usr/share/texlive/texmf-dist/tex/generic/pgf/systemlayer/pgfsyssoftpath.code.
tex
File: pgfsyssoftpath.code.tex 2023-01-15 v3.1.10 (3.1.10)
\pgfsyssoftpath@smallbuffer@items=\count327
\pgfsyssoftpath@bigbuffer@items=\count328
)
(/usr/share/texlive/texmf-dist/tex/generic/pgf/systemlayer/pgfsysprotocol.code.
tex
File: pgfsysprotocol.code.tex 2023-01-15 v3.1.10 (3.1.10)
))
(/usr/share/texlive/texmf-dist/tex/generic/pgf/basiclayer/pgfcore.code.tex
Package: pgfcore 2023-01-15 v3.1.10 (3.1.10)

(/usr/share/texlive/texmf-dist/tex/generic/pgf/math/pgfmath.code.tex
(/usr/share/texlive/texmf-dist/tex/generic/pgf/math/pgfmathutil.code.tex)
(/usr/share/texlive/texmf-dist/tex/generic/pgf/math/pgfmathparser.code.tex
\pgfmath@dimen=\dimen261
\pgfmath@count=\count329
\pgfmath@box=\box64
\pgfmath@toks=\toks39
\pgfmath@stack@operand=\toks40
\pgfmath@stack@operation=\toks41
)
(/usr/share/texlive/texmf-dist/tex/generic/pgf/math/pgfmathfunctions.code.tex)
(/usr/share/texlive/texmf-dist/tex/generic/pgf/math/pgfmathfunctions.basic.code
.tex)
(/usr/share/texlive/texmf-dist/tex/generic/pgf/math/pgfmathfunctions.trigonomet
ric.code.tex)
(/usr/share/texlive/texmf-dist/tex/generic/pgf/math/pgfmathfunctions.random.cod
e.tex)
(/usr/share/texlive/texmf-dist/tex/generic/pgf/math/pgfmathfunctions.comparison
.code.tex)
(/usr/share/texlive/texmf-dist/tex/generic/pgf/math/pgfmathfunctions.base.code.
tex)
(/usr/share/texlive/texmf-dist/tex/generic/pgf/math/pgfmathfunctions.round.code
.tex)
(/usr/share/texlive/texmf-dist/tex/generic/pgf/math/pgfmathfunctions.misc.code.
tex)
(/usr/share/texlive/texmf-dist/tex/generic/pgf/math/pgfmathfunctions.integerari
thmetics.code.tex)
(/usr/share/texlive/texmf-dist/tex/generic/pgf/math/pgfmathcalc.code.tex)
(/usr/share/texlive/texmf-dist/tex/generic/pgf/math/pgfmathfloat.code.tex
\c@pgfmathroundto@lastzeros=\count330
))
(/usr/share/texlive/texmf-dist/tex/generic/pgf/math/pgfint.code.tex)
(/usr/share/texlive/texmf-dist/tex/generic/pgf/basiclayer/pgfcorepoints.code.te
x
File: pgfcorepoints.code.tex 2023-01-15 v3.1.10 (3.1.10)
\pgf@picminx=\dimen262
\pgf@picmaxx=\dimen263
\pgf@picminy=\dimen264
\pgf@picmaxy=\dimen265
\pgf@pathminx=\dimen266
\pgf@pathmaxx=\dimen267
\pgf@pathminy=\dimen268
\pgf@pathmaxy=\dimen269
\pgf@xx=\dimen270
\pgf@xy=\dimen271
\pgf@yx=\dimen272
\pgf@yy=\dimen273
\pgf@zx=\dimen274
\pgf@zy=\dimen275
)
(/usr/share/texlive/texmf-dist/tex/generic/pgf/basiclayer/pgfcorepathconstruct.
code.tex
File: pgfcorepathconstruct.code.tex 2023-01-15 v3.1.10 (3.1.10)
\pgf@path@lastx=\dimen276
\pgf@path@lasty=\dimen277
)
(/usr/share/texlive/texmf-dist/tex/generic/pgf/basiclayer/pgfcorepathusage.code
.tex
File: pgfcorepathusage.code.tex 2023-01-15 v3.1.10 (3.1.10)
\pgf@shorten@end@additional=\dimen278
\pgf@shorten@start@additional=\dimen279
)
(/usr/share/texlive/texmf-dist/tex/generic/pgf/basiclayer/pgfcorescopes.code.te
x
File: pgfcorescopes.code.tex 2023-01-15 v3.1.10 (3.1.10)
\pgfpic=\box65
\pgf@hbox=\box66
\pgf@layerbox@main=\box67
\pgf@picture@serial@count=\count331
)
(/usr/share/texlive/texmf-dist/tex/generic/pgf/basiclayer/pgfcoregraphicstate.c
ode.tex
File: pgfcoregraphicstate.code.tex 2023-01-15 v3.1.10 (3.1.10)
\pgflinewidth=\dimen280
)
(/usr/share/texlive/texmf-dist/tex/generic/pgf/basiclayer/pgfcoretransformation
s.code.tex
File: pgfcoretransformations.code.tex 2023-01-15 v3.1.10 (3.1.10)
\pgf@pt@x=\dimen281
\pgf@pt@y=\dimen282
\pgf@pt@temp=\dimen283
)
(/usr/share/texlive/texmf-dist/tex/generic/pgf/basiclayer/pgfcorequick.code.tex
File: pgfcorequick.code.tex 2023-01-15 v3.1.10 (3.1.10)
)
(/usr/share/texlive/texmf-dist/tex/generic/pgf/basiclayer/pgfcoreobjects.code.t
ex
File: pgfcoreobjects.code.tex 2023-01-15 v3.1.10 (3.1.10)
)
(/usr/share/texlive/texmf-dist/tex/generic/pgf/basiclayer/pgfcorepathprocessing
.code.tex
File: pgfcorepathprocessing.code.tex 2023-01-15 v3.1.10 (3.1.10)
)
(/usr/share/texlive/texmf-dist/tex/generic/pgf/basiclayer/pgfcorearrows.code.te
x
File: pgfcorearrows.code.tex 2023-01-15 v3.1.10 (3.1.10)
\pgfarrowsep=\dimen284
)
(/usr/share/texlive/texmf-dist/tex/generic/pgf/basiclayer/pgfcoreshade.code.tex
File: pgfcoreshade.code.tex 2023-01-15 v3.1.10 (3.1.10)
\pgf@max=\dimen285
\pgf@sys@shading@range@num=\count332
\pgf@shadingcount=\count333
)
(/usr/share/texlive/texmf-dist/tex/generic/pgf/basiclayer/pgfcoreimage.code.tex
File: pgfcoreimage.code.tex 2023-01-15 v3.1.10 (3.1.10)
)
(/usr/share/texlive/texmf-dist/tex/generic/pgf/basiclayer/pgfcoreexternal.code.
tex
File: pgfcoreexternal.code.tex 2023-01-15 v3.1.10 (3.1.10)
\pgfexternal@startupbox=\box68
)
(/usr/share/texlive/texmf-dist/tex/generic/pgf/basiclayer/pgfcorelayers.code.te
x
File: pgfcorelayers.code.tex 2023-01-15 v3.1.10 (3.1.10)
)
(/usr/share/texlive/texmf-dist/tex/generic/pgf/basiclayer/pgfcoretransparency.c
ode.tex
File: pgfcoretransparency.code.tex 2023-01-15 v3.1.10 (3.1.10)
)
(/usr/share/texlive/texmf-dist/tex/generic/pgf/basiclayer/pgfcorepatterns.code.
tex
File: pgfcorepatterns.code.tex 2023-01-15 v3.1.10 (3.1.10)
)
(/usr/share/texlive/texmf-dist/tex/generic/pgf/basiclayer/pgfcorerdf.code.tex
File: pgfcorerdf.code.tex 2023-01-15 v3.1.10 (3.1.10)
)))
(/usr/share/texlive/texmf-dist/tex/generic/pgf/modules/pgfmoduleshapes.code.tex
File: pgfmoduleshapes.code.tex 2023-01-15 v3.1.10 (3.1.10)
\pgfnodeparttextbox=\box69
) (/usr/share/texlive/texmf-dist/tex/generic/pgf/modules/pgfmoduleplot.code.tex
File: pgfmoduleplot.code.tex 2023-01-15 v3.1.10 (3.1.10)
)
(/usr/share/texlive/texmf-dist/tex/latex/pgf/compatibility/pgfcomp-version-0-65
.sty
Package: pgfcomp-version-0-65 2023-01-15 v3.1.10 (3.1.10)
\pgf@nodesepstart=\dimen286
\pgf@nodesepend=\dimen287
)
(/usr/share/texlive/texmf-dist/tex/latex/pgf/compatibility/pgfcomp-version-1-18
.sty
Package: pgfcomp-version-1-18 2023-01-15 v3.1.10 (3.1.10)
)) (/usr/share/texlive/texmf-dist/tex/latex/pgf/utilities/pgffor.sty
(/usr/share/texlive/texmf-dist/tex/latex/pgf/utilities/pgfkeys.sty
(/usr/share/texlive/texmf-dist/tex/generic/pgf/utilities/pgfkeys.code.tex))
(/usr/share/texlive/texmf-dist/tex/latex/pgf/math/pgfmath.sty
(/usr/share/texlive/texmf-dist/tex/generic/pgf/math/pgfmath.code.tex))
(/usr/share/texlive/texmf-dist/tex/generic/pgf/utilities/pgffor.code.tex
Package: pgffor 2023-01-15 v3.1.10 (3.1.10)
\pgffor@iter=\dimen288
\pgffor@skip=\dimen289
\pgffor@stack=\toks42
\pgffor@toks=\toks43
))
(/usr/share/texlive/texmf-dist/tex/generic/pgf/frontendlayer/tikz/tikz.code.tex
Package: tikz 2023-01-15 v3.1.10 (3.1.10)

(/usr/share/texlive/texmf-dist/tex/generic/pgf/libraries/pgflibraryplothandlers
.code.tex
File: pgflibraryplothandlers.code.tex 2023-01-15 v3.1.10 (3.1.10)
\pgf@plot@mark@count=\count334
\pgfplotmarksize=\dimen290
)
\tikz@lastx=\dimen291
\tikz@lasty=\dimen292
\tikz@lastxsaved=\dimen293
\tikz@lastysaved=\dimen294
\tikz@lastmovetox=\dimen295
\tikz@lastmovetoy=\dimen296
\tikzleveldistance=\dimen297
\tikzsiblingdistance=\dimen298
\tikz@figbox=\box70
\tikz@figbox@bg=\box71
\tikz@tempbox=\box72
\tikz@tempbox@bg=\box73
\tikztreelevel=\count335
\tikznumberofchildren=\count336
\tikznumberofcurrentchild=\count337
\tikz@fig@count=\count338

(/usr/share/texlive/texmf-dist/tex/generic/pgf/modules/pgfmodulematrix.code.tex
File: pgfmodulematrix.code.tex 2023-01-15 v3.1.10 (3.1.10)
\pgfmatrixcurrentrow=\count339
\pgfmatrixcurrentcolumn=\count340
\pgf@matrix@numberofcolumns=\count341
)
\tikz@expandcount=\count342

(/usr/share/texlive/texmf-dist/tex/generic/pgf/frontendlayer/tikz/libraries/tik
zlibrarytopaths.code.tex
File: tikzlibrarytopaths.code.tex 2023-01-15 v3.1.10 (3.1.10)
)))
(/usr/share/texlive/texmf-dist/tex/generic/pgf/frontendlayer/tikz/libraries/tik
zlibraryshapes.geometric.code.tex
File: tikzlibraryshapes.geometric.code.tex 2023-01-15 v3.1.10 (3.1.10)

(/usr/share/texlive/texmf-dist/tex/generic/pgf/libraries/shapes/pgflibraryshape
s.geometric.code.tex
File: pgflibraryshapes.geometric.code.tex 2023-01-15 v3.1.10 (3.1.10)
))
(/usr/share/texlive/texmf-dist/tex/generic/pgf/frontendlayer/tikz/libraries/tik
zlibraryshapes.misc.code.tex
File: tikzlibraryshapes.misc.code.tex 2023-01-15 v3.1.10 (3.1.10)

(/usr/share/texlive/texmf-dist/tex/generic/pgf/libraries/shapes/pgflibraryshape
s.misc.code.tex
File: pgflibraryshapes.misc.code.tex 2023-01-15 v3.1.10 (3.1.10)
))
(/usr/share/texlive/texmf-dist/tex/generic/pgf/libraries/pgflibraryarrows.meta.
code.tex
File: pgflibraryarrows.meta.code.tex 2023-01-15 v3.1.10 (3.1.10)
\pgfarrowinset=\dimen299
\pgfarrowlength=\dimen300
\pgfarrowwidth=\dimen301
\pgfarrowlinewidth=\dimen302
)
(/usr/share/texlive/texmf-dist/tex/generic/pgf/frontendlayer/tikz/libraries/tik
zlibraryfit.code.tex
File: tikzlibraryfit.code.tex 2023-01-15 v3.1.10 (3.1.10)
)
(/usr/share/texlive/texmf-dist/tex/generic/pgf/frontendlayer/tikz/libraries/tik
zlibrarybackgrounds.code.tex
File: tikzlibrarybackgrounds.code.tex 2023-01-15 v3.1.10 (3.1.10)
\pgf@layerbox@background=\box74
\pgf@layerboxsaved@background=\box75
)
(/usr/share/texlive/texmf-dist/tex/generic/pgf/frontendlayer/tikz/libraries/tik
zlibrarypositioning.code.tex
File: tikzlibrarypositioning.code.tex 2023-01-15 v3.1.10 (3.1.10)
)
(/usr/share/texlive/texmf-dist/tex/generic/pgf/frontendlayer/tikz/libraries/tik
zlibrarycalc.code.tex
File: tikzlibrarycalc.code.tex 2023-01-15 v3.1.10 (3.1.10)
) (/usr/share/texlive/texmf-dist/tex/latex/float/float.sty
Package: float 2001/11/08 v1.3d Float enhancements (AL)
\c@float@type=\count343
\float@exts=\toks44
\float@box=\box76
\@float@everytoks=\toks45
\@floatcapt=\box77
)
Package hyperref Info: Option `colorlinks' set `true' on input line 34.
LaTeX Font Info:    Trying to load font information for T1+lmr on input line 62
.
 (/usr/share/texmf/tex/latex/lm/t1lmr.fd
File: t1lmr.fd 2015/05/01 v1.6.1 Font defs for Latin Modern
)
(/usr/share/texlive/texmf-dist/tex/latex/l3backend/l3backend-pdftex.def
File: l3backend-pdftex.def 2024-05-08 L3 backend support: PDF output (pdfTeX)
\l__color_backend_stack_int=\count344
\l__pdf_internal_box=\box78
)
(./main.aux)
\openout1 = `main.aux'.

LaTeX Font Info:    Checking defaults for OML/cmm/m/it on input line 62.
LaTeX Font Info:    ... okay on input line 62.
LaTeX Font Info:    Checking defaults for OMS/cmsy/m/n on input line 62.
LaTeX Font Info:    ... okay on input line 62.
LaTeX Font Info:    Checking defaults for OT1/cmr/m/n on input line 62.
LaTeX Font Info:    ... okay on input line 62.
LaTeX Font Info:    Checking defaults for T1/cmr/m/n on input line 62.
LaTeX Font Info:    ... okay on input line 62.
LaTeX Font Info:    Checking defaults for TS1/cmr/m/n on input line 62.
LaTeX Font Info:    ... okay on input line 62.
LaTeX Font Info:    Checking defaults for OMX/cmex/m/n on input line 62.
LaTeX Font Info:    ... okay on input line 62.
LaTeX Font Info:    Checking defaults for U/cmr/m/n on input line 62.
LaTeX Font Info:    ... okay on input line 62.
LaTeX Font Info:    Checking defaults for PD1/pdf/m/n on input line 62.
LaTeX Font Info:    ... okay on input line 62.
LaTeX Font Info:    Checking defaults for PU/pdf/m/n on input line 62.
LaTeX Font Info:    ... okay on input line 62.

*geometry* driver: auto-detecting
*geometry* detected driver: pdftex
*geometry* verbose mode - [ preamble ] result:
* driver: pdftex
* paper: a4paper
* layout: <same size as paper>
* layoutoffset:(h,v)=(0.0pt,0.0pt)
* modes: 
* h-part:(L,W,R)=(71.13188pt, 455.24411pt, 71.13188pt)
* v-part:(T,H,B)=(71.13188pt, 702.78308pt, 71.13188pt)
* \paperwidth=597.50787pt
* \paperheight=845.04684pt
* \textwidth=455.24411pt
* \textheight=702.78308pt
* \oddsidemargin=-1.1381pt
* \evensidemargin=-1.1381pt
* \topmargin=-40.6381pt
* \headheight=14.5pt
* \headsep=25.0pt
* \topskip=12.0pt
* \footskip=30.0pt
* \marginparwidth=35.0pt
* \marginparsep=10.0pt
* \columnsep=10.0pt
* \skip\footins=10.8pt plus 4.0pt minus 2.0pt
* \hoffset=0.0pt
* \voffset=0.0pt
* \mag=1000
* \@twocolumnfalse
* \@twosidefalse
* \@mparswitchfalse
* \@reversemarginfalse
* (1in=72.27pt=25.4mm, 1cm=28.453pt)

(/usr/share/texlive/texmf-dist/tex/context/base/mkii/supp-pdf.mkii
[Loading MPS to PDF converter (version 2006.09.02).]
\scratchcounter=\count345
\scratchdimen=\dimen303
\scratchbox=\box79
\nofMPsegments=\count346
\nofMParguments=\count347
\everyMPshowfont=\toks46
\MPscratchCnt=\count348
\MPscratchDim=\dimen304
\MPnumerator=\count349
\makeMPintoPDFobject=\count350
\everyMPtoPDFconversion=\toks47
) (/usr/share/texlive/texmf-dist/tex/latex/epstopdf-pkg/epstopdf-base.sty
Package: epstopdf-base 2020-01-24 v2.11 Base part for package epstopdf
Package epstopdf-base Info: Redefining graphics rule for `.eps' on input line 4
85.

(/usr/share/texlive/texmf-dist/tex/latex/latexconfig/epstopdf-sys.cfg
File: epstopdf-sys.cfg 2010/07/13 v1.3 Configuration of (r)epstopdf for TeX Liv
e
))
Package hyperref Info: Link coloring ON on input line 62.

(./main.out) (./main.out)
\@outlinefile=\write4
\openout4 = `main.out'.

\c@lstlisting=\count351
Package caption Info: Begin \AtBeginDocument code.
Package caption Info: float package is loaded.
Package caption Info: longtable package is loaded.

(/usr/share/texlive/texmf-dist/tex/latex/caption/ltcaption.sty
Package: ltcaption 2021/01/08 v1.4c longtable captions (AR)
)
Package caption Info: End \AtBeginDocument code.

(./sections/titlepage.tex

[1

{/var/lib/texmf/fonts/map/pdftex/updmap/pdftex.map}{/usr/share/texmf/fonts/enc/
dvips/lm/lm-ec.enc}]) (./main.toc
LaTeX Font Info:    Trying to load font information for OT1+lmr on input line 2
.
 (/usr/share/texmf/tex/latex/lm/ot1lmr.fd
File: ot1lmr.fd 2015/05/01 v1.6.1 Font defs for Latin Modern
)
LaTeX Font Info:    Trying to load font information for OML+lmm on input line 2
.

(/usr/share/texmf/tex/latex/lm/omllmm.fd
File: omllmm.fd 2015/05/01 v1.6.1 Font defs for Latin Modern
)
LaTeX Font Info:    Trying to load font information for OMS+lmsy on input line 
2.

(/usr/share/texmf/tex/latex/lm/omslmsy.fd
File: omslmsy.fd 2015/05/01 v1.6.1 Font defs for Latin Modern
)
LaTeX Font Info:    Trying to load font information for OMX+lmex on input line 
2.

(/usr/share/texmf/tex/latex/lm/omxlmex.fd
File: omxlmex.fd 2015/05/01 v1.6.1 Font defs for Latin Modern
)
LaTeX Font Info:    External font `lmex10' loaded for size
(Font)              <12> on input line 2.
LaTeX Font Info:    External font `lmex10' loaded for size
(Font)              <8> on input line 2.
LaTeX Font Info:    External font `lmex10' loaded for size
(Font)              <6> on input line 2.
LaTeX Font Info:    Trying to load font information for U+msa on input line 2.

(/usr/share/texlive/texmf-dist/tex/latex/amsfonts/umsa.fd
File: umsa.fd 2013/01/14 v3.01 AMS symbols A
)
LaTeX Font Info:    Trying to load font information for U+msb on input line 2.

(/usr/share/texlive/texmf-dist/tex/latex/amsfonts/umsb.fd
File: umsb.fd 2013/01/14 v3.01 AMS symbols B
)

[1

]
LaTeX Font Info:    Trying to load font information for T1+lmtt on input line 5
9.
 (/usr/share/texmf/tex/latex/lm/t1lmtt.fd
File: t1lmtt.fd 2015/05/01 v1.6.1 Font defs for Latin Modern
)

[2])
\tf@toc=\write5
\openout5 = `main.toc'.



[3] (./main.lof)
\tf@lof=\write6
\openout6 = `main.lof'.



[4

{/usr/share/texmf/fonts/enc/dvips/lm/lm-mathsy.enc}] (./main.lot)
\tf@lot=\write7
\openout7 = `main.lot'.



[5

] (./sections/introduction.tex
Chapter 1.



pdfTeX warning (ext4): destination with the same identifier (name{page.1}) has 
been already used, duplicate ignored
<to be read again> 
                   \relax 
l.18 
      [1

]
LaTeX Font Info:    Trying to load font information for TS1+lmr on input line 2
0.
 (/usr/share/texmf/tex/latex/lm/ts1lmr.fd
File: ts1lmr.fd 2015/05/01 v1.6.1 Font defs for Latin Modern
)

[2{/usr/share/texmf/fonts/enc/dvips/lm/lm-ts1.enc}]
Overfull \hbox (0.13995pt too wide) in paragraph at lines 49--50
[]\T1/lmr/m/n/12 A Python or-ches-tra-tion CLI (\T1/lmtt/m/n/12 rpi5-build\T1/l
mr/m/n/12 ) with a \T1/lmtt/m/n/12 BuildContext \T1/lmr/m/n/12 shared state mod
el,
 []

) (./sections/background.tex

[3]

[4]
Chapter 2.


[5

]

[6] (/usr/share/texlive/texmf-dist/tex/latex/listings/lstlang1.sty
File: lstlang1.sty 2024/09/23 1.10c listings language file
)
(/usr/share/texlive/texmf-dist/tex/latex/listings/lstlang1.sty
File: lstlang1.sty 2024/09/23 1.10c listings language file
)

[7]
Overfull \hbox (19.92967pt too wide) in paragraph at lines 102--103
\T1/lmr/m/n/12 relevant cmd-line flags (ex: \T1/lmtt/m/n/12 androidboot.verifie
dbootstate\T1/lmr/m/n/12 ) to be integrity-protected. 
 []

<figures/avb_basic_partitions.png, id=670, 709.65125pt x 165.61874pt>
File: figures/avb_basic_partitions.png Graphic file (type png)
<use figures/avb_basic_partitions.png>
Package pdftex.def Info: figures/avb_basic_partitions.png  used on input line 1
13.
(pdftex.def)             Requested size: 455.24411pt x 106.24834pt.
<figures/avb_chained_partition.png, id=675, 814.04124pt x 166.6225pt>
File: figures/avb_chained_partition.png Graphic file (type png)
<use figures/avb_chained_partition.png>
Package pdftex.def Info: figures/avb_chained_partition.png  used on input line 
122.
(pdftex.def)             Requested size: 455.24411pt x 93.18083pt.

LaTeX Warning: `h' float specifier changed to `ht'.



[8 <./figures/avb_basic_partitions.png>]
<figures/avb_rollback_indexes.png, id=687, 812.03375pt x 168.63pt>
File: figures/avb_rollback_indexes.png Graphic file (type png)
<use figures/avb_rollback_indexes.png>
Package pdftex.def Info: figures/avb_rollback_indexes.png  used on input line 1
36.
(pdftex.def)             Requested size: 386.96027pt x 80.35738pt.
<figures/avb_stored_rollback_indexes.png, id=690, 157.58875pt x 146.5475pt>
File: figures/avb_stored_rollback_indexes.png Graphic file (type png)
<use figures/avb_stored_rollback_indexes.png>
Package pdftex.def Info: figures/avb_stored_rollback_indexes.png  used on input
 line 143.
(pdftex.def)             Requested size: 273.14923pt x 254.05138pt.


LaTeX Warning: `h' float specifier changed to `ht'.


Overfull \hbox (0.75204pt too wide) in paragraph at lines 159--160
[]\T1/lmr/m/n/12 The four boot colour states re-ported via \T1/lmtt/m/n/12 andr
oidboot.verifiedbootstate \T1/lmr/m/n/12 are: \T1/lmtt/m/n/12 green
 []



[9 <./figures/avb_chained_partition.png> <./figures/avb_rollback_indexes.png>]
<figures/avb_ab_partitions.png, id=702, 890.32625pt x 131.49126pt>
File: figures/avb_ab_partitions.png Graphic file (type png)
<use figures/avb_ab_partitions.png>
Package pdftex.def Info: figures/avb_ab_partitions.png  used on input line 168.

(pdftex.def)             Requested size: 455.24411pt x 67.23419pt.
LaTeX Font Info:    Font shape `T1/lmtt/bx/n' in size <12> not available
(Font)              Font shape `T1/lmtt/b/n' tried instead on input line 180.


[10 <./figures/avb_stored_rollback_indexes.png> <./figures/avb_ab_partitions.pn
g>]
<figures/avb_boot_flow.png, id=717, 1208.515pt x 616.3025pt>
File: figures/avb_boot_flow.png Graphic file (type png)
<use figures/avb_boot_flow.png>
Package pdftex.def Info: figures/avb_boot_flow.png  used on input line 191.
(pdftex.def)             Requested size: 341.43307pt x 174.11517pt.


[11 <./figures/avb_boot_flow.png>]

[12]
Overfull \hbox (160.63104pt too wide) in paragraph at lines 259--260
[]\T1/lmr/m/n/12 Encryption is con-fig-ured via \T1/lmtt/m/n/12 fstab \T1/lmr/m
/n/12 flags on the \T1/lmtt/m/n/12 userdata \T1/lmr/m/n/12 par-ti-tion: \T1/lmt
t/m/n/12 fileencryption=aes-256-xts:aes-256-cts:v2\T1/lmr/m/n/12 .
 []



[13]

[14]
LaTeX Font Info:    External font `lmex10' loaded for size
(Font)              <10.95> on input line 302.

Overfull \hbox (26.0207pt too wide) in paragraph at lines 302--313
 [][] 
 []

) (./sections/architecture.tex

[15{/usr/share/texmf/fonts/enc/dvips/lm/lm-rm.enc}]
Chapter 3.


[16

]

[17]
Overfull \hbox (34.28093pt too wide) in paragraph at lines 152--164
 [][] 
 []


LaTeX Warning: `h' float specifier changed to `ht'.


Overfull \hbox (114.22993pt too wide) in paragraph at lines 171--172
\T1/lmr/m/n/12 The build pipeline is or-ches-trated by \T1/lmtt/m/n/12 rpi5-bui
ld\T1/lmr/m/n/12 , a Python CLI im-ple-mented in \T1/lmtt/m/n/12 src/meta_rpi5_
secure_aosp/\T1/lmr/m/n/12 .
 []



[18]
Overfull \hbox (35.30853pt too wide) in paragraph at lines 176--177
[]\T1/lmr/m/n/12 Clones U-Boot at a pinned com-mit, ini-tial-izes the AOSP repo
 with the \T1/lmtt/m/n/12 android-16.0.0_r4
 []


Overfull \hbox (54.17921pt too wide) in paragraph at lines 176--177
\T1/lmr/m/n/12 man-i-fest, and ap-plies lo-cal man-i-fest over-lays from \T1/lm
tt/m/n/12 ganeshhalthota/android_local_manifest
 []


Overfull \hbox (57.48894pt too wide) in paragraph at lines 176--177
\T1/lmr/m/n/12 [[][]20[][]]. Op-tion-ally clones the ker-nel source from \T1/lm
tt/m/n/12 raspberry-vanilla/android_kernel_brcm_rpi
 []


Overfull \hbox (45.25182pt too wide) in paragraph at lines 180--181
[]\T1/lmr/m/n/12 Compiles U-Boot (\T1/lmtt/m/n/12 rpi_arm64_defconfig\T1/lmr/m/
n/12 ), en-ables AVB Kcon-fig sym-bols (\T1/lmtt/m/n/12 CONFIG_LIBAVB\T1/lmr/m/
n/12 ,
 []


Overfull \hbox (41.2537pt too wide) in paragraph at lines 180--181
\T1/lmtt/m/n/12 CONFIG_AVB_VERIFY\T1/lmr/m/n/12 , \T1/lmtt/m/n/12 CONFIG_CMD_AV
B\T1/lmr/m/n/12 ), in-jects the AVB root pub-lic key into \T1/lmtt/m/n/12 avb_v
erify.c\T1/lmr/m/n/12 ,
 []


Overfull \hbox (13.48015pt too wide) in paragraph at lines 180--181
\T1/lmr/m/n/12 com-piles the boot script (\T1/lmtt/m/n/12 boot_avb.scr\T1/lmr/m
/n/12 ), and builds AOSP (\T1/lmtt/m/n/12 bootimage\T1/lmr/m/n/12 , \T1/lmtt/m/
n/12 systemimage\T1/lmr/m/n/12 ,
 []



[19]
Overfull \hbox (36.79713pt too wide) in paragraph at lines 196--197
\T1/lmr/m/n/12 en-sur-ing a sin-gle source of truth for all op-tions. Security-
sensitive op-tions (\T1/lmtt/m/n/12 boot_state_override
 []

) (./sections/implementation.tex

[20]
Chapter 4.

Overfull \hbox (51.22166pt too wide) in paragraph at lines 14--15
\T1/lmtt/m/n/12 compatible = "arm,pl011-axi" \T1/lmr/m/n/12 [[][]21[][]]. U-Boo
t's PL011 driver (\T1/lmtt/m/n/12 drivers/serial/serial_pl01x.c\T1/lmr/m/n/12 )

 []

(/usr/share/texlive/texmf-dist/tex/latex/listings/lstlang1.sty
File: lstlang1.sty 2024/09/23 1.10c listings language file
)
(/usr/share/texlive/texmf-dist/tex/latex/listings/lstmisc.sty
File: lstmisc.sty 2024/09/23 1.10c (Carsten Heinz)
)
Package hyperref Info: bookmark level for unknown lstlisting defaults to 0 on i
nput line 20.


[21

]
LaTeX Font Info:    Font shape `T1/lmtt/bx/n' in size <10.95> not available
(Font)              Font shape `T1/lmtt/b/n' tried instead on input line 65.


[22]
Overfull \hbox (21.61223pt too wide) in paragraph at lines 86--87
[]\T1/lmtt/m/n/12 avb verify \T1/lmr/m/n/12 --- ver-ify all de-scrip-tors in \T
1/lmtt/m/n/12 vbmeta.img\T1/lmr/m/n/12 . On fail-ure: ei-ther re-set (fail_clos
ed)
 []


Overfull \hbox (64.05pt too wide) in paragraph at lines 97--98
[]\T1/lmr/m/n/12 Template place-hold-ers (\T1/lmtt/m/n/12 __SELINUX_MODE__\T1/l
mr/m/n/12 , \T1/lmtt/m/n/12 __ENCRYPTION_ARGS__\T1/lmr/m/n/12 , \T1/lmtt/m/n/12
 __CMDLINE_PROFILE_ARGS__\T1/lmr/m/n/12 )
 []


Overfull \hbox (0.62595pt too wide) in paragraph at lines 102--103
\T1/lmr/m/n/12 To mea-sure and ver-ify the pro-gres-sion through the ker-nel bo
ot se-quence, four \T1/lmtt/m/n/12 pr_notice()
 []


LaTeX Warning: `h' float specifier changed to `ht'.


Overfull \hbox (212.59407pt too wide) in paragraph at lines 125--126
\T1/lmr/m/n/12 The up-stream RPi5 de-vice tree does not pro-vide an AVB-aware \
T1/lmtt/m/n/12 fstab\T1/lmr/m/n/12 . Patch \T1/lmtt/m/n/12 0001-rpi5-add-avb-aw
are-fstab-selection.patch
 []



[23]

[24{/usr/share/texmf/fonts/enc/dvips/lm/lm-mathit.enc}]
Overfull \hbox (5.30275pt too wide) in paragraph at lines 167--167
[]\T1/lmr/bx/n/17.28 FBE Bring-up: Meta-data Par-ti-tion SELinux Boot
 []



[25]
Overfull \hbox (69.92514pt too wide) in paragraph at lines 196--197
[]\T1/lmr/m/n/12 All sub-se-quent AVC de-nials showed \T1/lmtt/m/n/12 permissiv
e=0 \T1/lmr/m/n/12 (en-forced). In An-droid 16 (\T1/lmtt/m/n/12 android-16.0.0_
r4\T1/lmr/m/n/12 ),
 []

LaTeX Font Info:    Font shape `T1/lmtt/bx/n' in size <14.4> not available
(Font)              Font shape `T1/lmtt/b/n' tried instead on input line 219.

Overfull \hbox (70.70728pt too wide) in paragraph at lines 230--231
[]\T1/lmr/m/n/12 With \T1/lmtt/m/n/12 e2fsdroid\T1/lmr/m/n/12 , the meta-data p
ar-ti-tion root in-ode is cre-ated with \T1/lmtt/m/n/12 u:object_r:metadata_fil
e:s0\T1/lmr/m/n/12 ,
 []



[26]
Overfull \hbox (53.1566pt too wide) in paragraph at lines 241--242
[]\T1/lmr/m/n/12 Defines a \T1/lmtt/m/n/12 oneshot \T1/lmr/m/n/12 ser-vice trig
-gered by \T1/lmtt/m/n/12 on property:sys.boot_completed=1\T1/lmr/m/n/12 .
 []


Overfull \hbox (101.56816pt too wide) in paragraph at lines 242--243
[]\T1/lmr/m/n/12 Collects and prints: build info, AVB ver-i-fied boot state (\T
1/lmtt/m/n/12 ro.boot.verifiedbootstate\T1/lmr/m/n/12 ),
 []


Overfull \hbox (5.46059pt too wide) in paragraph at lines 242--243
\T1/lmr/m/n/12 mode. Out-put is si-mul-ta-ne-ously writ-ten to \T1/lmtt/m/n/12 
/data/local/tmp/rpi5_boot_diag.log\T1/lmr/m/n/12 . 
 []


Overfull \hbox (83.1295pt too wide) in paragraph at lines 260--262
[]\T1/lmr/m/n/12 Generate \T1/lmtt/m/n/12 vbmeta.img \T1/lmr/m/n/12 via \T1/lmt
t/m/n/12 avbtool make_vbmeta_image\T1/lmr/m/n/12 , ref-er-enc-ing the signed \T
1/lmtt/m/n/12 system.signed.img
 []



[27]
Overfull \hbox (17.26636pt too wide) in paragraph at lines 274--275
[]\T1/lmr/m/n/12 Per-run se-cu-rity over-rides: \T1/lmtt/m/n/12 --build-variant
\T1/lmr/m/n/12 , \T1/lmtt/m/n/12 --selinux-mode\T1/lmr/m/n/12 , \T1/lmtt/m/n/12
 --boot-state-override\T1/lmr/m/n/12 ,
 []

) (./sections/results.tex

[28]
Chapter 5.

Overfull \hbox (59.41992pt too wide) in paragraph at lines 22--23
\T1/lmr/m/n/12 U-Boot was com-piled from com-mit \T1/lmtt/m/n/12 eefb822fb574 \
T1/lmr/m/n/12 (pinned in the con-fig) us-ing \T1/lmtt/m/n/12 rpi_arm64_defconfi
g\T1/lmr/m/n/12 .
 []



[29

]

[30]
Underfull \hbox (badness 10000) in paragraph at lines 86--86
[]\T1/lmr/m/n/12 Listing 5.2: |U-Boot AVB boot script out-put (ab-bre-vi-ated, 
from se-
 []



[31]

[32]
Underfull \hbox (badness 10000) in paragraph at lines 173--173
[]\T1/lmr/m/n/12 Listing 5.5: |rpi5_boot_diag.sh out-put for-mat (un-signed bui
ld, se-
 []



[33]
Overfull \hbox (56.49544pt too wide) in paragraph at lines 222--236
 [][] 
 []


LaTeX Warning: `h' float specifier changed to `ht'.


Overfull \hbox (92.68988pt too wide) in paragraph at lines 242--243
\T1/lmr/m/n/12 forc-ing mode un-con-di-tion-ally at pol-icy load time, re-gard-
less of the \T1/lmtt/m/n/12 androidboot.selinux=permissive
 []



[34]) (./sections/tara.tex

[35]
Chapter 6.

Overfull \hbox (66.07234pt too wide) in paragraph at lines 9--10
\T1/lmr/m/n/12 This chap-ter presents a Threat Anal-y-sis and Risk As-sess-ment
 (TARA) for the \T1/lmtt/m/n/12 meta-rpi5-secure-aosp
 []


Underfull \hbox (badness 10000) in paragraph at lines 31--32
[]|\T1/lmtt/m/n/12 boot.img\T1/lmr/m/n/12 , \T1/lmtt/m/n/12 system.img\T1/lmr/m
/n/12 ,
 []


Underfull \hbox (badness 10000) in paragraph at lines 31--32
\T1/lmtt/m/n/12 vendor.img\T1/lmr/m/n/12 , \T1/lmtt/m/n/12 vbmeta.img\T1/lmr/m/
n/12 , U-
 []


Underfull \hbox (badness 3158) in paragraph at lines 32--33
[]|\T1/lmtt/m/n/12 boot_avb.scr\T1/lmr/m/n/12 , SD card YAML,
 []


Underfull \hbox (badness 4366) in paragraph at lines 34--35
[]|\T1/lmr/m/n/12 Build or-ches-tra-tor, patch stack,
 []


LaTeX Warning: `h' float specifier changed to `ht'.



[36

]
Overfull \hbox (28.4327pt too wide) in paragraph at lines 56--56
[]|\T1/lmr/bx/n/12 STRIDE| 
 []


Underfull \hbox (badness 10000) in paragraph at lines 56--57
[]|\T1/lmr/bx/n/12 Attack
 []


Overfull \hbox (28.4327pt too wide) in paragraph at lines 61--61
[]|\T1/lmr/bx/n/12 STRIDE| 
 []


Underfull \hbox (badness 10000) in paragraph at lines 61--62
[]|\T1/lmr/bx/n/12 Attack
 []


Underfull \hbox (badness 10000) in paragraph at lines 67--67
[]|\T1/lmr/m/n/12 T-
 []


Underfull \hbox (badness 10000) in paragraph at lines 68--68
[]|\T1/lmr/m/n/12 T-
 []


Underfull \hbox (badness 10000) in paragraph at lines 68--68
[]|\T1/lmr/m/n/12 Replace U-Boot bi-nary
 []


Underfull \hbox (badness 10000) in paragraph at lines 69--69
[]|\T1/lmr/m/n/12 T-
 []


Underfull \hbox (badness 10000) in paragraph at lines 69--69
[]|\T1/lmr/m/n/12 Tamper \T1/lmtt/m/n/12 boot.img \T1/lmr/m/n/12 (ker-
 []


Underfull \hbox (badness 10000) in paragraph at lines 70--70
[]|\T1/lmr/m/n/12 T-
 []


Underfull \hbox (badness 10000) in paragraph at lines 70--70
[]|\T1/lmr/m/n/12 Tamper \T1/lmtt/m/n/12 system.img \T1/lmr/m/n/12 /
 []


Underfull \hbox (badness 10000) in paragraph at lines 70--70
\T1/lmtt/m/n/12 vendor.img \T1/lmr/m/n/12 blocks af-ter
 []


Underfull \hbox (badness 10000) in paragraph at lines 70--70
[]|\T1/lmr/m/n/12 A-IMG-
 []


Underfull \hbox (badness 10000) in paragraph at lines 71--71
[]|\T1/lmr/m/n/12 T-
 []


Underfull \hbox (badness 10000) in paragraph at lines 71--71
[]|\T1/lmr/m/n/12 Replace \T1/lmtt/m/n/12 vbmeta \T1/lmr/m/n/12 with
 []


Underfull \hbox (badness 10000) in paragraph at lines 72--72
[]|\T1/lmr/m/n/12 T-
 []


Underfull \hbox (badness 10000) in paragraph at lines 72--72
[]|\T1/lmr/m/n/12 A-IMG-
 []


Underfull \hbox (badness 10000) in paragraph at lines 73--73
[]|\T1/lmr/m/n/12 T-
 []


Underfull \hbox (badness 10000) in paragraph at lines 73--74
[]|\T1/lmr/m/n/12 Physical
 []


Underfull \hbox (badness 10000) in paragraph at lines 74--74
[]|\T1/lmr/m/n/12 T-
 []


Underfull \hbox (badness 6300) in paragraph at lines 74--74
[]|\T1/lmr/m/n/12 Replace \T1/lmtt/m/n/12 boot_avb.scr \T1/lmr/m/n/12 to
 []


Underfull \hbox (badness 10000) in paragraph at lines 76--76
[]|\T1/lmr/m/n/12 T-
 []


Underfull \hbox (badness 10000) in paragraph at lines 76--76
[]|\T1/lmr/m/n/12 A-BUILD-
 []


Underfull \hbox (badness 10000) in paragraph at lines 76--77
[]|\T1/lmr/m/n/12 Build
 []


Underfull \hbox (badness 10000) in paragraph at lines 77--77
[]|\T1/lmr/m/n/12 T-
 []


Underfull \hbox (badness 10000) in paragraph at lines 77--77
[]|\T1/lmr/m/n/12 A-BUILD-
 []


Underfull \hbox (badness 10000) in paragraph at lines 77--78
[]|\T1/lmr/m/n/12 Build
 []


Underfull \hbox (badness 10000) in paragraph at lines 78--78
[]|\T1/lmr/m/n/12 T-
 []


Underfull \hbox (badness 10000) in paragraph at lines 78--78
[]|\T1/lmr/m/n/12 A-BUILD-
 []


Underfull \hbox (badness 10000) in paragraph at lines 78--79
[]|\T1/lmr/m/n/12 Build
 []


Underfull \hbox (badness 10000) in paragraph at lines 79--79
[]|\T1/lmr/m/n/12 T-
 []


Underfull \hbox (badness 10000) in paragraph at lines 79--80
[]|\T1/lmr/m/n/12 Build
 []


Underfull \hbox (badness 10000) in paragraph at lines 80--80
[]|\T1/lmr/m/n/12 T-
 []


Underfull \hbox (badness 10000) in paragraph at lines 80--80
[]|\T1/lmr/m/n/12 A-BUILD-
 []


Underfull \hbox (badness 10000) in paragraph at lines 80--82
[]|\T1/lmr/m/n/12 Build
 []


Underfull \hbox (badness 10000) in paragraph at lines 82--82
[]|\T1/lmr/m/n/12 T-
 []


Underfull \hbox (badness 10000) in paragraph at lines 82--83
[]|\T1/lmr/m/n/12 Physical
 []


Underfull \hbox (badness 10000) in paragraph at lines 83--83
[]|\T1/lmr/m/n/12 T-
 []


Underfull \hbox (badness 10000) in paragraph at lines 83--84
[]|\T1/lmr/m/n/12 Physical
 []


Underfull \hbox (badness 10000) in paragraph at lines 84--84
[]|\T1/lmr/m/n/12 T-
 []


Underfull \hbox (badness 10000) in paragraph at lines 85--85
[]|\T1/lmr/m/n/12 T-
 []


Underfull \hbox (badness 10000) in paragraph at lines 87--87
[]|\T1/lmr/m/n/12 T-
 []


Underfull \hbox (badness 10000) in paragraph at lines 88--88
[]|\T1/lmr/m/n/12 T-
 []


Underfull \hbox (badness 10000) in paragraph at lines 88--89
[]|\T1/lmr/m/n/12 Local (ker-
 []


Underfull \hbox (badness 10000) in paragraph at lines 89--89
[]|\T1/lmr/m/n/12 T-
 []


Underfull \hbox (badness 10000) in paragraph at lines 91--91
[]|\T1/lmr/m/n/12 T-
 []


Underfull \hbox (badness 10000) in paragraph at lines 91--92
[]|\T1/lmr/m/n/12 Build
 []


Underfull \hbox (badness 10000) in paragraph at lines 92--92
[]|\T1/lmr/m/n/12 T-
 []


Underfull \hbox (badness 7869) in paragraph at lines 92--92
[]|\T1/lmr/m/n/12 Remove FBE flags from
 []


Underfull \hbox (badness 10000) in paragraph at lines 92--93
[]|\T1/lmr/m/n/12 Build
 []


Underfull \hbox (badness 10000) in paragraph at lines 93--93
[]|\T1/lmr/m/n/12 T-
 []


Underfull \hbox (badness 1533) in paragraph at lines 93--93
[]|\T1/lmr/m/n/12 Overwrite U-Boot en-vi-ron-
 []


Underfull \hbox (badness 2027) in paragraph at lines 93--93
\T1/lmr/m/n/12 ment vari-ables to redi-rect
 []

[37] [38]
Overfull \hbox (4.7358pt too wide) in paragraph at lines 110--110
[]|\T1/lmr/bx/n/10.95 Impact| 
 []


Overfull \hbox (21.78062pt too wide) in paragraph at lines 110--110
[]|\T1/lmr/bx/n/10.95 Feasibility| 
 []


Underfull \hbox (badness 10000) in paragraph at lines 112--112
[]|\T1/lmr/m/n/10.95 T-
 []


Underfull \hbox (badness 10000) in paragraph at lines 113--113
[]|\T1/lmr/m/n/10.95 T-
 []


Underfull \hbox (badness 3884) in paragraph at lines 113--113
[]|\T1/lmr/m/n/10.95 Replace U-Boot with at-
 []


Underfull \hbox (badness 10000) in paragraph at lines 114--114
[]|\T1/lmr/m/n/10.95 T-
 []


Underfull \hbox (badness 10000) in paragraph at lines 115--115
[]|\T1/lmr/m/n/10.95 T-
 []


Underfull \hbox (badness 10000) in paragraph at lines 115--115
[]|\T1/lmr/m/n/10.95 Tamper
 []


Underfull \hbox (badness 10000) in paragraph at lines 116--116
[]|\T1/lmr/m/n/10.95 T-
 []


Underfull \hbox (badness 10000) in paragraph at lines 117--117
[]|\T1/lmr/m/n/10.95 T-
 []


Underfull \hbox (badness 10000) in paragraph at lines 118--118
[]|\T1/lmr/m/n/10.95 T-
 []


Underfull \hbox (badness 1448) in paragraph at lines 118--118
[]|\T1/lmr/m/n/10.95 U-Boot con-sole ac-cess via
 []


Underfull \hbox (badness 10000) in paragraph at lines 119--119
[]|\T1/lmr/m/n/10.95 T-
 []


Overfull \hbox (4.7358pt too wide) in paragraph at lines 132--132
[]|\T1/lmr/bx/n/10.95 Impact| 
 []


Overfull \hbox (21.78062pt too wide) in paragraph at lines 132--132
[]|\T1/lmr/bx/n/10.95 Feasibility| 
 []


Underfull \hbox (badness 10000) in paragraph at lines 134--134
[]|\T1/lmr/m/n/10.95 T-
 []


Underfull \hbox (badness 10000) in paragraph at lines 135--135
[]|\T1/lmr/m/n/10.95 T-
 []


Underfull \hbox (badness 10000) in paragraph at lines 136--136
[]|\T1/lmr/m/n/10.95 T-
 []


Underfull \hbox (badness 10000) in paragraph at lines 137--137
[]|\T1/lmr/m/n/10.95 T-
 []


Underfull \hbox (badness 10000) in paragraph at lines 138--138
[]|\T1/lmr/m/n/10.95 T-
 []


LaTeX Warning: `h' float specifier changed to `ht'.


Overfull \hbox (4.7358pt too wide) in paragraph at lines 151--151
[]|\T1/lmr/bx/n/10.95 Impact| 
 []


Overfull \hbox (21.78062pt too wide) in paragraph at lines 151--151
[]|\T1/lmr/bx/n/10.95 Feasibility| 
 []


Underfull \hbox (badness 10000) in paragraph at lines 153--153
[]|\T1/lmr/m/n/10.95 T-
 []


Underfull \hbox (badness 10000) in paragraph at lines 154--154
[]|\T1/lmr/m/n/10.95 T-
 []


Underfull \hbox (badness 10000) in paragraph at lines 155--155
[]|\T1/lmr/m/n/10.95 T-
 []


Underfull \hbox (badness 1521) in paragraph at lines 155--155
[]|\T1/lmr/m/n/10.95 Physical SD card re-moval
 []


Underfull \hbox (badness 10000) in paragraph at lines 156--156
[]|\T1/lmr/m/n/10.95 T-
 []


Underfull \hbox (badness 6608) in paragraph at lines 156--156
[]|\T1/lmr/m/n/10.95 Corrupt vb-meta --- fail-
 []


LaTeX Warning: `h' float specifier changed to `ht'.


Overfull \hbox (4.7358pt too wide) in paragraph at lines 169--169
[]|\T1/lmr/bx/n/10.95 Impact| 
 []


Overfull \hbox (21.78062pt too wide) in paragraph at lines 169--169
[]|\T1/lmr/bx/n/10.95 Feasibility| 
 []


Underfull \hbox (badness 10000) in paragraph at lines 171--171
[]|\T1/lmr/m/n/10.95 T-
 []


Underfull \hbox (badness 10000) in paragraph at lines 171--171
[]|\T1/lmr/m/n/10.95 Read plain-text user-data
 []


Underfull \hbox (badness 10000) in paragraph at lines 172--172
[]|\T1/lmr/m/n/10.95 T-
 []


Underfull \hbox (badness 10000) in paragraph at lines 173--173
[]|\T1/lmr/m/n/10.95 T-
 []


LaTeX Warning: `h' float specifier changed to `ht'.


Overfull \hbox (4.7358pt too wide) in paragraph at lines 186--186
[]|\T1/lmr/bx/n/10.95 Impact| 
 []


Overfull \hbox (21.78062pt too wide) in paragraph at lines 186--186
[]|\T1/lmr/bx/n/10.95 Feasibility| 
 []


Underfull \hbox (badness 10000) in paragraph at lines 188--188
[]|\T1/lmr/m/n/10.95 T-
 []


Underfull \hbox (badness 10000) in paragraph at lines 189--189
[]|\T1/lmr/m/n/10.95 T-
 []


Underfull \hbox (badness 6592) in paragraph at lines 189--189
[]|\T1/lmr/m/n/10.95 Remove FBE flags from
 []


Underfull \hbox (badness 10000) in paragraph at lines 190--190
[]|\T1/lmr/m/n/10.95 T-
 []


LaTeX Warning: `h' float specifier changed to `ht'.


LaTeX Warning: `h' float specifier changed to `ht'.



[39]
Underfull \hbox (badness 10000) in paragraph at lines 235--235
[]|\T1/lmr/m/n/12 T-
 []


Underfull \hbox (badness 10000) in paragraph at lines 235--235
[]|\T1/lmr/m/n/12 Physical se-cu-rity;
 []


Underfull \hbox (badness 10000) in paragraph at lines 235--235
\T1/lmr/m/n/12 RPi5 EEP-ROM
 []


Underfull \hbox (badness 10000) in paragraph at lines 235--236
[]|\T1/lmr/m/n/12 Not
 []


Underfull \hbox (badness 10000) in paragraph at lines 236--236
[]|\T1/lmr/m/n/12 T-
 []


Underfull \hbox (badness 10000) in paragraph at lines 236--237
[]|\T1/lmr/m/n/12 Not
 []


Underfull \hbox (badness 10000) in paragraph at lines 237--237
[]|\T1/lmr/m/n/12 T-
 []


Underfull \hbox (badness 1117) in paragraph at lines 237--237
\T1/lmtt/m/n/12 boot.img\T1/lmr/m/n/12 ; fail-closed
 []


Underfull \hbox (badness 10000) in paragraph at lines 237--237
[]|\T1/lmtt/m/n/12 stages/sign.py\T1/lmr/m/n/12 ;
 []


Underfull \hbox (badness 10000) in paragraph at lines 238--238
[]|\T1/lmr/m/n/12 T-
 []


Underfull \hbox (badness 1019) in paragraph at lines 238--238
[]|\T1/lmr/m/n/12 AVB hashtree footer
 []


Underfull \hbox (badness 10000) in paragraph at lines 238--238
\T1/lmr/m/n/12 + dm-verity on
 []


Underfull \hbox (badness 10000) in paragraph at lines 239--239
[]|\T1/lmr/m/n/12 T-
 []


Underfull \hbox (badness 10000) in paragraph at lines 239--239
[]|\T1/lmtt/m/n/12 vbmeta.img \T1/lmr/m/n/12 signed
 []


Underfull \hbox (badness 3281) in paragraph at lines 239--239
\T1/lmr/m/n/12 piled pub-lic key in
 []


Underfull \hbox (badness 10000) in paragraph at lines 239--239
[]|\T1/lmtt/m/n/12 stages/sign.py\T1/lmr/m/n/12 ;
 []


Underfull \hbox (badness 10000) in paragraph at lines 240--240
[]|\T1/lmr/m/n/12 T-
 []


Underfull \hbox (badness 10000) in paragraph at lines 240--240
[]|\T1/lmr/m/n/12 U-Boot con-
 []


Underfull \hbox (badness 10000) in paragraph at lines 240--240
\T1/lmr/m/n/12 sole lock-down
 []


Overfull \hbox (5.17236pt too wide) in paragraph at lines 240--240
\T1/lmr/m/n/12 (\T1/lmtt/m/n/12 CONFIG_BOOTDELAY=0\T1/lmr/m/n/12 ,
 []


Overfull \hbox (26.60838pt too wide) in paragraph at lines 240--240
\T1/lmtt/m/n/12 CONFIG_DISABLE_CONSOLE\T1/lmr/m/n/12 )| 
 []


Underfull \hbox (badness 10000) in paragraph at lines 241--241
[]|\T1/lmr/m/n/12 T-
 []


Underfull \hbox (badness 10000) in paragraph at lines 241--241
[]|\T1/lmr/m/n/12 FIT-image signed
 []


Underfull \hbox (badness 2478) in paragraph at lines 241--241
\T1/lmr/m/n/12 boot script (U-Boot
 []


Underfull \hbox (badness 10000) in paragraph at lines 241--242
[]|\T1/lmr/m/n/12 Not
 []


Underfull \hbox (badness 10000) in paragraph at lines 242--242
[]|\T1/lmr/m/n/12 T-
 []


Underfull \hbox (badness 1072) in paragraph at lines 242--242
\T1/lmr/m/n/12 per-mis-sions; key ex-
 []


Underfull \hbox (badness 10000) in paragraph at lines 243--243
[]|\T1/lmr/m/n/12 T-
 []


Underfull \hbox (badness 10000) in paragraph at lines 243--243
[]|\T1/lmr/m/n/12 Remove
 []


Overfull \hbox (3.51404pt too wide) in paragraph at lines 243--243
\T1/lmtt/m/n/12 CONFIG_CMD_FASTBOOT
 []


Underfull \hbox (badness 10000) in paragraph at lines 244--244
[]|\T1/lmr/m/n/12 T-
 []


Underfull \hbox (badness 2020) in paragraph at lines 244--244
\T1/lmr/m/n/12 mi-gra-tion to eMMC
 []


Underfull \hbox (badness 7558) in paragraph at lines 244--244
[]|\T1/lmr/m/n/12 Deployment rec-om-men-da-
 []


Underfull \hbox (badness 10000) in paragraph at lines 244--245
[]|\T1/lmr/m/n/12 Not
 []


Underfull \hbox (badness 10000) in paragraph at lines 245--245
[]|\T1/lmr/m/n/12 T-
 []


Underfull \hbox (badness 10000) in paragraph at lines 245--245
[]|\T1/lmr/m/n/12 A/B slot fall-back
 []


Underfull \hbox (badness 10000) in paragraph at lines 245--245
\T1/lmr/m/n/12 (OTA work-stream);
 []


Underfull \hbox (badness 2005) in paragraph at lines 245--245
[]|\T1/lmr/m/n/12 Planned (P3 OTA work-
 []


Underfull \hbox (badness 10000) in paragraph at lines 246--246
[]|\T1/lmr/m/n/12 T-
 []


Underfull \hbox (badness 10000) in paragraph at lines 246--246
[]|\T1/lmr/m/n/12 FBE (fscrypt v2,
 []


Underfull \hbox (badness 10000) in paragraph at lines 246--246
[]|\T1/lmtt/m/n/12 fstab.rpi5.fbe\T1/lmr/m/n/12 ;
 []


Underfull \hbox (badness 10000) in paragraph at lines 247--247
[]|\T1/lmr/m/n/12 T-
 []


Underfull \hbox (badness 10000) in paragraph at lines 247--247
[]|\T1/lmtt/m/n/12 e2fsdroid \T1/lmr/m/n/12 SELinux
 []


Underfull \hbox (badness 10000) in paragraph at lines 247--247
[]|\T1/lmtt/m/n/12 stages/sdcard.py\T1/lmr/m/n/12 ; Sec-
 []


Underfull \hbox (badness 10000) in paragraph at lines 248--248
[]|\T1/lmr/m/n/12 T-
 []


Overfull \hbox (15.86404pt too wide) in paragraph at lines 248--248
[]|\T1/lmtt/m/n/12 CONFIG_ENV_IS_NOWHERE
 []

[40] [41]
Underfull \hbox (badness 10000) in paragraph at lines 264--265
[]|\T1/lmr/bx/n/10.95 Production
 []


Underfull \hbox (badness 10000) in paragraph at lines 264--265
\T1/lmr/bx/n/10.95 mit-i-ga-tion
 []


Overfull \hbox (2.69872pt too wide) in paragraph at lines 266--266
[]|\T1/lmr/m/n/10.95 RR-
 []


Underfull \hbox (badness 10000) in paragraph at lines 266--267
[]|\T1/lmr/m/n/10.95 RPi5 EEP-
 []


Underfull \hbox (badness 10000) in paragraph at lines 266--267
\T1/lmr/m/n/10.95 ROM se-cure
 []


Overfull \hbox (2.69872pt too wide) in paragraph at lines 267--267
[]|\T1/lmr/m/n/10.95 RR-
 []


Overfull \hbox (32.34532pt too wide) in paragraph at lines 267--268
[]|\T1/lmtt/m/n/10.95 CONFIG_BOOTDELAY=0
 []


Overfull \hbox (2.69872pt too wide) in paragraph at lines 268--268
[]|\T1/lmr/m/n/10.95 RR-
 []


Underfull \hbox (badness 10000) in paragraph at lines 268--269
[]|\T1/lmr/m/n/10.95 U-Boot FIT
 []


Overfull \hbox (2.69872pt too wide) in paragraph at lines 269--269
[]|\T1/lmr/m/n/10.95 RR-
 []


Underfull \hbox (badness 10000) in paragraph at lines 269--269
[]|\T1/lmr/m/n/10.95 USB fast-boot with-out
 []


Underfull \hbox (badness 10000) in paragraph at lines 269--270
[]|\T1/lmr/m/n/10.95 Remove
 []


Overfull \hbox (38.09406pt too wide) in paragraph at lines 269--270
\T1/lmtt/m/n/10.95 CONFIG_CMD_FASTBOOT| 
 []


Overfull \hbox (2.69872pt too wide) in paragraph at lines 270--270
[]|\T1/lmr/m/n/10.95 RR-
 []


Underfull \hbox (badness 3354) in paragraph at lines 270--271
[]|\T1/lmr/m/n/10.95 Locked en-clo-
 []


Overfull \hbox (2.69872pt too wide) in paragraph at lines 271--271
[]|\T1/lmr/m/n/10.95 RR-
 []


Underfull \hbox (badness 10000) in paragraph at lines 271--272
[]|\T1/lmr/m/n/10.95 A/B slot +
 []


Overfull \hbox (3.60165pt too wide) in paragraph at lines 271--272
\T1/lmtt/m/n/10.95 update_engine| 
 []


Overfull \hbox (2.69872pt too wide) in paragraph at lines 272--272
[]|\T1/lmr/m/n/10.95 RR-
 []


Underfull \hbox (badness 10000) in paragraph at lines 272--272
[]|\T1/lmr/m/n/10.95 FBE keys software-
 []


Overfull \hbox (2.69872pt too wide) in paragraph at lines 273--273
[]|\T1/lmr/m/n/10.95 RR-
 []


Underfull \hbox (badness 1189) in paragraph at lines 273--273
[]|\T1/lmr/m/n/10.95 U-Boot bi-nary it-self not
 []


Underfull \hbox (badness 10000) in paragraph at lines 273--274
[]|\T1/lmr/m/n/10.95 RPi5 EEP-
 []


Underfull \hbox (badness 10000) in paragraph at lines 273--274
\T1/lmr/m/n/10.95 ROM se-cure
 []


Overfull \hbox (2.69872pt too wide) in paragraph at lines 274--274
[]|\T1/lmr/m/n/10.95 RR-
 []


Underfull \hbox (badness 10000) in paragraph at lines 274--275
\T1/lmr/m/n/10.95 man-age-ment
 []


Overfull \hbox (2.69872pt too wide) in paragraph at lines 275--275
[]|\T1/lmr/m/n/10.95 RR-
 []


Underfull \hbox (badness 3343) in paragraph at lines 275--275
\T1/lmr/m/n/10.95 ables writable from SD
 []


Overfull \hbox (49.59152pt too wide) in paragraph at lines 275--276
[]|\T1/lmtt/m/n/10.95 CONFIG_ENV_IS_NOWHERE| 
 []


LaTeX Warning: `h' float specifier changed to `ht'.



[42]

[43]) (./sections/conclusion.tex

[44]

[45]
Chapter 7.


[46

]
Overfull \hbox (7.09488pt too wide) in paragraph at lines 40--41
[]\T1/lmr/bx/n/12 Absent hard-ware TEE: \T1/lmr/m/n/12 FBE mas-ter keys are pro
-tected in soft-ware only. Hardware-
 []



[47]

[48]
Overfull \hbox (10.95522pt too wide) in paragraph at lines 69--71
\T1/lmr/m/n/12 (1) adding an AVB hash footer to \T1/lmtt/m/n/12 boot.img \T1/lm
r/m/n/12 at sign time (\T1/lmtt/m/n/12 avbtool add_hash_footer\T1/lmr/m/n/12 ),

 []


Overfull \hbox (111.86942pt too wide) in paragraph at lines 74--75
\T1/lmr/m/n/12 Boot con-fig vari-ant with \T1/lmtt/m/n/12 CONFIG_BOOTDELAY=0\T1
/lmr/m/n/12 , \T1/lmtt/m/n/12 CONFIG_DISABLE_CONSOLE\T1/lmr/m/n/12 , and \T1/lm
tt/m/n/12 CONFIG_ENV_IS_NOWHERE\T1/lmr/m/n/12 . 
 []


Overfull \hbox (72.28236pt too wide) in paragraph at lines 76--77
[]\T1/lmr/bx/n/12 Fastboot dis-able (RR-004): \T1/lmr/m/n/12 Cre-ate a pro-duc-
tion de-f-con-fig that re-moves \T1/lmtt/m/n/12 CONFIG_CMD_FASTBOOT
 []



[49]
Overfull \hbox (8.99924pt too wide) in paragraph at lines 88--89
[]\T1/lmr/bx/n/12 Rollback pro-tec-tion: \T1/lmr/m/n/12 Ex-plore software-emula
ted roll-back in-dex stor-age in a tamper-
 []

) (./main.bbl

[50]

[51

]
Underfull \hbox (badness 10000) in paragraph at lines 71--80
[][]$\T1/lmtt/m/n/12 https : / / source . denx . de / u-[]boot / u-[]boot / -[]
 / blob / master / drivers / serial /
 []


Underfull \hbox (badness 4899) in paragraph at lines 110--116
[]\T1/lmr/m/n/12 jcrutchvt10.  AVBTOOL --- An-droid Ver-i-fied Boot Tool (GitHu
b Mir-
 []


Underfull \hbox (badness 1675) in paragraph at lines 110--116
\T1/lmr/m/n/12 ror).  [][]$\T1/lmtt/m/n/12 https : / / github . com / jcrutchvt
10 / AVBTOOL$[][]\T1/lmr/m/n/12 , 2024.  Mir-ror of AOSP
 []



[52]
Underfull \hbox (badness 1308) in paragraph at lines 148--156
[]\T1/lmr/m/n/12 Android Open Source Project.  Build SELinux Pol-icy --- Pre-co
m-piled Pol-
 []


Underfull \hbox (badness 1292) in paragraph at lines 148--156
\T1/lmr/m/n/12 icy.  [][]$\T1/lmtt/m/n/12 https : / / source . android . com / 
docs / security / features / selinux / build #
 []


Underfull \hbox (badness 2103) in paragraph at lines 158--166
\T1/lmtt/m/n/12 android . com / docs / security / features / selinux / device-[
]policy$[][]\T1/lmr/m/n/12 , 2024.  Best
 []


Underfull \hbox (badness 10000) in paragraph at lines 168--176
[]\T1/lmr/m/n/12 Microsoft Se-cu-rity En-gi-neer-ing.  Threat Mod-el-ing Tool T
hreats ---
 []


Underfull \hbox (badness 8113) in paragraph at lines 168--176
\T1/lmr/m/n/12 STRIDE.  [][]$\T1/lmtt/m/n/12 https : / / learn . microsoft . co
m / en-[]us / azure / security / develop /
 []


Underfull \hbox (badness 10000) in paragraph at lines 211--219
[][]$\T1/lmtt/m/n/12 https : / / www . raspberrypi . com / documentation / comp
uters / raspberry-[]pi .
 []



[53]
Underfull \hbox (badness 10000) in paragraph at lines 221--228
\T1/lmtt/m/n/12 / / source . android . com / docs / security / features / trust
y / download-[]and-[]build$[][]\T1/lmr/m/n/12 ,
 []

)

[54] (./main.aux)
 ***********
LaTeX2e <2024-11-01> patch level 2
L3 programming layer <2025-01-18>
 ***********
Package rerunfilecheck Info: File `main.out' has not changed.
(rerunfilecheck)             Checksum: 5CCEE519148F56ED548BE6D8FDD41391;16559.
 ) 
Here is how much of TeX's memory you used:
 28513 strings out of 475178
 516894 string characters out of 5766540
 1196115 words of memory out of 5000000
 50618 multiletter control sequences out of 15000+600000
 636233 words of font info for 84 fonts, out of 8000000 for 9000
 14 hyphenation exceptions out of 8191
 84i,12n,87p,841b,1272s stack positions out of 10000i,1000n,20000p,200000b,200000s
</usr/share/texmf/fonts/type1/public/lm/lmbx10.pfb></usr/share/texmf/fonts/ty
pe1/public/lm/lmbx12.pfb></usr/share/texmf/fonts/type1/public/lm/lmmi12.pfb></u
sr/share/texmf/fonts/type1/public/lm/lmr10.pfb></usr/share/texmf/fonts/type1/pu
blic/lm/lmr12.pfb></usr/share/texmf/fonts/type1/public/lm/lmr6.pfb></usr/share/
texmf/fonts/type1/public/lm/lmr8.pfb></usr/share/texmf/fonts/type1/public/lm/lm
ri12.pfb></usr/share/texmf/fonts/type1/public/lm/lmri8.pfb></usr/share/texmf/fo
nts/type1/public/lm/lmsy10.pfb></usr/share/texmf/fonts/type1/public/lm/lmtk10.p
fb></usr/share/texmf/fonts/type1/public/lm/lmtt10.pfb></usr/share/texmf/fonts/t
ype1/public/lm/lmtt12.pfb></usr/share/texlive/texmf-dist/fonts/type1/public/ams
fonts/symbols/msam10.pfb>
Output written on main.pdf (60 pages, 796173 bytes).
PDF statistics:
 1393 PDF objects out of 1440 (max. 8388607)
 1270 compressed objects within 13 object streams
 381 named destinations out of 1000 (max. 500000)
 819 words of extra memory for PDF output out of 10000 (max. 10000000)

