[0;32m[INFO][0m Using existing docker image: rpi5-890928526d36
[0;32m[INFO][0m Starting container: rpi_build
[0;32m[INFO][0m   Workspace: /local/mnt/workspace/ghalthot/32-rpi/rpi5_aosp_car/meta-rpi5-secure-aosp/work
[0;32m[INFO][0m   User: ghalthot (UID=4186280, GID=200)
[0;32m[INFO][0m   SSH keys: /usr2/ghalthot/.ssh (read-only)
[0;32m[INFO][0m   pip config: /usr2/ghalthot/.pip (read-only)
[0;32m[INFO][0m Executing python builder application with args: --config config/rpi5_uboot_aosp.yaml --stage build --code uboot --selinux-mode enforcing
useradd warning: ghalthot's uid 4186280 outside of the UID_MIN 1000 and UID_MAX 60000 range.
useradd: warning: the home directory /home/ghalthot already exists.
useradd: Not copying any file from skel directory into it.
Resolving dependencies...
Installing dependencies from lock file

No dependencies to install or update

Installing the current project: meta-rpi5-secure-aosp (0.1.0)
╭─────────────────────────────────────────────────────╮
│ RPi5 Secure AOSP Builder                            │
│ Workspace : /app/work                               │
│ Stage     : build                                   │
│ Code      : uboot -> Kernel=No, U-Boot=Yes, AOSP=No │
│ Config    : config/rpi5_uboot_aosp.yaml             │
│ U-Boot Dir: /app/work/u-boot-rpi5                   │
│ AOSP Tag  : android-16.0.0_r4                       │
│ AVB Key   : /app/config/avb/avb_private_key.pem     │
│ AVB PubKey: from config                             │
│ SD Card   : config/sdcard/uboot_aosp.yaml           │
│ Signing   : Disabled                                │
│ Variant   : eng                                     │
│ SELinux   : enforcing                               │
│ Boot State: orange                                  │
│ AVB Policy: fail_open                               │
│ Profile   : debug                                   │
│ Encryption: disabled                                │
│ Actions   : Build,                                  │
╰─────────────────────────────────────────────────────╯
Stage: Build
-> Building U-Boot
[17:09:54] +$ u-boot-rpi5 CROSS_COMPILE=aarch64-linux-gnu- make      main.py:404
           rpi_arm64_defconfig                                                  
#
# configuration written to .config
#
[17:09:55] +$ u-boot-rpi5 CROSS_COMPILE=aarch64-linux-gnu- make      main.py:404
           -j$(nproc)                                                           
scripts/kconfig/conf  --syncconfig Kconfig
  CFG     u-boot.cfg
  GEN     include/autoconf.mk.dep
  GEN     include/autoconf.mk
  UPD     include/generated/timestamp_autogenerated.h
  ENVC    include/generated/env.txt
  ENVP    include/generated/env.in
  ENVT    include/generated/environment.h
  LDS     u-boot.lds
  CC      common/version.o
  AR      common/built-in.a
  CC      env/common.o
  AR      env/built-in.a
  LD      u-boot
  OBJCOPY u-boot.srec
  OBJCOPY u-boot-nodtb.bin
  SYM     u-boot.sym
  RELOC   u-boot-nodtb.bin
  COPY    u-boot.bin
  OFCHK   .config
-> Compiling U-Boot boot script (boot.scr)
[17:09:56] +$ u-boot-rpi5 /app/work/u-boot-rpi5/tools/mkimage -C     main.py:404
           none -A arm64 -T script -d                                           
           /app/work/.cache/boot.generated.cmd                                  
           /app/work/u-boot-rpi5/boot.scr                                       
Image Name:   
Created:      Sun May 17 17:09:56 2026
Image Type:   AArch64 Linux Script (uncompressed)
Data Size:    1449 Bytes = 1.42 KiB = 0.00 MiB
Load Address: 00000000
Entry Point:  00000000
Contents:
   Image 0: 1441 Bytes = 1.41 KiB = 0.00 MiB
Build completed

All requested stages completed successfully!
