[0;32m[INFO][0m Using existing docker image: rpi5-890928526d36
[0;32m[INFO][0m Starting container: rpi_build
[0;32m[INFO][0m   Workspace: /local/mnt/workspace/ghalthot/32-rpi/rpi5_aosp_car/meta-rpi5-secure-aosp/work
[0;32m[INFO][0m   User: ghalthot (UID=4186280, GID=200)
[0;32m[INFO][0m   SSH keys: /usr2/ghalthot/.ssh (read-only)
[0;32m[INFO][0m   pip config: /usr2/ghalthot/.pip (read-only)
[0;32m[INFO][0m Executing python builder application with args: --config config/rpi5_uboot_aosp.yaml --stage build --code aosp --build-variant user
useradd warning: ghalthot's uid 4186280 outside of the UID_MIN 1000 and UID_MAX 60000 range.
useradd: warning: the home directory /home/ghalthot already exists.
useradd: Not copying any file from skel directory into it.
Resolving dependencies...
Installing dependencies from lock file

No dependencies to install or update

Installing the current project: meta-rpi5-secure-aosp (0.1.0)
╭────────────────────────────────────────────────────╮
│ RPi5 Secure AOSP Builder                           │
│ Workspace : /app/work                              │
│ Stage     : build                                  │
│ Code      : aosp -> Kernel=No, U-Boot=No, AOSP=Yes │
│ Config    : config/rpi5_uboot_aosp.yaml            │
│ U-Boot Dir: /app/work/u-boot-rpi5                  │
│ AOSP Tag  : android-16.0.0_r4                      │
│ AVB Key   : /app/config/avb/avb_private_key.pem    │
│ AVB PubKey: from config                            │
│ SD Card   : config/sdcard/uboot_aosp.yaml          │
│ Signing   : Disabled                               │
│ Variant   : user                                   │
│ SELinux   : permissive                             │
│ Boot State: orange                                 │
│ AVB Policy: fail_open                              │
│ Profile   : debug                                  │
│ Encryption: disabled                               │
│ Actions   : Build,                                 │
╰────────────────────────────────────────────────────╯
Stage: Build
-> Building AOSP
   Using lunch target: aosp_rpi5_car-bp4a-user
[16:50:39] +$ rpi5-aosp bash -c 'source build/envsetup.sh && lunch   main.py:404
           aosp_rpi5_car-bp4a-user && make bootimage systemimage                
           vendorimage -j $(nproc)'                                             
16:50:41 Build sandboxing disabled due to nsjail error.

============================================
PLATFORM_VERSION_CODENAME=REL
PLATFORM_VERSION=16
TARGET_PRODUCT=aosp_rpi5_car
TARGET_BUILD_VARIANT=user
TARGET_ARCH=arm64
TARGET_ARCH_VARIANT=armv8-a
TARGET_CPU_VARIANT=cortex-a76
HOST_OS=linux
HOST_OS_EXTRA=Linux-6.8.0-90-generic-x86_64-Ubuntu-24.04.4-LTS
HOST_CROSS_OS=windows
BUILD_ID=BP4A.251205.006
OUT_DIR=out
SOONG_ONLY=false
============================================
16:50:43 Build sandboxing disabled due to nsjail error.
Running product configuration...
============================================
PLATFORM_VERSION_CODENAME=REL
PLATFORM_VERSION=16
TARGET_PRODUCT=aosp_rpi5_car
TARGET_BUILD_VARIANT=user
TARGET_ARCH=arm64
TARGET_ARCH_VARIANT=armv8-a
TARGET_CPU_VARIANT=cortex-a76
HOST_OS=linux
HOST_OS_EXTRA=Linux-6.8.0-90-generic-x86_64-Ubuntu-24.04.4-LTS
HOST_CROSS_OS=windows
BUILD_ID=BP4A.251205.006
OUT_DIR=out
SOONG_ONLY=false
============================================
[100% 1/1] bootstrap blueprint
Running globs...
ninja: no work to do.
No need to regenerate ninja file
No need to regenerate ninja file
No need to regenerate ninja file
Starting ninja...
[  2% 2/93 29s remaining] //packages/modules/StatsD/framework:framework-statsd.stubs.source check current API
[  3% 3/93 29s remaining] //packages/modules/IPsec:android.net.ipsec.ike.stubs.source check current API
[  4% 4/93 29s remaining] //packages/modules/IPsec:android.net.ipsec.ike.stubs.source.module_lib check current API
[  5% 5/93 29s remaining] //packages/modules/Connectivity/framework:framework-connectivity.stubs.source check current API
[  6% 6/93 29s remaining] //packages/modules/IPsec:android.net.ipsec.ike.stubs.source.system check current API
[  7% 7/93 29s remaining] //packages/modules/Connectivity/framework:framework-connectivity.stubs.source.system check current API
[  8% 8/93 29s remaining] //packages/modules/Connectivity/framework:framework-connectivity.stubs.source.module_lib check current API
[  9% 9/93 29s remaining] //packages/modules/StatsD/framework:framework-statsd.stubs.source.module_lib check current API
[ 10% 10/93 29s remaining] //packages/modules/StatsD/framework:framework-statsd.stubs.source.system check current API
[ 11% 11/93 29s remaining] //frameworks/base/api:module-lib-api-stubs-docs-non-updatable check current API
[ 12% 12/93 29s remaining] //frameworks/base/api:test-api-stubs-docs-non-updatable check current API
[ 13% 13/93 29s remaining] //frameworks/base/api:system-api-stubs-docs-non-updatable check current API
[ 15% 14/93 29s remaining] //frameworks/base/api:api-stubs-docs-non-updatable check current API
[ 16% 15/93 29s remaining] //build/soong:system_dlkm-build.prop generating build.prop
[ 17% 16/93 29s remaining] //build/soong:odm-build.prop generating build.prop
[ 18% 17/93 29s remaining] //build/soong:vendor_dlkm-build.prop generating build.prop
[ 19% 18/93 29s remaining] //build/soong:odm_dlkm-build.prop generating build.prop
[ 20% 19/93 29s remaining] //build/soong:system_ext-build.prop generating build.prop
[ 21% 20/93 29s remaining] //build/soong:product-build.prop generating build.prop
[ 22% 21/93 29s remaining] //build/soong:system-build.prop generating build.prop
[ 23% 22/93 29s remaining] Install: out/target/product/rpi5/system/build.prop
[ 24% 23/93 29s remaining] Install: out/target/product/rpi5/vendor/vendor_dlkm/etc/build.prop
[ 25% 24/93 29s remaining] Install: out/target/product/rpi5/vendor/odm/etc/build.prop
[ 26% 25/93 29s remaining] Install: out/target/product/rpi5/vendor/odm_dlkm/etc/build.prop
[ 27% 26/93 29s remaining] Install: out/target/product/rpi5/system/system_dlkm/etc/build.prop
[ 29% 27/93 29s remaining] Install: out/target/product/rpi5/system/system_ext/etc/build.prop
[ 30% 28/93 29s remaining] Install: out/target/product/rpi5/system/product/etc/build.prop
[ 31% 29/93 28s remaining] //packages/modules/Virtualization/build/microdroid:microdroid_build_prop_gen_arm64 generate build.prop.out
[ 32% 30/93 28s remaining] cp out/soong/.intermediates/packages/modules/Virtualization/build/microdroid/microdroid_build_prop/android_arm64_armv8-a_cortex-a76/build.prop
[ 33% 31/93 28s remaining] Creating linker config: out/target/product/rpi5/vendor/etc/linker.config.pb
[ 34% 32/93 28s remaining] build out/target/product/rpi5/rpiboot
ninja: Missing `restat`? An output file is older than the most recent input:
 output: out/target/product/rpi5/rpiboot
  input: out/target/product/rpi5/ramdisk.img
ninja: outputs should be files, not directories: out/target/product/rpi5/rpiboot
[ 35% 33/93 28s remaining] Installed file list: out/target/product/rpi5/installed-files-vendor.txt
[ 36% 34/93 28s remaining] Target boot image: out/target/product/rpi5/boot.img
128+0 records in
128+0 records out
134217728 bytes (128 M) copied, 0.154 s, 831 M/s
mkfs.fat: Warning: lowercase labels might not work properly on some systems
mkfs.fat 4.2 (2021-01-31)
[ 37% 35/93 28s remaining] //packages/modules/Virtualization/build/microdroid:microdroid Assemble filesystem staging dir microdroid
[ 38% 36/93 27s remaining] Target vendor fs image: out/target/product/rpi5/vendor.img
WARNING: out/target/product/rpi5/vendor.img+ approaching size limit (402653184 now; limit 402653184)
[ 39% 37/93 27s remaining] //packages/modules/Virtualization/build/microdroid:microdroid Creating filesystem microdroid
[ 40% 38/93 27s remaining] //packages/modules/Virtualization/build/microdroid:microdroid_vbmeta vbmeta microdroid_vbmeta
[ 41% 39/93 27s remaining] Install: out/target/product/rpi5/apex/com.android.virt/etc/fs/microdroid_vbmeta.img
[ 43% 40/93 26s remaining] //packages/modules/Virtualization/build/microdroid:microdroid_super Creating microdroid_super
05-20 16:50:57.321  1988  1988 I lpmake  : builder.cpp:1027 [liblp] Partition system_a will resize from 0 bytes to 48173056 bytes
[ 44% 41/93 26s remaining] Install: out/target/product/rpi5/apex/com.android.virt/etc/fs/microdroid_super.img
[ 45% 42/93 26s remaining] //packages/modules/Virtualization/build/microdroid/initrd:microdroid_vbmeta_bootconfig_gen generate bootconfig_microdroid_vbmeta
[ 46% 43/93 26s remaining] //packages/modules/Virtualization/build/microdroid/initrd:microdroid_gki-android16-6.12_initrd_debuggable_arm64 generate microdroid_gki-android16-6.12_initrd_debuggable_arm64
[ 47% 44/93 26s remaining] //packages/modules/Virtualization/build/microdroid/initrd:microdroid_gki-android15-6.6_initrd_debuggable_arm64 generate microdroid_gki-android15-6.6_initrd_debuggable_arm64
[ 48% 45/93 26s remaining] //packages/modules/Virtualization/build/microdroid/initrd:microdroid_initrd_normal_arm64 generate microdroid_initrd_normal_arm64
[ 49% 46/93 26s remaining] //packages/modules/Virtualization/build/microdroid/initrd:microdroid_initrd_debuggable_arm64 generate microdroid_initrd_debuggable_arm64
[ 50% 47/93 26s remaining] //packages/modules/Virtualization/build/microdroid/initrd:microdroid_gki-android15-6.6_initrd_normal_arm64 generate microdroid_gki-android15-6.6_initrd_normal_arm64
[ 51% 48/93 26s remaining] //packages/modules/Virtualization/build/microdroid/initrd:microdroid_gki-android16-6.12_initrd_normal_arm64 generate microdroid_gki-android16-6.12_initrd_normal_arm64
[ 52% 49/93 26s remaining] cp out/soong/.intermediates/packages/modules/Virtualization/build/microdroid/initrd/microdroid_gki-android15-6.6_initrd_debuggable/android_arm64_armv8-a_cortex-a76/microdroid_gki-android15-6.6_initrd_debuggable.img
[ 53% 50/93 26s remaining] cp out/soong/.intermediates/packages/modules/Virtualization/build/microdroid/initrd/microdroid_gki-android16-6.12_initrd_debuggable/android_arm64_armv8-a_cortex-a76/microdroid_gki-android16-6.12_initrd_debuggable.img
[ 54% 51/93 26s remaining] cp out/soong/.intermediates/packages/modules/Virtualization/build/microdroid/initrd/microdroid_initrd_debuggable/android_arm64_armv8-a_cortex-a76/microdroid_initrd_debuggable.img
[ 55% 52/93 26s remaining] cp out/soong/.intermediates/packages/modules/Virtualization/build/microdroid/initrd/microdroid_initrd_normal/android_arm64_armv8-a_cortex-a76/microdroid_initrd_normal.img
[ 56% 53/93 26s remaining] cp out/soong/.intermediates/packages/modules/Virtualization/build/microdroid/initrd/microdroid_gki-android15-6.6_initrd_normal/android_arm64_armv8-a_cortex-a76/microdroid_gki-android15-6.6_initrd_normal.img
[ 58% 54/93 26s remaining] cp out/soong/.intermediates/packages/modules/Virtualization/build/microdroid/initrd/microdroid_gki-android16-6.12_initrd_normal/android_arm64_armv8-a_cortex-a76/microdroid_gki-android16-6.12_initrd_normal.img
[ 59% 55/93 26s remaining] Install: out/target/product/rpi5/apex/com.android.virt/etc/microdroid_initrd_debuggable.img
[ 60% 56/93 26s remaining] Install: out/target/product/rpi5/apex/com.android.virt/etc/microdroid_initrd_normal.img
[ 61% 57/93 26s remaining] //packages/modules/Virtualization/build/microdroid:microdroid_initrd_normal_hashdesc avbGenVbmetaImage microdroid_initrd_normal_hashdesc
[ 62% 58/93 26s remaining] //packages/modules/Virtualization/build/microdroid:microdroid_gki-android15-6.6_initrd_debug_hashdesc avbGenVbmetaImage microdroid_gki-android15-6.6_initrd_debug_hashdesc
[ 63% 59/93 26s remaining] //packages/modules/Virtualization/build/microdroid:microdroid_gki-android16-6.12_initrd_debug_hashdesc avbGenVbmetaImage microdroid_gki-android16-6.12_initrd_debug_hashdesc
[ 64% 60/93 26s remaining] //packages/modules/Virtualization/build/microdroid:microdroid_gki-android16-6.12_initrd_normal_hashdesc avbGenVbmetaImage microdroid_gki-android16-6.12_initrd_normal_hashdesc
[ 65% 61/93 26s remaining] //packages/modules/Virtualization/build/microdroid:microdroid_initrd_debug_hashdesc avbGenVbmetaImage microdroid_initrd_debug_hashdesc
[ 66% 62/93 26s remaining] //packages/modules/Virtualization/build/microdroid:microdroid_gki-android15-6.6_initrd_normal_hashdesc avbGenVbmetaImage microdroid_gki-android15-6.6_initrd_normal_hashdesc
[ 67% 63/93 26s remaining] //packages/modules/Virtualization/build/microdroid:microdroid_kernel_signed avbAddHashFooter microdroid_kernel_signed
[ 68% 64/93 26s remaining] cp out/soong/.intermediates/packages/modules/Virtualization/build/microdroid/microdroid_kernel/android_arm64_armv8-a_cortex-a76/microdroid_kernel
[ 69% 65/93 26s remaining] Install: out/target/product/rpi5/apex/com.android.virt/etc/fs/microdroid_kernel
[ 70% 66/93 26s remaining] //packages/modules/Virtualization/build/microdroid:microdroid_gki-android15-6.6_kernel_signed avbAddHashFooter microdroid_gki-android15-6.6_kernel_signed
[ 72% 67/93 26s remaining] //packages/modules/Virtualization/build/microdroid:microdroid_gki-android16-6.12_kernel_signed avbAddHashFooter microdroid_gki-android16-6.12_kernel_signed
[ 73% 68/93 25s remaining] //packages/modules/Virtualization/build/microdroid:microdroid_kernel_hashes_rs generate lib.rs
[ 74% 69/93 25s remaining] //packages/modules/Virtualization/build/microdroid:libmicrodroid_kernel_hashes cp out
[ 75% 70/93 25s remaining] //packages/modules/Virtualization/build/microdroid:libmicrodroid_kernel_hashes clippy lib.rs
[ 76% 71/93 25s remaining] //packages/modules/Virtualization/build/microdroid:libmicrodroid_kernel_hashes rustc lib.rs
[ 77% 72/93 25s remaining] //packages/modules/Virtualization/guest/service_vm/requests:libservice_vm_requests_nostd clippy src/lib.rs
[ 78% 73/93 20s remaining] //packages/modules/Virtualization/guest/service_vm/requests:libservice_vm_requests_nostd rustc src/lib.rs
[ 79% 74/93 20s remaining] //packages/modules/Virtualization/guest/service_vm:libservice_vm clippy src/main.rs
[ 80% 75/93 18s remaining] //packages/modules/Virtualization/guest/service_vm:libservice_vm rustc src/main.rs
[ 81% 76/93 16s remaining] //packages/modules/Virtualization/guest/service_vm:service_vm_elf rustc generated_rust_staticlib/librustlibs.rs
[ 82% 77/93 16s remaining] //packages/modules/Virtualization/guest/service_vm:service_vm_elf link service_vm
[ 83% 78/93 16s remaining] //packages/modules/Virtualization/guest/service_vm:service_vm_elf strip service_vm
[ 84% 79/93 16s remaining] //packages/modules/Virtualization/guest/service_vm:service_vm_unsigned raw binary service_vm_unsigned.bin
[ 86% 80/93 15s remaining] //packages/modules/Virtualization/guest/service_vm:service_vm_signed avbAddHashFooter service_vm_signed
[ 87% 81/93 15s remaining] cp out/soong/.intermediates/packages/modules/Virtualization/guest/service_vm/service_vm_bin/android_arm64_armv8-a_cortex-a76/service_vm.bin
[ 88% 82/93 15s remaining] Install: out/target/product/rpi5/apex/com.android.virt/etc/service_vm.bin
[ 89% 83/93 14s remaining] //packages/modules/Virtualization/build/apex:com.android.virt apex
[ 90% 84/93 14s remaining] run apex_linkerconfig_validation
[ 91% 85/93 13s remaining] //packages/modules/Virtualization/build/apex:com.android.virt signapk
[ 92% 86/93 13s remaining] run host_apex_verifier
[ 93% 87/93 13s remaining] run apex_sepolicy_tests
[ 94% 88/93 13s remaining] run apex_elf_checker --unwanted
[ 95% 89/93 13s remaining] Install: out/target/product/rpi5/system/apex/com.android.virt.apex
[ 96% 90/93 12s remaining] Creating linker config: out/target/product/rpi5/system/etc/linker.config.pb
[ 97% 91/93 11s remaining] Installed file list: out/target/product/rpi5/installed-files.txt
[ 98% 92/93 2s remaining] Target system fs image: out/target/product/rpi5/obj/PACKAGING/system_intermediates/system.img
[100% 93/93 0s remaining] Install system fs image: out/target/product/rpi5/system.img
WARNING: out/target/product/rpi5/system.img approaching size limit (3221225472 now; limit 3221225472)

#### build completed successfully (42 seconds) ####

Build completed

All requested stages completed successfully!
