[0;32m[INFO][0m Using existing docker image: rpi5-890928526d36
[0;32m[INFO][0m Starting container: rpi_build
[0;32m[INFO][0m   Workspace: /local/mnt/workspace/ghalthot/32-rpi/rpi5_aosp_car/meta-rpi5-secure-aosp/work
[0;32m[INFO][0m   User: ghalthot (UID=4186280, GID=200)
[0;32m[INFO][0m   SSH keys: /usr2/ghalthot/.ssh (read-only)
[0;32m[INFO][0m   pip config: /usr2/ghalthot/.pip (read-only)
[0;32m[INFO][0m Executing python builder application with args: --config config/rpi5_uboot_aosp_signed.yaml --stage build --code uboot
useradd warning: ghalthot's uid 4186280 outside of the UID_MIN 1000 and UID_MAX 60000 range.
useradd: warning: the home directory /home/ghalthot already exists.
useradd: Not copying any file from skel directory into it.
Resolving dependencies...
Installing dependencies from lock file

No dependencies to install or update

Installing the current project: meta-rpi5-secure-aosp (0.1.0)
╭─────────────────────────────────────────────────────╮
│ RPi5 Secure AOSP Builder                            │
│ Workspace : /app/work                               │
│ Stage     : build                                   │
│ Code      : uboot -> Kernel=No, U-Boot=Yes, AOSP=No │
│ Config    : config/rpi5_uboot_aosp_signed.yaml      │
│ U-Boot Dir: /app/work/u-boot-rpi5                   │
│ AOSP Tag  : android-16.0.0_r4                       │
│ AVB Key   : /app/config/avb/avb_private_key.pem     │
│ AVB PubKey: from config                             │
│ SD Card   : config/sdcard/uboot_aosp_signed.yaml    │
│ Signing   : Enabled                                 │
│ Variant   : user                                    │
│ SELinux   : permissive                              │
│ Boot State: none                                    │
│ AVB Policy: fail_closed                             │
│ Profile   : production                              │
│ Encryption: fbe                                     │
│ Actions   : Build,                                  │
╰─────────────────────────────────────────────────────╯
Stage: Build
-> Building U-Boot
[03:17:28] +$ u-boot-rpi5 CROSS_COMPILE=aarch64-linux-gnu- make      main.py:404
           rpi_arm64_defconfig                                                  
#
# configuration written to .config
#
   Enabling AVB Kconfig options in U-Boot
[03:17:29] +$ u-boot-rpi5 ./scripts/config --enable                  main.py:404
           CONFIG_ANDROID_BOOT_IMAGE                                            
           +$ u-boot-rpi5 ./scripts/config --enable                  main.py:404
           CONFIG_UDP_FUNCTION_FASTBOOT                                         
           +$ u-boot-rpi5 ./scripts/config --enable CONFIG_LIBAVB    main.py:404
           +$ u-boot-rpi5 ./scripts/config --enable                  main.py:404
           CONFIG_AVB_VERIFY                                                    
           +$ u-boot-rpi5 ./scripts/config --enable CONFIG_CMD_AVB   main.py:404
           +$ u-boot-rpi5 ./scripts/config --set-val                 main.py:404
           CONFIG_FASTBOOT_BUF_ADDR 0x10000000                                  
           +$ u-boot-rpi5 ./scripts/config --set-val                 main.py:404
           CONFIG_AVB_BUF_ADDR 0x10000000                                       
           +$ u-boot-rpi5 ./scripts/config --set-val                 main.py:404
           CONFIG_FASTBOOT_BUF_SIZE 0x7000000                                   
           +$ u-boot-rpi5 ./scripts/config --set-val                 main.py:404
           CONFIG_AVB_BUF_SIZE 0x7000000                                        
           +$ u-boot-rpi5 CROSS_COMPILE=aarch64-linux-gnu- make      main.py:404
           olddefconfig                                                         
scripts/kconfig/conf  --olddefconfig Kconfig
#
# configuration written to .config
#
   Synced U-Boot AVB root key from /app/config/avb/avb_public_key.bin (1032 
bytes)
           +$ u-boot-rpi5 CROSS_COMPILE=aarch64-linux-gnu- make      main.py:404
           -j$(nproc)                                                           
scripts/kconfig/conf  --syncconfig Kconfig
  CFG     u-boot.cfg
  GEN     include/autoconf.mk.dep
  GEN     include/autoconf.mk
  UPD     include/generated/timestamp_autogenerated.h
  ENVC    include/generated/env.txt
  ENVP    include/generated/env.in
  ENVT    include/generated/environment.h
  UPD     include/config/uboot.release
  UPD     include/generated/version_autogenerated.h
  LDS     u-boot.lds
  HOSTCC  tools/generated/boot/bootm.o
  HOSTLD  tools/dumpimage
  HOSTLD  tools/mkimage
  HOSTLD  tools/fit_info
  HOSTLD  tools/fdt_add_pubkey
  HOSTLD  tools/preload_check_sign
  CC      board/raspberrypi/rpi/rpi.o
  CC      boot/bootm.o
  CC      boot/image-board.o
  CC      drivers/cpu/bcm283x_cpu.o
  CC      drivers/fastboot/fb_common.o
  CC      drivers/fastboot/fb_getvar.o
  CC      drivers/fastboot/fb_command.o
  CC      boot/fdt_support.o
  CC      boot/image-fdt.o
  CC      common/version.o
  CC      cmd/bootm.o
  CC      boot/image-android.o
  CC      cmd/version.o
  CC      boot/image-android-dt.o
  CC      env/common.o
  CC      common/avb_verify.o
  AR      drivers/cpu/built-in.a
  AR      drivers/fastboot/built-in.a
  AR      drivers/built-in.a
  CC      net/net.o
  CC      cmd/fastboot.o
  CC      cmd/avb.o
  CC      net/fastboot_udp.o
  CC      lib/smbios.o
  CC      lib/libavb/avb_chain_partition_descriptor.o
  CC      lib/libavb/avb_cmdline.o
  AR      board/raspberrypi/rpi/built-in.a
  CC      lib/libavb/avb_crypto.o
  CC      lib/libavb/avb_footer.o
  CC      lib/libavb/avb_hashtree_descriptor.o
  CC      lib/libavb/avb_property_descriptor.o
  CC      lib/libavb/avb_sha256.o
  CC      lib/libavb/avb_slot_verify.o
  CC      lib/efi_loader/efi_helper.o
  AR      env/built-in.a
  CC      lib/libavb/avb_util.o
  CC      lib/libavb/avb_version.o
  AR      common/built-in.a
  AR      cmd/built-in.a
  CC      lib/libavb/avb_descriptor.o
  CC      lib/libavb/avb_hash_descriptor.o
  CC      lib/libavb/avb_kernel_cmdline_descriptor.o
  CC      lib/libavb/avb_rsa.o
  CC      lib/libavb/avb_sha512.o
  CC      lib/libavb/avb_sysdeps_posix.o
  CC      lib/libavb/avb_vbmeta_image.o
  AR      net/built-in.a
  AR      lib/efi_loader/built-in.a
  AR      boot/built-in.a
  AR      lib/libavb/built-in.a
  AR      lib/built-in.a
  LD      u-boot
  OBJCOPY u-boot.srec
  OBJCOPY u-boot-nodtb.bin
  SYM     u-boot.sym
  RELOC   u-boot-nodtb.bin
  COPY    u-boot.bin
  OFCHK   .config
-> Compiling U-Boot boot script with AVB support (boot_avb.scr)
[03:17:33] +$ u-boot-rpi5 /app/work/u-boot-rpi5/tools/mkimage -C     main.py:404
           none -A arm64 -T script -d                                           
           /app/work/.cache/boot_avb.generated.cmd                              
           /app/work/u-boot-rpi5/boot_avb.scr                                   
Image Name:   
Created:      Mon May 18 03:17:33 2026
Image Type:   AArch64 Linux Script (uncompressed)
Data Size:    3229 Bytes = 3.15 KiB = 0.00 MiB
Load Address: 00000000
Entry Point:  00000000
Contents:
   Image 0: 3221 Bytes = 3.15 KiB = 0.00 MiB
Build completed

All requested stages completed successfully!
