[0;32m[INFO][0m Using existing docker image: rpi5-890928526d36
[0;32m[INFO][0m Starting container: rpi_build
[0;32m[INFO][0m   Workspace: /local/mnt/workspace/ghalthot/32-rpi/rpi5_aosp_car/meta-rpi5-secure-aosp/work
[0;32m[INFO][0m   User: ghalthot (UID=4186280, GID=200)
[0;32m[INFO][0m   SSH keys: /usr2/ghalthot/.ssh (read-only)
[0;32m[INFO][0m   pip config: /usr2/ghalthot/.pip (read-only)
[0;32m[INFO][0m Executing python builder application with args: --config config/rpi5_uboot_aosp.yaml --stage build --code aosp
useradd warning: ghalthot's uid 4186280 outside of the UID_MIN 1000 and UID_MAX 60000 range.
useradd: warning: the home directory /home/ghalthot already exists.
useradd: Not copying any file from skel directory into it.
Resolving dependencies...
Installing dependencies from lock file

No dependencies to install or update

Installing the current project: meta-rpi5-secure-aosp (0.1.0)
╭────────────────────────────────────────────────────╮
│ RPi5 Secure AOSP Builder                           │
│ Workspace : /app/work                              │
│ Stage     : build                                  │
│ Code      : aosp -> Kernel=No, U-Boot=No, AOSP=Yes │
│ Config    : config/rpi5_uboot_aosp.yaml            │
│ U-Boot Dir: /app/work/u-boot-rpi5                  │
│ AOSP Tag  : android-16.0.0_r4                      │
│ AVB Key   : /app/config/avb/avb_private_key.pem    │
│ AVB PubKey: from config                            │
│ SD Card   : config/sdcard/uboot_aosp.yaml          │
│ Signing   : Disabled                               │
│ Variant   : eng                                    │
│ SELinux   : permissive                             │
│ Boot State: orange                                 │
│ AVB Policy: fail_open                              │
│ Profile   : debug                                  │
│ Encryption: disabled                               │
│ Actions   : Build,                                 │
╰────────────────────────────────────────────────────╯
Stage: Build
-> Building AOSP
   Using lunch target: aosp_rpi5_car-bp4a-eng
[13:32:38] +$ rpi5-aosp bash -c 'source build/envsetup.sh && lunch   main.py:404
           aosp_rpi5_car-bp4a-eng && make bootimage systemimage                 
           vendorimage -j $(nproc)'                                             
13:32:40 Build sandboxing disabled due to nsjail error.

============================================
PLATFORM_VERSION_CODENAME=REL
PLATFORM_VERSION=16
TARGET_PRODUCT=aosp_rpi5_car
TARGET_BUILD_VARIANT=eng
TARGET_ARCH=arm64
TARGET_ARCH_VARIANT=armv8-a
TARGET_CPU_VARIANT=cortex-a76
HOST_OS=linux
HOST_OS_EXTRA=Linux-6.8.0-90-generic-x86_64-Ubuntu-24.04.4-LTS
HOST_CROSS_OS=windows
BUILD_ID=BP4A.251205.006
OUT_DIR=out
SOONG_ONLY=false
============================================
13:32:41 Build sandboxing disabled due to nsjail error.
Running product configuration...
============================================
PLATFORM_VERSION_CODENAME=REL
PLATFORM_VERSION=16
TARGET_PRODUCT=aosp_rpi5_car
TARGET_BUILD_VARIANT=eng
TARGET_ARCH=arm64
TARGET_ARCH_VARIANT=armv8-a
TARGET_CPU_VARIANT=cortex-a76
HOST_OS=linux
HOST_OS_EXTRA=Linux-6.8.0-90-generic-x86_64-Ubuntu-24.04.4-LTS
HOST_CROSS_OS=windows
BUILD_ID=BP4A.251205.006
OUT_DIR=out
SOONG_ONLY=false
============================================
[100% 1/1] bootstrap blueprint
Running globs...
ninja: no work to do.
No need to regenerate ninja file
No need to regenerate ninja file
No need to regenerate ninja file
Starting ninja...
[  2% 2/78 17s remaining] //build/soong:odm_dlkm-build.prop generating build.prop
[  3% 3/78 17s remaining] //build/soong:vendor_dlkm-build.prop generating build.prop
[  5% 4/78 17s remaining] //build/soong:system_ext-build.prop generating build.prop
[  6% 5/78 17s remaining] //build/soong:system_dlkm-build.prop generating build.prop
[  7% 6/78 17s remaining] //build/soong:odm-build.prop generating build.prop
[  8% 7/78 17s remaining] //build/soong:product-build.prop generating build.prop
[ 10% 8/78 17s remaining] //build/soong:system-build.prop generating build.prop
[ 11% 9/78 17s remaining] Install: out/target/product/rpi5/system/product/etc/build.prop
[ 12% 10/78 17s remaining] Install: out/target/product/rpi5/system/system_ext/etc/build.prop
[ 14% 11/78 17s remaining] Install: out/target/product/rpi5/system/system_dlkm/etc/build.prop
[ 15% 12/78 17s remaining] Install: out/target/product/rpi5/vendor/vendor_dlkm/etc/build.prop
[ 16% 13/78 17s remaining] Install: out/target/product/rpi5/vendor/odm_dlkm/etc/build.prop
[ 17% 14/78 17s remaining] Install: out/target/product/rpi5/vendor/odm/etc/build.prop
[ 19% 15/78 17s remaining] Install: out/target/product/rpi5/system/build.prop
[ 20% 16/78 17s remaining] //packages/modules/Virtualization/build/microdroid:microdroid_build_prop_gen_arm64 generate build.prop.out
[ 21% 17/78 17s remaining] cp out/soong/.intermediates/packages/modules/Virtualization/build/microdroid/microdroid_build_prop/android_arm64_armv8-a_cortex-a76/build.prop
[ 23% 18/78 17s remaining] Creating linker config: out/target/product/rpi5/vendor/etc/linker.config.pb
[ 24% 19/78 17s remaining] Installed file list: out/target/product/rpi5/installed-files-vendor.txt
[ 25% 20/78 17s remaining] //packages/modules/Virtualization/build/microdroid:microdroid Assemble filesystem staging dir microdroid
[ 26% 21/78 16s remaining] Target vendor fs image: out/target/product/rpi5/vendor.img
WARNING: out/target/product/rpi5/vendor.img+ approaching size limit (402653184 now; limit 402653184)
[ 28% 22/78 16s remaining] //packages/modules/Virtualization/build/microdroid:microdroid Creating filesystem microdroid
[ 29% 23/78 16s remaining] //packages/modules/Virtualization/build/microdroid:microdroid_vbmeta vbmeta microdroid_vbmeta
[ 30% 24/78 16s remaining] Install: out/target/product/rpi5/apex/com.android.virt/etc/fs/microdroid_vbmeta.img
[ 32% 25/78 15s remaining] //packages/modules/Virtualization/build/microdroid:microdroid_super Creating microdroid_super
05-17 13:32:55.628  1728  1728 I lpmake  : builder.cpp:1027 [liblp] Partition system_a will resize from 0 bytes to 49782784 bytes
[ 33% 26/78 15s remaining] Install: out/target/product/rpi5/apex/com.android.virt/etc/fs/microdroid_super.img
[ 34% 27/78 15s remaining] //packages/modules/Virtualization/build/microdroid/initrd:microdroid_vbmeta_bootconfig_gen generate bootconfig_microdroid_vbmeta
[ 35% 28/78 15s remaining] //packages/modules/Virtualization/build/microdroid/initrd:microdroid_gki-android16-6.12_initrd_normal_arm64 generate microdroid_gki-android16-6.12_initrd_normal_arm64
[ 37% 29/78 15s remaining] //packages/modules/Virtualization/build/microdroid/initrd:microdroid_gki-android16-6.12_initrd_debuggable_arm64 generate microdroid_gki-android16-6.12_initrd_debuggable_arm64
[ 38% 30/78 15s remaining] //packages/modules/Virtualization/build/microdroid/initrd:microdroid_initrd_normal_arm64 generate microdroid_initrd_normal_arm64
[ 39% 31/78 15s remaining] //packages/modules/Virtualization/build/microdroid/initrd:microdroid_initrd_debuggable_arm64 generate microdroid_initrd_debuggable_arm64
[ 41% 32/78 15s remaining] //packages/modules/Virtualization/build/microdroid/initrd:microdroid_gki-android15-6.6_initrd_normal_arm64 generate microdroid_gki-android15-6.6_initrd_normal_arm64
[ 42% 33/78 15s remaining] //packages/modules/Virtualization/build/microdroid/initrd:microdroid_gki-android15-6.6_initrd_debuggable_arm64 generate microdroid_gki-android15-6.6_initrd_debuggable_arm64
[ 43% 34/78 15s remaining] cp out/soong/.intermediates/packages/modules/Virtualization/build/microdroid/initrd/microdroid_gki-android16-6.12_initrd_normal/android_arm64_armv8-a_cortex-a76/microdroid_gki-android16-6.12_initrd_normal.img
[ 44% 35/78 15s remaining] cp out/soong/.intermediates/packages/modules/Virtualization/build/microdroid/initrd/microdroid_gki-android16-6.12_initrd_debuggable/android_arm64_armv8-a_cortex-a76/microdroid_gki-android16-6.12_initrd_debuggable.img
[ 46% 36/78 15s remaining] cp out/soong/.intermediates/packages/modules/Virtualization/build/microdroid/initrd/microdroid_initrd_normal/android_arm64_armv8-a_cortex-a76/microdroid_initrd_normal.img
[ 47% 37/78 15s remaining] cp out/soong/.intermediates/packages/modules/Virtualization/build/microdroid/initrd/microdroid_initrd_debuggable/android_arm64_armv8-a_cortex-a76/microdroid_initrd_debuggable.img
[ 48% 38/78 15s remaining] cp out/soong/.intermediates/packages/modules/Virtualization/build/microdroid/initrd/microdroid_gki-android15-6.6_initrd_normal/android_arm64_armv8-a_cortex-a76/microdroid_gki-android15-6.6_initrd_normal.img
[ 50% 39/78 15s remaining] cp out/soong/.intermediates/packages/modules/Virtualization/build/microdroid/initrd/microdroid_gki-android15-6.6_initrd_debuggable/android_arm64_armv8-a_cortex-a76/microdroid_gki-android15-6.6_initrd_debuggable.img
[ 51% 40/78 15s remaining] Install: out/target/product/rpi5/apex/com.android.virt/etc/microdroid_initrd_normal.img
[ 52% 41/78 15s remaining] Install: out/target/product/rpi5/apex/com.android.virt/etc/microdroid_initrd_debuggable.img
[ 53% 42/78 15s remaining] //packages/modules/Virtualization/build/microdroid:microdroid_initrd_debug_hashdesc avbGenVbmetaImage microdroid_initrd_debug_hashdesc
[ 55% 43/78 15s remaining] //packages/modules/Virtualization/build/microdroid:microdroid_gki-android16-6.12_initrd_normal_hashdesc avbGenVbmetaImage microdroid_gki-android16-6.12_initrd_normal_hashdesc
[ 56% 44/78 15s remaining] //packages/modules/Virtualization/build/microdroid:microdroid_gki-android16-6.12_initrd_debug_hashdesc avbGenVbmetaImage microdroid_gki-android16-6.12_initrd_debug_hashdesc
[ 57% 45/78 15s remaining] //packages/modules/Virtualization/build/microdroid:microdroid_initrd_normal_hashdesc avbGenVbmetaImage microdroid_initrd_normal_hashdesc
[ 58% 46/78 15s remaining] //packages/modules/Virtualization/build/microdroid:microdroid_gki-android15-6.6_initrd_debug_hashdesc avbGenVbmetaImage microdroid_gki-android15-6.6_initrd_debug_hashdesc
[ 60% 47/78 15s remaining] //packages/modules/Virtualization/build/microdroid:microdroid_gki-android15-6.6_initrd_normal_hashdesc avbGenVbmetaImage microdroid_gki-android15-6.6_initrd_normal_hashdesc
[ 61% 48/78 15s remaining] //packages/modules/Virtualization/build/microdroid:microdroid_kernel_signed avbAddHashFooter microdroid_kernel_signed
[ 62% 49/78 15s remaining] cp out/soong/.intermediates/packages/modules/Virtualization/build/microdroid/microdroid_kernel/android_arm64_armv8-a_cortex-a76/microdroid_kernel
[ 64% 50/78 15s remaining] Install: out/target/product/rpi5/apex/com.android.virt/etc/fs/microdroid_kernel
[ 65% 51/78 15s remaining] //packages/modules/Virtualization/build/microdroid:microdroid_gki-android15-6.6_kernel_signed avbAddHashFooter microdroid_gki-android15-6.6_kernel_signed
[ 66% 52/78 15s remaining] //packages/modules/Virtualization/build/microdroid:microdroid_gki-android16-6.12_kernel_signed avbAddHashFooter microdroid_gki-android16-6.12_kernel_signed
[ 67% 53/78 14s remaining] //packages/modules/Virtualization/build/microdroid:microdroid_kernel_hashes_rs generate lib.rs
[ 69% 54/78 14s remaining] //packages/modules/Virtualization/build/microdroid:libmicrodroid_kernel_hashes cp out
[ 70% 55/78 13s remaining] //packages/modules/Virtualization/build/microdroid:libmicrodroid_kernel_hashes clippy lib.rs
[ 71% 56/78 13s remaining] //packages/modules/Virtualization/build/microdroid:libmicrodroid_kernel_hashes rustc lib.rs
[ 73% 57/78 12s remaining] //packages/modules/Virtualization/guest/service_vm/requests:libservice_vm_requests_nostd clippy src/lib.rs
[ 74% 58/78 11s remaining] //packages/modules/Virtualization/guest/service_vm/requests:libservice_vm_requests_nostd rustc src/lib.rs
[ 75% 59/78 11s remaining] //packages/modules/Virtualization/guest/service_vm:libservice_vm clippy src/main.rs
[ 76% 60/78 10s remaining] //packages/modules/Virtualization/guest/service_vm:libservice_vm rustc src/main.rs
[ 78% 61/78 8s remaining] //packages/modules/Virtualization/guest/service_vm:service_vm_elf rustc generated_rust_staticlib/librustlibs.rs
[ 79% 62/78 8s remaining] //packages/modules/Virtualization/guest/service_vm:service_vm_elf link service_vm
[ 80% 63/78 8s remaining] //packages/modules/Virtualization/guest/service_vm:service_vm_elf strip service_vm
[ 82% 64/78 8s remaining] //packages/modules/Virtualization/guest/service_vm:service_vm_unsigned raw binary service_vm_unsigned.bin
[ 83% 65/78 8s remaining] //packages/modules/Virtualization/guest/service_vm:service_vm_signed avbAddHashFooter service_vm_signed
[ 84% 66/78 8s remaining] cp out/soong/.intermediates/packages/modules/Virtualization/guest/service_vm/service_vm_bin/android_arm64_armv8-a_cortex-a76/service_vm.bin
[ 85% 67/78 8s remaining] Install: out/target/product/rpi5/apex/com.android.virt/etc/service_vm.bin
[ 87% 68/78 5s remaining] //packages/modules/Virtualization/build/apex:com.android.virt apex
[ 88% 69/78 5s remaining] run apex_linkerconfig_validation
[ 89% 70/78 4s remaining] run host_apex_verifier
[ 91% 71/78 4s remaining] run apex_elf_checker --unwanted
[ 92% 72/78 4s remaining] //packages/modules/Virtualization/build/apex:com.android.virt signapk
[ 93% 73/78 4s remaining] run apex_sepolicy_tests
[ 94% 74/78 4s remaining] Install: out/target/product/rpi5/system/apex/com.android.virt.apex
[ 96% 75/78 4s remaining] Creating linker config: out/target/product/rpi5/system/etc/linker.config.pb
[ 97% 76/78 2s remaining] Installed file list: out/target/product/rpi5/installed-files.txt
[ 98% 77/78 0s remaining] Target system fs image: out/target/product/rpi5/obj/PACKAGING/system_intermediates/system.img
[100% 78/78 0s remaining] Install system fs image: out/target/product/rpi5/system.img
WARNING: out/target/product/rpi5/system.img approaching size limit (3221225472 now; limit 3221225472)

#### build completed successfully (37 seconds) ####

Build completed

All requested stages completed successfully!
