
  1.62 RPi: BOOTSYS release VERSION:2bb2ae64 DATE: 2025/03/10 TIME: 17:10:37
  1.66 BOOTMODE: 0x06 partition 0 build-ts BUILD_TIMESTAMP=1741626637 serial 06956aab boardrev e04171 stc 1066358
  1.76 AON_RESET: 00000003 PM_RSTS 00001000
  1.80 POWER_OFF_ON_HALT: 0 WAIT_FOR_POWER_BUTTON 0 power-on-reset 1
  1.90 RP1_BOOT chip ID: 0x20001927
  1.94 PCIEx1: PWR 0 DET_WAKE 0
  1.95 part 00000000 reset_info 00000000
  1.98 PMIC reset-event 00000000 rtc 00000001 alarm 00000000 enabled 0
  1.04 uSD voltage 3.3V
  1.11 SDRAM_CONFIG: 1b
  1.11 Initialising SDRAM rank 2 total-size: 128 Gbit 4267 (0x1b 0x1b)
  1.17 DDR 4267 1 1 128 152 BL:1
  2.44 OTP boardrev e04171 bootrom a a
  2.45 Customer key hash 0000000000000000000000000000000000000000000000000000000000000000
  2.53 VC-JTAG unlocked
  2.75 RP1_BOOT chip ID: 0x20001927

  3.11 RP1_BOOT chip ID: 0x20001927
  3.11 RP1_BOOT: fw size 46888
  4.49 PCI2 init
  4.49 PCI2 reset
  4.94 PCIe scan 00001de4:00000001
  4.94 RP1_CHIP_INFO 20001927

  4.97 RPi: BOOTLOADER release VERSION:2bb2ae64 DATE: 2025/03/10 TIME: 17:10:37
  4.04 BOOTMODE: 0x06 partition 0 build-ts BUILD_TIMESTAMP=1741626637 serial 06956aab boardrev e04171 stc 4204357
  4.14 PCIEx1: PWR 0 DET_WAKE 0
  4.17 M.2 PCIe HAT not detected.
  4.41 usb_pd_init status 3
  4.41 USB_PD CONFIG 0 41
  4.13 XHCI-STOP
  4.13 xHC0 ver: 272 HCS: 03000440 140000f1 07ff000a HCC: 0240fe6d
  4.17 USBSTS 1
  4.20 xHC0 ver: 272 HCS: 03000440 140000f1 07ff000a HCC: 0240fe6d
  4.25 xHC0 ports 3 slots 64 intrs 4
  4.37 XHCI-STOP
  4.37 xHC1 ver: 272 HCS: 03000440 140000f1 07ff000a HCC: 0240fe6d
  4.41 USBSTS 1
  4.44 xHC1 ver: 272 HCS: 03000440 140000f1 07ff000a HCC: 0240fe6d
  4.54 xHC1 ports 3 slots 64 intrs 4
  4.62 USB-PD: src-cap PDO object1 0x0a0191f4
  4.63 Current 5000 mA
  4.65 Voltage 5000 mV
  4.67 USB-PD: src-cap PDO object2 0x0002d12c
  4.71 Current 3000 mA
  4.73 Voltage 9000 mV
  4.75 USB-PD: src-cap PDO object3 0x0003c0e1
  4.80 Current 2250 mA
  4.82 Voltage 12000 mV
  4.84 USB-PD: src-cap PDO object4 0x0004b0b4
  4.88 Current 1800 mA
  4.90 Voltage 15000 mV
  4.92 Boot mode: SD (01) order f4
  9.55 SD HOST: 200000000 CTL0: 0x00800000 BUS: 400000 Hz actual: 390625 HZ div: 512 (256) status: 0x1fff0000 delay: 276
  9.65 SD HOST: 200000000 CTL0: 0x00800f00 BUS: 400000 Hz actual: 390625 HZ div: 512 (256) status: 0x1fff0000 delay: 276
  9.86 OCR c0ff8000 [333]
CID: 00035344534c3634478095513d200108
CSD: 400e00325b590001dbd37f800a404000
  9.94 SD: bus-width: 4 spec: 2 SCR: 0x02458003 0x00000000
  9.03 SD HOST: 200000000 CTL0: 0x00800f04 BUS: 50000000 Hz actual: 50000000 HZ div: 4 (2) status: 0x1fff0000 delay: 2
  9.16 MBR: 0x00000001,124735487 type: 0xee
  9.17 MBR: 0x00000000,       0 type: 0x00
  9.21 MBR: 0x00000000,       0 type: 0x00
  9.25 MBR: 0x00000000,       0 type: 0x00
  9.29 Trying partition: 0
  9.80 GPT fbed0d8492225345a00d0c96c20bb134 000000001 0076f4fff num-partitions 128 entry-size 128 pentry 2 first 0
  9.90 GPT partition: 0 c12a7328-f81f-11d2-ba4b-00a0c93ec93b 000000800..0000407ff
  9.95 Matched GUID bootable-part-idx 0 want partition 0
  9.03 type: 32 lba: 2048 'mkfs.fat' ' boot       ' clusters 258078 (1)
  9.07 rsc 32 fat-sectors 2017 root dir cluster 2 sectors 0 entries 0
  9.16 FAT32 clusters 258078
  9.20 [sdcard] autoboot.txt not found
  9.20 Select partition rsts 0 C(boot_partition) 0 EEPROM config 0 result 1
  9.27 Trying partition: 1
  9.32 GPT fbed0d8492225345a00d0c96c20bb134 000000001 0076f4fff num-partitions 128 entry-size 128 pentry 2 first 0
  9.43 GPT partition: 0 c12a7328-f81f-11d2-ba4b-00a0c93ec93b 000000800..0000407ff
  9.47 Matched GUID bootable-part-idx 0 want partition 0
  9.55 type: 32 lba: 2048 'mkfs.fat' ' boot       ' clusters 258078 (1)
  9.59 rsc 32 fat-sectors 2017 root dir cluster 2 sectors 0 entries 0
  9.68 FAT32 clusters 258078
  9.73 Read config.txt bytes      642 hnd 0x15bc1
  9.76 [sdcard] pieeprom.upd not found
  9.78 usb_max_current_enable default 0 max-current 5000
  9.90 Read bcm2712-rpi-5-b.dtb bytes    78768 hnd 0x13da0
  9.92 dt-match: compatible: raspberrypi,5-model-b match: brcm,bcm2712
  9.99 dt-match: compatible: brcm,bcm2712 match: brcm,bcm2712
  9.14 Read /config.txt bytes      642 hnd 0x15bc1
  9.20 Read /config.txt bytes      642 hnd 0x15bc1
  9.25 MESS:00:00:09.525418:0: Initial voltage 800000 temp 29037
  9.25 MESS:00:00:09.725846:0: avs_2712: AVS pred 8633 863300 temp 29586
  9.29 MESS:00:00:09.729453:0: vpred 863 mV +0
 10.57 MESS:00:00:10.357706:0: FB framebuffer_swap 1
 10.59 MESS:00:00:10.359576:0: Select resolution HDMI0/2 hotplug 0 max_mode 2
 10.66 MESS:00:00:10.366465:0: Select resolution HDMI1/2 hotplug 0 max_mode 2
 10.87 MESS:00:00:10.387175:0: dtb_file 'bcm2712-rpi-5-b.dtb'
 10.89 Loading 'bcm2712-rpi-5-b.dtb' to 0x00000000 offset 0x100
 10.04 Read bcm2712-rpi-5-b.dtb bytes    78768 hnd 0x13da0
 10.43 Read /overlays/overlay_map.dtb bytes     5971 hnd 0x14374
 10.70 Read /overlays/bcm2712d0.dtbo bytes     1363 hnd 0x14681
 10.93 MESS:00:00:10.493799:0: Loaded overlay 'bcm2712d0'
 10.57 PCIEx1: PWR 0 DET_WAKE 0
 10.76 Read /config.txt bytes      642 hnd 0x15bc1
 10.86 Read /overlays/vc4-kms-v3d-pi5.dtbo bytes     3306 hnd 0x143cb
 10.33 MESS:00:00:10.633730:0: Loaded overlay 'vc4-kms-v3d-pi5'
 10.48 Read /overlays/cma.dtbo bytes      964 hnd 0x1422f
 10.56 MESS:00:00:10.756548:0: Loaded overlay 'cma'
 10.58 MESS:00:00:10.758324:0: dtparam: cma-320=true
 10.77 Read /overlays/dwc2.dtbo bytes      801 hnd 0x142f4
 10.89 MESS:00:00:10.789412:0: Loaded overlay 'dwc2'
 10.91 MESS:00:00:10.791279:0: dtparam: dr_mode=peripheral
 10.80 Read /cmdline.txt bytes      165 hnd 0x141de
 11.18 BMD "armstub8-2712.bin" not found
 11.19 fs_open: 'armstub8-2712.bin' 
 11.22 Loading 'u-boot.bin' to 0x00000000 offset 0x200000
 11.67 Read u-boot.bin bytes   769928 hnd 0x155da
 11.69 PCI1 reset
 11.81 PCI2 reset
 11.91 set_reboot_order 0
 11.91 set_reboot_arg1 0
 11.92 USB-OTG disconnect
 11.34 MESS:00:00:11.234662:0: BSC_A no ACK
 11.35 MESS:00:00:11.235894:0: BSC_A no ACK
 11.39 MESS:00:00:11.239820:0: BSC_A no ACK
 11.63 MESS:00:00:11.263757:0: BSC_B no ACK
 11.64 MESS:00:00:11.264983:0: BSC_B no ACK
 11.68 MESS:00:00:11.268919:0: BSC_B no ACK
 11.92 MESS:00:00:11.292685:0: Starting OS 11292 ms
 11.98 MESS:00:00:11.298299:0: 00000040: -> 00000480
 11.00 MESS:00:00:11.300153:0: 00000030: -> 00100080
 11.04 MESS:00:00:11.304865:0: 00000034: -> 00100080
 11.09 MESS:00:00:11.309578:0: 00000038: -> 00100080
 11.14 MESS:00:00:11.314291:0: 0000003c: -> 00100080

NOTICE:  BL31: v2.6(release):v2.6-240-gfc45bc492
NOTICE:  BL31: Built : 12:55:13, Dec  4 2024


U-Boot 2026.04-rc4-00007-g1a532eb66c0a-dirty (Jun 04 2026 - 03:16:48 +0000)

DRAM:  16 GiB
RPI 5 Model B (0xe04171)
Core:  25 devices, 11 uclasses, devicetree: board
MMC:   mmc@fff000: 0, mmc@1100000: 1
Loading Environment from FAT... Unable to read "uboot.env" from mmc0:1... 
In:    serial,usbkbd
Out:   serial,vidconsole
Err:   serial,vidconsole
mbox: Header response code invalid
bcm2835: Could not query MAC address
Net:   No ethernet found.

starting USB...
USB DWC2
Bus usb@480000: 1 USB Device(s) found
       scanning usb for storage devices... 0 Storage Device(s) found
Hit any key to stop autoboot: 2Hit any key to stop autoboot: 1Hit any key to stop autoboot: 0
No EFI variables loaded
** Booting bootflow '<NULL>' with efi_mgr
Loading Boot0000 'mmc 0' failed
EFI boot manager: Cannot load any image
Boot failed (err=-14)
** Booting bootflow 'mmc@fff000.bootdev.part_1' with script
=== Android U-Boot Boot Script (AVB) ===
Setting AVB policy to default: fail_closed
AVB fail policy: fail_closed
Initializing AVB...
Verifying partitions...
## Android Verified Boot 2.0 version 1.1.0
avb_vbmeta_image.c:46: ERROR: Magic is incorrect.
avb_slot_verify.c:745: ERROR: vbmeta: Error verifying vbmeta image: invalid vbmeta header
Verification failed, reason: Metadata is invalid or inconsistent
AVB: Verification FAILED
Fail-closed policy: resetting
resetting ...
Ì
  0.66 RPi: BOOTSYS release VERSION:2bb2ae64 DATE: 2025/03/10 TIME: 17:10:37
  0.70 BOOTMODE: 0x06 partition 0 build-ts BUILD_TIMESTAMP=1741626637 serial 06956aab boardrev e04171 stc 870569
  0.80 AON_RESET: 00000003 PM_RSTS 00001020
  0.84 POWER_OFF_ON_HALT: 0 WAIT_FOR_POWER_BUTTON 0 power-on-reset 0
  0.94 RP1_BOOT chip ID: 0x20001927
  0.99 PCIEx1: PWR 0 DET_WAKE 0
  0.99 part 00000000 reset_info 00000000
  0.02 PMIC reset-event 00000000 rtc 00000011 alarm 00000000 enabled 0
  0.09 uSD voltage 3.3V
  0.15 SDRAM_CONFIG: 1b
  0.15 Initialising SDRAM rank 2 total-size: 128 Gbit 4267 (0x1b 0x1b)
  0.21 DDR 4267 1 1 128 152 BL:1
  2.54 OTP boardrev e04171 bootrom a a
  2.56 Customer key hash 0000000000000000000000000000000000000000000000000000000000000000
  2.63 VC-JTAG unlocked
  2.86 RP1_BOOT chip ID: 0x20001927
