  0.69 RPi: BOOTSYS release VERSION:2bb2ae64 DATE: 2025/03/10 TIME: 17:10:37
  0.73 BOOTMODE: 0x06 partition 0 build-ts BUILD_TIMESTAMP=1741626637 serial 06956aab boardrev e04171 stc 973272
  0.83 AON_RESET: 00000003 PM_RSTS 00001000
  0.87 POWER_OFF_ON_HALT: 0 WAIT_FOR_POWER_BUTTON 0 power-on-reset 1
  0.96 RP1_BOOT chip ID: 0x20001927
  1.01 PCIEx1: PWR 0 DET_WAKE 0
  1.01 part 00000000 reset_info 00000000
  1.05 PMIC reset-event 00000000 rtc 00000000 alarm 00000000 enabled 0
  1.11 uSD voltage 3.3V
  1.18 SDRAM_CONFIG: 1b
  1.18 Initialising SDRAM rank 2 total-size: 128 Gbit 4267 (0x1b 0x1b)
  1.23 DDR 4267 1 1 128 152 BL:1
  2.55 OTP boardrev e04171 bootrom a a
  2.56 Customer key hash 0000000000000000000000000000000000000000000000000000000000000000
  2.63 VC-JTAG unlocked
  2.86 RP1_BOOT chip ID: 0x20001927

  3.21 RP1_BOOT chip ID: 0x20001927
  3.22 RP1_BOOT: fw size 46888
  4.60 PCI2 init
  4.60 PCI2 reset
  4.04 PCIe scan 00001de4:00000001
  4.05 RP1_CHIP_INFO 20001927

  4.08 RPi: BOOTLOADER release VERSION:2bb2ae64 DATE: 2025/03/10 TIME: 17:10:37
  4.15 BOOTMODE: 0x06 partition 0 build-ts BUILD_TIMESTAMP=1741626637 serial 06956aab boardrev e04171 stc 4115108
  4.25 PCIEx1: PWR 0 DET_WAKE 0
  4.28 M.2 PCIe HAT not detected.
  4.52 usb_pd_init status 3
  4.52 USB_PD CONFIG 0 41
  4.32 XHCI-STOP
  4.32 xHC0 ver: 272 HCS: 03000440 140000f1 07ff000a HCC: 0240fe6d
  4.36 USBSTS 1
  4.39 xHC0 ver: 272 HCS: 03000440 140000f1 07ff000a HCC: 0240fe6d
  4.44 xHC0 ports 3 slots 64 intrs 4
  4.56 XHCI-STOP
  4.56 xHC1 ver: 272 HCS: 03000440 140000f1 07ff000a HCC: 0240fe6d
  4.60 USBSTS 1
  4.63 xHC1 ver: 272 HCS: 03000440 140000f1 07ff000a HCC: 0240fe6d
  4.68 xHC1 ports 3 slots 64 intrs 4
  4.75 USB-PD: src-cap PDO object1 0x0a0191f4
  4.77 Current 5000 mA
  4.79 Voltage 5000 mV
  4.81 USB-PD: src-cap PDO object2 0x0002d12c
  4.85 Current 3000 mA
  4.87 Voltage 9000 mV
  4.89 USB-PD: src-cap PDO object3 0x0003c0e1
  4.93 Current 2250 mA
  4.95 Voltage 12000 mV
  4.98 USB-PD: src-cap PDO object4 0x0004b0b4
  4.02 Current 1800 mA
  4.04 Voltage 15000 mV
  4.06 Boot mode: SD (01) order f4
  8.68 SD HOST: 200000000 CTL0: 0x00800000 BUS: 400000 Hz actual: 390625 HZ div: 512 (256) status: 0x1fff0000 delay: 276
  8.79 SD HOST: 200000000 CTL0: 0x00800f00 BUS: 400000 Hz actual: 390625 HZ div: 512 (256) status: 0x1fff0000 delay: 276
  9.10 OCR c0ff8000 [191]
CID: 000353444a554c494580fa91d30f0128
CSD: 400e00325b590000edc87f800a404000
  9.19 SD: bus-width: 4 spec: 2 SCR: 0x02358043 0x00000000
  9.26 SD HOST: 200000000 CTL0: 0x00800f04 BUS: 50000000 Hz actual: 50000000 HZ div: 4 (2) status: 0x1fff0000 delay: 2
  9.38 MBR: 0x00000001,62333951 type: 0xee
  9.39 MBR: 0x00000000,       0 type: 0x00
  9.43 MBR: 0x00000000,       0 type: 0x00
  9.47 MBR: 0x00000000,       0 type: 0x00
  9.51 Trying partition: 0
  9.01 GPT c5128dd51674734ab302c2bf5ca22b36 000000001 003b723ff num-partitions 128 entry-size 128 pentry 2 first 0
  9.09 GPT partition: 0 c12a7328-f81f-11d2-ba4b-00a0c93ec93b 000000800..0000407ff
  9.16 Matched GUID bootable-part-idx 0 want partition 0
  9.24 type: 32 lba: 2048 'mkfs.fat' ' boot       ' clusters 258078 (1)
  9.27 rsc 32 fat-sectors 2017 root dir cluster 2 sectors 0 entries 0
  9.36 FAT32 clusters 258078
  9.40 [sdcard] autoboot.txt not found
  9.41 Select partition rsts 0 C(boot_partition) 0 EEPROM config 0 result 1
  9.47 Trying partition: 1
  9.52 GPT c5128dd51674734ab302c2bf5ca22b36 000000001 003b723ff num-partitions 128 entry-size 128 pentry 2 first 0
  9.62 GPT partition: 0 c12a7328-f81f-11d2-ba4b-00a0c93ec93b 000000800..0000407ff
  9.67 Matched GUID bootable-part-idx 0 want partition 0
  9.75 type: 32 lba: 2048 'mkfs.fat' ' boot       ' clusters 258078 (1)
  9.79 rsc 32 fat-sectors 2017 root dir cluster 2 sectors 0 entries 0
  9.87 FAT32 clusters 258078
  9.90 Read config.txt bytes      302 hnd 0x13aca
  9.94 [sdcard] pieeprom.upd not found
  9.95 usb_max_current_enable default 0 max-current 5000
  9.09 Read bcm2712-rpi-5-b.dtb bytes    78744 hnd 0x11b80
  9.11 dt-match: compatible: raspberrypi,5-model-b match: brcm,bcm2712
  9.17 dt-match: compatible: brcm,bcm2712 match: brcm,bcm2712
  9.29 Read /config.txt bytes      302 hnd 0x13aca
  9.33 Read /config.txt bytes      302 hnd 0x13aca
  9.38 MESS:00:00:09.338541:0: Initial voltage 800000 temp 29037
  9.38 MESS:00:00:09.538967:0: avs_2712: AVS pred 8624 862400 temp 29037
  9.42 MESS:00:00:09.542574:0: vpred 862 mV +0
 10.70 MESS:00:00:10.170837:0: FB framebuffer_swap 1
 10.72 MESS:00:00:10.172707:0: Select resolution HDMI0/2 hotplug 0 max_mode 2
 10.79 MESS:00:00:10.179597:0: Select resolution HDMI1/2 hotplug 0 max_mode 2
 10.99 MESS:00:00:10.199256:0: dtb_file 'bcm2712-rpi-5-b.dtb'
 10.01 Loading 'bcm2712-rpi-5-b.dtb' to 0x00000000 offset 0x100
 10.15 Read bcm2712-rpi-5-b.dtb bytes    78744 hnd 0x11b80
 10.53 Read /overlays/overlay_map.dtb bytes     5971 hnd 0x12152
 10.80 Read /overlays/bcm2712d0.dtbo bytes     1363 hnd 0x1245f
 10.03 MESS:00:00:10.303500:0: Loaded overlay 'bcm2712d0'
 10.67 PCIEx1: PWR 0 DET_WAKE 0
 10.82 Read /config.txt bytes      302 hnd 0x13aca
 10.92 Read /overlays/vc4-kms-v3d-pi5.dtbo bytes     3306 hnd 0x121a9
 10.39 MESS:00:00:10.439377:0: Loaded overlay 'vc4-kms-v3d-pi5'
 10.52 Read /overlays/cma.dtbo bytes      964 hnd 0x1200f
 10.60 MESS:00:00:10.560945:0: Loaded overlay 'cma'
 10.62 MESS:00:00:10.562721:0: dtparam: cma-320=true
 10.80 Read /overlays/dwc2.dtbo bytes      801 hnd 0x120d2
 10.92 MESS:00:00:10.592094:0: Loaded overlay 'dwc2'
 10.93 MESS:00:00:10.593960:0: dtparam: dr_mode=peripheral
 10.82 Read /cmdline.txt bytes      208 hnd 0x11fbe
 10.18 BMD "armstub8-2712.bin" not found
 10.19 fs_open: 'armstub8-2712.bin' 
 10.23 Loading 'u-boot.bin' to 0x00000000 offset 0x200000
 10.64 Read u-boot.bin bytes   706888 hnd 0x13562
 10.66 PCI1 reset
 10.77 PCI2 reset
 10.87 set_reboot_order 0
 10.87 set_reboot_arg1 0
 10.89 USB-OTG disconnect
 11.31 MESS:00:00:11.031446:0: BSC_A no ACK
 11.32 MESS:00:00:11.032678:0: BSC_A no ACK
 11.36 MESS:00:00:11.036604:0: BSC_A no ACK
 11.60 MESS:00:00:11.060540:0: BSC_B no ACK
 11.61 MESS:00:00:11.061767:0: BSC_B no ACK
 11.65 MESS:00:00:11.065702:0: BSC_B no ACK
 11.89 MESS:00:00:11.089468:0: Starting OS 11089 ms
 11.95 MESS:00:00:11.095082:0: 00000040: -> 00000480
 11.96 MESS:00:00:11.096935:0: 00000030: -> 00100080
 11.01 MESS:00:00:11.101648:0: 00000034: -> 00100080
 11.06 MESS:00:00:11.106361:0: 00000038: -> 00100080
 11.11 MESS:00:00:11.111073:0: 0000003c: -> 00100080

NOTICE:  BL31: v2.6(release):v2.6-240-gfc45bc492
NOTICE:  BL31: Built : 12:55:13, Dec  4 2024
[    0.000000] Booting Linux on physical CPU 0x0000000000 [0x414fd0b1]
[    0.000000] Linux version 6.12.73-g8af794a959ec-v8 (kleaf@build-host) (Android (14043575, +pgo, +bolt, +lto, +mlgo, based on r536225) clang version 19.0.1 (https://android.googlesource.com/toolchain/llvm-project b3a530ec6537146650e42be89f1089e9a3588460), LLD 19.0.1) #1 SMP PREEMPT Thu Feb 19 17:32:04 UTC 2026
[    0.000000] KASLR enabled
[    0.000000] random: crng init done
[    0.000000] Machine model: Raspberry Pi 5 Model B Rev 1.1
[    0.000000] efi: UEFI not found.
[    0.000000] Reserved memory: created CMA memory pool at 0x000000002bc00000, size 320 MiB
[    0.000000] OF: reserved mem: initialized node linux,cma, compatible id shared-dma-pool
[    0.000000] OF: reserved mem: 0x000000002bc00000..0x000000003fbfffff (327680 KiB) map reusable linux,cma
[    0.000000] OF: reserved mem: 0x0000000000000000..0x000000000007ffff (512 KiB) nomap non-reusable atf@0
[    0.000000] OF: reserved mem: 0x000000003fd16220..0x000000003fd1625d (0 KiB) nomap non-reusable nvram@0
[    0.000000] NUMA: Faking a node at [mem 0x0000000000000000-0x00000003ffffffff]
[    0.000000] NODE_DATA(0) allocated [mem 0x3fdd9dc80-0x3fdda0a3f]
[    0.000000] Zone ranges:
[    0.000000]   DMA      [mem 0x0000000000000000-0x00000000ffffffff]
[    0.000000]   DMA32    empty
[    0.000000]   Normal   [mem 0x0000000100000000-0x00000003ffffffff]
[    0.000000] Movable zone start for each node
[    0.000000] Early memory node ranges
[    0.000000]   node   0: [mem 0x0000000000000000-0x000000000007ffff]
[    0.000000]   node   0: [mem 0x0000000000080000-0x000000003fbfffff]
[    0.000000]   node   0: [mem 0x0000000040000000-0x00000003ffffffff]
[    0.000000] Initmem setup node 0 [mem 0x0000000000000000-0x00000003ffffffff]
[    0.000000] On node 0, zone DMA: 1024 pages in unavailable ranges
[    0.000000] psci: probing for conduit method from DT.
[    0.000000] psci: PSCIv1.1 detected in firmware.
[    0.000000] psci: Using standard PSCI v0.2 function IDs
[    0.000000] psci: MIGRATE_INFO_TYPE not supported.
[    0.000000] psci: SMC Calling Convention v1.2
[    0.000000] percpu: Embedded 83 pages/cpu s176280 r131072 d32616 u339968
[    0.000000] Detected PIPT I-cache on CPU0
[    0.000000] CPU features: detected: Virtualization Host Extensions
[    0.000000] CPU features: detected: Spectre-v4
[    0.000000] CPU features: detected: Spectre-BHB
[    0.000000] CPU features: kernel page table isolation forced ON by KASLR
[    0.000000] CPU features: detected: Kernel page table isolation (KPTI)
[    0.000000] CPU features: detected: SSBS not fully self-synchronizing
[    0.000000] alternatives: applying boot alternatives
[    0.000000] Kernel command line:  root=/dev/ram0 rootwait androidboot.hardware=rpi5 androidboot.selinux=permissive  androidboot.serialno=6113ca6606956aab androidboot.btmacaddr=11:22:06:95:6a:ab
[    0.000000] printk: log buffer data + meta data: 131072 + 458752 = 589824 bytes
[    0.000000] Dentry cache hash table entries: 2097152 (order: 12, 16777216 bytes, linear)
[    0.000000] Inode-cache hash table entries: 1048576 (order: 11, 8388608 bytes, linear)
[    0.000000] Fallback order for Node 0: 0 
[    0.000000] Built 1 zonelists, mobility grouping on.  Total pages: 4193280
[    0.000000] Policy zone: Normal
[    0.000000] mem auto-init: stack:all(zero), heap alloc:off, heap free:off
[    0.000000] software IO TLB: area num 4.
[    0.000000] software IO TLB: mapped [mem 0x00000000fbfff000-0x00000000fffff000] (64MB)
[    0.000000] SLUB: HWalign=64, Order=0-3, MinObjects=0, CPUs=4, Nodes=1
[    0.000000] ftrace: allocating 63501 entries in 249 pages
[    0.000000] ftrace: allocated 249 pages with 6 groups
[    0.000000] rcu: Preemptible hierarchical RCU implementation.
[    0.000000] rcu: RCU event tracing is enabled.
[    0.000000] Trampoline variant of Tasks RCU enabled.
[    0.000000] Rude variant of Tasks RCU enabled.
[    0.000000] Tracing variant of Tasks RCU enabled.
[    0.000000] rcu: RCU calculated value of scheduler-enlistment delay is 25 jiffies.
[    0.000000] RCU Tasks: Setting shift to 2 and lim to 1 rcu_task_cb_adjust=1 rcu_task_cpu_ids=4.
[    0.000000] RCU Tasks Rude: Setting shift to 2 and lim to 1 rcu_task_cb_adjust=1 rcu_task_cpu_ids=4.
[    0.000000] RCU Tasks Trace: Setting shift to 2 and lim to 1 rcu_task_cb_adjust=1 rcu_task_cpu_ids=4.
[    0.000000] NR_IRQS: 64, nr_irqs: 64, preallocated irqs: 0
[    0.000000] Root IRQ handler: gic_handle_irq
[    0.000000] GIC: Using split EOI/Deactivate mode
[    0.000000] rcu: srcu_init: Setting srcu_struct sizes based on contention.
[    0.000000] arch_timer: cp15 timer(s) running at 54.00MHz (phys).
[    0.000000] clocksource: arch_sys_counter: mask: 0xffffffffffffff max_cycles: 0xc743ce346, max_idle_ns: 440795203123 ns
[    0.000000] sched_clock: 56 bits at 54MHz, resolution 18ns, wraps every 4398046511102ns
[    0.000126] kfence: initialized - using 2097152 bytes for 255 objects at 0x(____ptrval____)-0x(____ptrval____)
[    0.000185] Calibrating delay loop (skipped), value calculated using timer frequency.. 108.00 BogoMIPS (lpj=216000)
[    0.000188] pid_max: default: 32768 minimum: 301
[    0.000221] LSM: initializing lsm=capability,selinux,bpf
[    0.000252] SELinux:  Initializing.
[    0.000514] LSM support for eBPF active
[    0.000595] Mount-cache hash table entries: 32768 (order: 6, 262144 bytes, linear)
[    0.000639] Mountpoint-cache hash table entries: 32768 (order: 6, 262144 bytes, linear)
[    0.001363] rcu: Hierarchical SRCU implementation.
[    0.001364] rcu: Max phase no-delay instances is 1000.
[    0.001416] Timer migration: 1 hierarchy levels; 8 children per group; 1 crossnode level
[    0.001799] EFI services will not be available.
[    0.001867] smp: Bringing up secondary CPUs ...
[    0.002032] Detected PIPT I-cache on CPU1
[    0.002059] CPU1: Booted secondary processor 0x0000000100 [0x414fd0b1]
[    0.002246] Detected PIPT I-cache on CPU2
[    0.002268] CPU2: Booted secondary processor 0x0000000200 [0x414fd0b1]
[    0.002434] Detected PIPT I-cache on CPU3
[    0.002452] CPU3: Booted secondary processor 0x0000000300 [0x414fd0b1]
[    0.002477] smp: Brought up 1 node, 4 CPUs
[    0.002480] SMP: Total of 4 processors activated.
[    0.002481] CPU: All CPU(s) started at EL2
[    0.002482] CPU features: detected: 32-bit EL0 Support
[    0.002484] CPU features: detected: Data cache clean to the PoU not required for I/D coherence
[    0.002486] CPU features: detected: Common not Private translations
[    0.002487] CPU features: detected: CRC32 instructions
[    0.002489] CPU features: detected: RCpc load-acquire (LDAPR)
[    0.002490] CPU features: detected: LSE atomic instructions
[    0.002491] CPU features: detected: Privileged Access Never
[    0.002492] CPU features: detected: RAS Extension Support
[    0.002493] CPU features: detected: Speculative Store Bypassing Safe (SSBS)
[    0.002513] alternatives: applying system-wide alternatives
[    0.004914] CPU features: detected: Hardware dirty bit management on CPU0-3
[    0.005062] Memory: 16010128K/16773120K available (22016K kernel code, 2814K rwdata, 9228K rodata, 2048K init, 749K bss, 429232K reserved, 327680K cma-reserved)
[    0.005499] devtmpfs: initialized
[    0.007789] Enabled cp15_barrier support
[    0.007793] Enabled setend support
[    0.007853] clocksource: jiffies: mask: 0xffffffff max_cycles: 0xffffffff, max_idle_ns: 7645041785100000 ns
[    0.007858] futex hash table entries: 1024 (order: 4, 65536 bytes, linear)
[    0.011102] 2G module region forced by RANDOMIZE_MODULE_REGION_FULL
[    0.011107] 0 pages in range for non-PLT usage
[    0.011108] 515008 pages in range for PLT usage
[    0.011210] pinctrl core: initialized pinctrl subsystem
[    0.012119] NET: Registered PF_NETLINK/PF_ROUTE protocol family
[    0.012416] DMA: preallocated 2048 KiB GFP_KERNEL pool for atomic allocations
[    0.012483] DMA: preallocated 2048 KiB GFP_KERNEL|GFP_DMA pool for atomic allocations
[    0.012505] audit: initializing netlink subsys (disabled)
[    0.012556] audit: type=2000 audit(0.008:1): state=initialized audit_enabled=0 res=1
[    0.012654] thermal_sys: Registered thermal governor 'step_wise'
[    0.012664] cpuidle: using governor menu
[    0.012720] hw-breakpoint: found 6 breakpoint and 4 watchpoint registers.
[    0.012741] ASID allocator initialised with 32768 entries
[    0.012971] Serial: AMBA PL011 UART driver
[    0.013576] /soc@107c000000/interrupt-controller@7fff9000: Fixed dependency cycle(s) with /soc@107c000000/interrupt-controller@7fff9000
[    0.013751] bcm2835-mbox 107c013880.mailbox: mailbox enabled
[    0.013878] 107d001000.serial: ttyAMA10 at MMIO 0x107d001000 (irq = 16, base_baud = 0) is a PL011 AXI
[    0.013887] printk: legacy console [ttyAMA10] enabled
[    0.804075] raspberrypi-firmware soc@107c000000:firmware: Attached to firmware from 2025-03-10T17:10:37, variant start_cd
[    0.819085] raspberrypi-firmware soc@107c000000:firmware: Firmware hash is 2bb2ae6400000000000000000000000000000000
[    0.905587] raid6: neonx8   gen() 12725 MB/s
[    0.977601] raid6: neonx4   gen() 12751 MB/s
[    1.049616] raid6: neonx2   gen() 11667 MB/s
[    1.121633] raid6: neonx1   gen()  9153 MB/s
[    1.193651] raid6: int64x8  gen()  5207 MB/s
[    1.265952] raid6: int64x4  gen()  5599 MB/s
[    1.338256] raid6: int64x2  gen()  4920 MB/s
[    1.410555] raid6: int64x1  gen()  4141 MB/s
[    1.414835] raid6: using algorithm neonx4 gen() 12751 MB/s
[    1.488351] raid6: .... xor() 9723 MB/s, rmw enabled
[    1.493330] raid6: using neon recovery algorithm
[    1.498094] bcm2835-dma 1000010000.dma: DMA legacy API manager, dmachans=0x1
[    1.505453] iommu: Default domain type: Translated
[    1.510267] iommu: DMA domain TLB invalidation policy: strict mode
[    1.516584] SCSI subsystem initialized
[    1.520371] usbcore: registered new interface driver usbfs
[    1.525881] usbcore: registered new interface driver hub
[    1.531217] usbcore: registered new device driver usb
[    1.536380] mc: Linux media interface: v0.10
[    1.540670] videodev: Linux video capture interface: v2.00
[    1.546187] pps_core: LinuxPPS API ver. 1 registered
[    1.551165] pps_core: Software ver. 5.3.6 - Copyright 2005-2007 Rodolfo Giometti <giometti@linux.it>
[    1.560334] PTP clock support registered
[    1.564306] Advanced Linux Sound Architecture Driver Initialized.
[    1.570556] Bluetooth: Core ver 2.22
[    1.574142] NET: Registered PF_BLUETOOTH protocol family
[    1.579470] Bluetooth: HCI device and connection manager initialized
[    1.585847] Bluetooth: HCI socket layer initialized
[    1.590738] Bluetooth: L2CAP socket layer initialized
[    1.595806] Bluetooth: SCO socket layer initialized
[    1.600848] clocksource: Switched to clocksource arch_sys_counter
[    1.607076] VFS: Disk quotas dquot_6.6.0
[    1.611019] VFS: Dquot-cache hash table entries: 512 (order 0, 4096 bytes)
[    1.618182] NET: Registered PF_INET protocol family
[    1.623409] IP idents hash table entries: 262144 (order: 9, 2097152 bytes, linear)
[    1.633800] tcp_listen_portaddr_hash hash table entries: 8192 (order: 5, 131072 bytes, linear)
[    1.642527] Table-perturb hash table entries: 65536 (order: 6, 262144 bytes, linear)
[    1.650318] TCP established hash table entries: 131072 (order: 8, 1048576 bytes, linear)
[    1.658793] TCP bind hash table entries: 65536 (order: 9, 2097152 bytes, linear)
[    1.667706] TCP: Hash tables configured (established 131072 bind 65536)
[    1.674545] MPTCP token hash table entries: 16384 (order: 7, 393216 bytes, linear)
[    1.682420] UDP hash table entries: 8192 (order: 6, 262144 bytes, linear)
[    1.689363] UDP-Lite hash table entries: 8192 (order: 6, 262144 bytes, linear)
[    1.696821] NET: Registered PF_UNIX/PF_LOCAL protocol family
[    1.702707] NET: Registered PF_XDP protocol family
[    1.707522] PCI: CLS 0 bytes, default 64
[    1.711519] Trying to unpack rootfs image as initramfs...
[    1.722688] kvm [1]: nv: 554 coarse grained trap handlers
[    1.728321] kvm [1]: IPA Size Limit: 40 bits
[    1.732656] kvm [1]: vgic interrupt IRQ9
[    1.735719] Freeing initrd memory: 1508K
[    1.740541] kvm [1]: VHE mode initialized successfully
[    1.746166] Initialise system trusted keyrings
[    1.750682] workingset: timestamp_bits=42 max_order=22 bucket_order=0
[    1.757556] Key type cifs.idmap registered
[    1.761690] fuse: init (API version 7.41)
[    1.777520] xor: measuring software checksum speed
[    1.782507]    8regs           : 18096 MB/sec
[    1.787051]    32regs          : 18690 MB/sec
[    1.791568]    arm64_neon      : 22003 MB/sec
[    1.795935] xor: using function: arm64_neon (22003 MB/sec)
[    1.801438] Key type asymmetric registered
[    1.805546] Asymmetric key parser 'x509' registered
[    1.810454] Block layer SCSI generic (bsg) driver version 0.4 loaded (major 244)
[    1.817911] io scheduler mq-deadline registered
[    1.822454] io scheduler kyber registered
[    1.826478] io scheduler bfq registered
[    1.830684] irq_brcmstb_l2: registered L2 intc (/soc@107c000000/interrupt-controller@7d510600, parent irq: 27)
[    1.840775] irq_brcmstb_l2: registered L2 intc (/soc@107c000000/interrupt-controller@7c502000, parent irq: 28)
[    1.850854] irq_brcmstb_l2: registered L2 intc (/soc@107c000000/intc@7d508380, parent irq: 29)
[    1.859540] irq_brcmstb_l2: registered L2 intc (/soc@107c000000/intc@7d508400, parent irq: 30)
[    1.868236] irq_brcmstb_l2: registered L2 intc (/soc@107c000000/intc@7d503000, parent irq: 31)
[    1.877940] ledtrig-cpu: registered to indicate activity on CPUs
[    1.912708] bcm7271-uart 107d50c000.serial: error -EINVAL: unable to register 8250 port
[    1.920749] bcm7271-uart 107d50c000.serial: probe with driver bcm7271-uart failed with error -22
[    1.929766] iproc-rng200 107d208000.rng: hwrng registered
[    1.935212] vc-mem: phys_addr:0x00000000 mem_base=0x00000000 mem_size:0x00000000(0 MiB)
[    1.943342] rpi-gpiomem 107d508500.gpiomem: window base 0x107d508500 size 0x00000040
[    1.951141] rpi-gpiomem 107d508500.gpiomem: initialised 1 regions as /dev/gpiomem1
[    1.958758] rpi-gpiomem 107d517c00.gpiomem: window base 0x107d517c00 size 0x00000040
[    1.966550] rpi-gpiomem 107d517c00.gpiomem: initialised 1 regions as /dev/gpiomem2
[    1.974158] rpi-gpiomem 107d504100.gpiomem: window base 0x107d504100 size 0x00000020
[    1.981954] rpi-gpiomem 107d504100.gpiomem: initialised 1 regions as /dev/gpiomem3
[    1.989562] rpi-gpiomem 107d510700.gpiomem: window base 0x107d510700 size 0x00000020
[    1.997358] rpi-gpiomem 107d510700.gpiomem: initialised 1 regions as /dev/gpiomem4
[    2.005080] bcm2712-iommu-cache 1000005b00.iommuc: bcm2712_iommu_cache_probe
[    2.015285] brd: module loaded
[    2.020824] loop: module loaded
[    2.024091] zram: Added device: zram0
[    2.027884] bcm2835-power bcm2835-power: Broadcom BCM2835 power domains driver
[    2.035277] Loading iSCSI transport class v2.0-870.
[    2.040932] wireguard: WireGuard 1.0.0 loaded. See www.wireguard.com for information.
[    2.048798] wireguard: Copyright (C) 2015-2019 Jason A. Donenfeld <Jason@zx2c4.com>. All Rights Reserved.
[    2.058971] tun: Universal TUN/TAP device driver, 1.6
[    2.064240] usbcore: registered new interface driver brcmfmac
[    2.070015] usbcore: registered new device driver r8152-cfgselector
[    2.076310] usbcore: registered new interface driver r8152
[    2.081820] usbcore: registered new interface driver lan78xx
[    2.087506] usbcore: registered new interface driver asix
[    2.092928] usbcore: registered new interface driver ax88179_178a
[    2.099050] usbcore: registered new interface driver cdc_ether
[    2.104908] usbcore: registered new interface driver smsc95xx
[    2.110679] usbcore: registered new interface driver cdc_ncm
[    2.116363] usbcore: registered new interface driver r8153_ecm
[    2.122274] dwc_otg: version 3.00a 10-AUG-2012 (platform bus)
[    2.129096] dwc2 1000480000.usb: supply vusb_d not found, using dummy regulator
[    2.136464] dwc2 1000480000.usb: supply vusb_a not found, using dummy regulator
[    2.244963] dwc2 1000480000.usb: EPs: 8, dedicated fifos, 4080 entries in SPRAM
[    2.252418] usbcore: registered new interface driver cdc_acm
[    2.258099] cdc_acm: USB Abstract Control Model driver for USB modems and ISDN adapters
[    2.266141] usbcore: registered new interface driver usblp
[    2.271690] usbcore: registered new interface driver uas
[    2.277028] usbcore: registered new interface driver usb-storage
[    2.283073] usbcore: registered new interface driver ch341
[    2.288580] usbserial: USB Serial support registered for ch341-uart
[    2.294881] usbcore: registered new interface driver cp210x
[    2.300477] usbserial: USB Serial support registered for cp210x
[    2.306422] usbcore: registered new interface driver pl2303
[    2.312016] usbserial: USB Serial support registered for pl2303
[    2.318061] mousedev: PS/2 mouse device common for all mice
[    2.323663] usbcore: registered new interface driver xpad
[    2.329086] usbcore: registered new interface driver usb_acecad
[    2.335032] usbcore: registered new interface driver aiptek
[    2.340628] usbcore: registered new interface driver hanwang
[    2.346312] usbcore: registered new interface driver kbtab
[    2.351843] usbcore: registered new interface driver usbtouchscreen
[    2.365676] rpi-rtc soc@107c000000:rpi_rtc: registered as rtc0
[    2.372902] rpi-rtc soc@107c000000:rpi_rtc: setting system clock to 1970-01-01T00:00:21 UTC (21)
[    2.381741] i2c_dev: i2c /dev entries driver
[    2.386139] brcmstb-i2c 107d508200.i2c:  @97500hz registered in interrupt mode
[    2.393457] brcmstb-i2c 107d508280.i2c:  @97500hz registered in interrupt mode
[    2.400822] ir_imon_decoder: IR iMON protocol handler initialized
[    2.406949] IR JVC protocol handler initialized
[    2.411493] IR MCE Keyboard/mouse protocol handler initialized
[    2.417345] IR NEC protocol handler initialized
[    2.421887] IR RC5(x/sz) protocol handler initialized
[    2.426954] IR RC6 protocol handler initialized
[    2.431495] IR RCMM protocol handler initialized
[    2.436128] IR SANYO protocol handler initialized
[    2.440849] IR Sharp protocol handler initialized
[    2.445566] IR Sony protocol handler initialized
[    2.450196] IR XMP protocol handler initialized
[    2.454865] usbcore: registered new interface driver uvcvideo
[    2.460971] bcm2835-wdt bcm2835-wdt: Poweroff handler already present!
[    2.467524] bcm2835-wdt bcm2835-wdt: Broadcom BCM2835 watchdog timer
[    2.473911] device-mapper: uevent: version 1.0.3
[    2.478574] device-mapper: ioctl: 4.48.0-ioctl (2023-03-01) initialised: dm-devel@lists.linux.dev
[    2.487522] Bluetooth: HCI UART driver ver 2.3
[    2.491980] Bluetooth: HCI UART protocol H4 registered
[    2.497149] Bluetooth: HCI UART protocol Broadcom registered
[    2.504887] sdhci: Secure Digital Host Controller Interface driver
[    2.511090] sdhci: Copyright(c) Pierre Ossman
[    2.515499] sdhci-pltfm: SDHCI platform and OF driver helper
[    2.521241] SMCCC: SOC_ID: ARCH_SOC_ID not implemented, skipping ....
[    2.527720] hid: raw HID events driver (C) Jiri Kosina
[    2.533521] usbcore: registered new interface driver usbhid
[    2.539118] usbhid: USB HID core driver
[    2.543021] ashmem: initialized
[    2.546212] SPI driver st-accel-spi has no spi_device_id for st,lis302dl-spi
[    2.553290] SPI driver st-accel-spi has no spi_device_id for st,lis3lv02dl-accel
[    2.560712] SPI driver st-accel-spi has no spi_device_id for st,lis3dh-accel
[    2.567788] SPI driver st-accel-spi has no spi_device_id for st,lsm330d-accel
[    2.574949] SPI driver st-accel-spi has no spi_device_id for st,lsm330dl-accel
[    2.582198] SPI driver st-accel-spi has no spi_device_id for st,lsm330dlc-accel
[    2.589533] SPI driver st-accel-spi has no spi_device_id for st,lis331dlh-accel
[    2.596870] SPI driver st-accel-spi has no spi_device_id for st,lsm330-accel
[    2.603943] SPI driver st-accel-spi has no spi_device_id for st,lsm303agr-accel
[    2.611280] SPI driver st-accel-spi has no spi_device_id for st,lis2dh12-accel
[    2.618528] SPI driver st-accel-spi has no spi_device_id for st,lng2dm-accel
[    2.625604] SPI driver st-accel-spi has no spi_device_id for st,h3lis331dl-accel
[    2.633027] SPI driver st-accel-spi has no spi_device_id for st,lis331dl-accel
[    2.640278] SPI driver st-accel-spi has no spi_device_id for st,lsm303c-accel
[    2.647481] SPI driver st-magn-spi has no spi_device_id for st,lis3mdl-magn
[    2.654469] SPI driver st-magn-spi has no spi_device_id for st,lsm303agr-magn
[    2.661630] SPI driver st-magn-spi has no spi_device_id for st,lsm9ds1-magn
[    2.668618] SPI driver st-magn-spi has no spi_device_id for st,lsm303c-magn
[    2.675886] hw perfevents: enabled with armv8_cortex_a76 PMU driver, 7 (0,8000003f) counters available
[    2.685484] usbcore: registered new interface driver snd-usb-audio
[    2.692202] GACT probability NOT on
[    2.695708] Mirror/redirect action on
[    2.699398] netem: version 1.3
[    2.702476] u32 classifier
[    2.705198]     input device check on
[    2.708870]     Actions configured
[    2.713360] xt_time: kernel timezone is -0000
[    2.717785] ipip: IPv4 and MPLS over IPv4 tunneling driver
[    2.723409] gre: GRE over IPv4 demultiplexor driver
[    2.728308] ip_gre: GRE over IPv4 tunneling driver
[    2.733312] IPv4 over IPsec tunneling driver
[    2.737676] Initializing XFRM netlink socket
[    2.741961] IPsec XFRM device driver
[    2.745566] NET: Registered PF_INET6 protocol family
[    2.750953] Segment Routing with IPv6
[    2.754641] In-situ OAM (IOAM) with IPv6
[    2.758605] mip6: Mobile IPv6
[    2.761713] sit: IPv6, IPv4 and MPLS over IPv4 tunneling driver
[    2.767829] ip6_gre: GRE over IPv6 tunneling driver
[    2.772813] NET: Registered PF_PACKET protocol family
[    2.777887] NET: Registered PF_KEY protocol family
[    2.782701] Key type dns_resolver registered
[    2.787020] NET: Registered PF_VSOCK protocol family
[    2.797349] registered taskstats version 1
[    2.801521] Loading compiled-in X.509 certificates
[    2.809988] Demotion targets for Node 0: null
[    2.814436] Key type .fscrypt registered
[    2.818388] Key type fscrypt-provisioning registered
[    2.823903] Btrfs loaded, zoned=no, fsverity=yes
[    2.829704] brcm-pcie 1000120000.pcie: host bridge /axi/pcie@1000120000 ranges:
[    2.837072] brcm-pcie 1000120000.pcie:   No bus range found for /axi/pcie@1000120000, using [bus 00-ff]
[    2.846519] brcm-pcie 1000120000.pcie:      MEM 0x1f00000000..0x1ffffffffb -> 0x0000000000
[    2.854839] brcm-pcie 1000120000.pcie:      MEM 0x1c00000000..0x1effffffff -> 0x0400000000
[    2.863145] brcm-pcie 1000120000.pcie:   IB MEM 0x1f00000000..0x1f003fffff -> 0x0000000000
[    2.871449] brcm-pcie 1000120000.pcie:   IB MEM 0x0000000000..0x0fffffffff -> 0x1000000000
[    2.879749] brcm-pcie 1000120000.pcie:   IB MEM 0x1000130000..0x1000130fff -> 0xfffffff000
[    2.889442] brcm-pcie 1000120000.pcie: PCI host bridge to bus 0002:00
[    2.895920] pci_bus 0002:00: root bus resource [bus 00-ff]
[    2.901433] pci_bus 0002:00: root bus resource [mem 0x1f00000000-0x1ffffffffb] (bus address [0x00000000-0xfffffffb])
[    2.912007] pci_bus 0002:00: root bus resource [mem 0x1c00000000-0x1effffffff pref] (bus address [0x400000000-0x6ffffffff])
[    2.923204] pci 0002:00:00.0: [14e4:2712] type 01 class 0x060400 PCIe Root Port
[    2.930553] pci 0002:00:00.0: PCI bridge to [bus 00]
[    2.935537] pci 0002:00:00.0:   bridge window [mem 0x1f80000000-0x1fbfffffff]
[    2.942714] pci 0002:00:00.0: PME# supported from D0 D3hot
[    2.948807] pci 0002:00:00.0: bridge configuration invalid ([bus 00-00]), reconfiguring
[    3.060863] brcm-pcie 1000120000.pcie: clkreq-mode set to default
[    3.066987] brcm-pcie 1000120000.pcie: link up, 5.0 GT/s PCIe x4 (!SSC)
[    3.073656] pci 0002:01:00.0: [1de4:0001] type 00 class 0x020000 PCIe Endpoint
[    3.080918] pci 0002:01:00.0: BAR 0 [mem 0xffffc000-0xffffffff]
[    3.086864] pci 0002:01:00.0: BAR 1 [mem 0xffc00000-0xffffffff]
[    3.092810] pci 0002:01:00.0: BAR 2 [mem 0xffff0000-0xffffffff]
[    3.098814] pci 0002:01:00.0: supports D1
[    3.102833] pci 0002:01:00.0: PME# supported from D0 D1 D3hot D3cold
[    3.116857] pci_bus 0002:01: busn_res: [bus 01-ff] end is updated to 01
[    3.123513] pci 0002:00:00.0: bridge window [mem 0x1f00000000-0x1f005fffff]: assigned
[    3.131382] pci 0002:01:00.0: BAR 1 [mem 0x1f00000000-0x1f003fffff]: assigned
[    3.138556] pci 0002:01:00.0: BAR 2 [mem 0x1f00400000-0x1f0040ffff]: assigned
[    3.145720] pci 0002:01:00.0: BAR 0 [mem 0x1f00410000-0x1f00413fff]: assigned
[    3.152884] pci 0002:00:00.0: PCI bridge to [bus 01]
[    3.157869] pci 0002:00:00.0:   bridge window [mem 0x1f00000000-0x1f005fffff]
[    3.165035] pci_bus 0002:00: resource 4 [mem 0x1f00000000-0x1ffffffffb]
[    3.171675] pci_bus 0002:00: resource 5 [mem 0x1c00000000-0x1effffffff pref]
[    3.178751] pci_bus 0002:01: resource 1 [mem 0x1f00000000-0x1f005fffff]
[    3.185457] pcieport 0002:00:00.0: enabling device (0000 -> 0002)
[    3.191604] pcieport 0002:00:00.0: PME: Signaling with IRQ 42
[    3.197423] pcieport 0002:00:00.0: AER: enabled with IRQ 42
[    3.203111] rp1 0002:01:00.0: bar0 len 0x4000, start 0x1f00410000, end 0x1f00413fff, flags, 0x40200
[    3.212199] rp1 0002:01:00.0: bar1 len 0x400000, start 0x1f00000000, end 0x1f003fffff, flags, 0x40200
[    3.221470] rp1 0002:01:00.0: enabling device (0000 -> 0002)
[    3.227881] rp1 0002:01:00.0: chip_id 0x20001927
[    3.237381] rpi-gpiomem 1f000d0000.gpiomem: window base 0x1f000d0000 size 0x00030000
[    3.245235] rpi-gpiomem 1f000d0000.gpiomem: initialised 1 regions as /dev/gpiomem0
[    3.252985] bcm2712-iommu 1000005100.iommu: IOVA aperture 0xa00000000..0xb00000000 including DMA offset 0x0
[    3.262794] bcm2712-iommu 1000005100.iommu: bcm2712_iommu_init: DEBUG_INFO = 0x20804774
[    3.270919] bcm2712-iommu 1000005200.iommu: IOVA aperture 0xa00000000..0xa80000000 including DMA offset 0x0
[    3.280720] bcm2712-iommu 1000005200.iommu: bcm2712_iommu_init: DEBUG_INFO = 0x20804774
[    3.288805] bcm2712-iommu 1000005280.iommu: IOVA aperture 0x1a00000000..0x1a80000000 including DMA offset 0x1000000000
[    3.299565] bcm2712-iommu 1000005280.iommu: bcm2712_iommu_init: DEBUG_INFO = 0x20804774
[    3.312458] v3d 1002000000.v3d: [drm] Transparent Hugepage support is recommended for optimal performance on this platform!
[    3.323929] [drm] Initialized v3d 1.0.0 for 1002000000.v3d on minor 0
[    3.334697] vc4_hvs 107c580000.hvs: bcm2712_iommu_of_xlate: MMU 1000005200.iommu
[    3.342130] vc4_hvs 107c580000.hvs: bcm2712_iommu_probe_device: MMU 1000005200.iommu
[    3.349909] vc4_hvs 107c580000.hvs: bcm2712_iommu_device_group: MMU 1000005200.iommu
[    3.357698] vc4_hvs 107c580000.hvs: Adding to iommu group 1
[    3.363298] vc4_hvs 107c580000.hvs: bcm2712_iommu_attach_dev: MMU 1000005200.iommu
[    3.370962] vc4-drm axi:gpu: bcm2712_iommu_of_xlate: MMU 1000005200.iommu
[    3.377783] vc4-drm axi:gpu: bcm2712_iommu_probe_device: MMU 1000005200.iommu
[    3.384950] vc4-drm axi:gpu: bcm2712_iommu_device_group: MMU 1000005200.iommu
[    3.392115] vc4-drm axi:gpu: Adding to iommu group 1
[    3.397096] vc4-drm axi:gpu: bcm2712_iommu_attach_dev: MMU 1000005200.iommu
[    3.408823] vc4-drm axi:gpu: bound 107c580000.hvs (ops vc4_hvs_ops)
[    3.420056] input: vc4-hdmi-0 HDMI Jack as /devices/platform/soc@107c000000/107c701400.hdmi/sound/card0/input0
[    3.432733] vc4-drm axi:gpu: bound 107c701400.hdmi (ops vc4_hdmi_ops)
[    3.440577] input: vc4-hdmi-1 HDMI Jack as /devices/platform/soc@107c000000/107c706400.hdmi/sound/card1/input1
[    3.454046] vc4-drm axi:gpu: bound 107c706400.hdmi (ops vc4_hdmi_ops)
[    3.460577] vc4-drm axi:gpu: bound 107c500000.mop (ops vc4_txp_ops)
[    3.466906] vc4-drm axi:gpu: bound 107c501000.moplet (ops vc4_txp_ops)
[    3.473499] vc4-drm axi:gpu: bound 107c410000.pixelvalve (ops vc4_crtc_ops)
[    3.480524] vc4-drm axi:gpu: bound 107c411000.pixelvalve (ops vc4_crtc_ops)
[    3.488140] [drm] Initialized vc4 0.0.0 for axi:gpu on minor 1
[    3.499160] vc4-drm axi:gpu: [drm] Cannot find any crtc or sizes
[    3.505357] rpi-hevc-dec 1000800000.codec: bcm2712_iommu_of_xlate: MMU 1000005100.iommu
[    3.510313] vc4-drm axi:gpu: [drm] Cannot find any crtc or sizes
[    3.513398] rpi-hevc-dec 1000800000.codec: bcm2712_iommu_probe_device: MMU 1000005100.iommu
[    3.525400] vc4-drm axi:gpu: [drm] Cannot find any crtc or sizes
[    3.527810] rpi-hevc-dec 1000800000.codec: bcm2712_iommu_device_group: MMU 1000005100.iommu
[    3.542224] rpi-hevc-dec 1000800000.codec: Adding to iommu group 0
[    3.548428] rpi-hevc-dec 1000800000.codec: bcm2712_iommu_attach_dev: MMU 1000005100.iommu
[    3.557640] rpi-hevc-dec 1000800000.codec: Device registered as /dev/video19
[    3.564821] pispbe 1000880000.pisp_be: bcm2712_iommu_of_xlate: MMU 1000005100.iommu
[    3.572520] pispbe 1000880000.pisp_be: bcm2712_iommu_probe_device: MMU 1000005100.iommu
[    3.580561] pispbe 1000880000.pisp_be: bcm2712_iommu_device_group: MMU 1000005100.iommu
[    3.588603] pispbe 1000880000.pisp_be: Adding to iommu group 0
[    3.594457] pispbe 1000880000.pisp_be: bcm2712_iommu_attach_dev: MMU 1000005100.iommu
[    3.603611] genirq: irq_chip rp1_irq_chip did not update eff. affinity mask of irq 104
[    3.611776] sdhci-brcmstb 1000fff000.mmc: Got CD GPIO
[    3.611857] mmc1: CQHCI version 5.10
[    3.616965] mmc0: CQHCI version 5.10
[    3.630756] macb 1f00100000.ethernet eth0: Cadence GEM rev 0x00070109 at 0x1f00100000 irq 110 (88:a2:9e:11:aa:ea)
[    3.641765] dw_axi_dmac_platform 1f00188000.dma: DesignWare AXI DMA Controller, 8 channels
[    3.650293] xhci-hcd xhci-hcd.0: xHCI Host Controller
[    3.655383] xhci-hcd xhci-hcd.0: new USB bus registered, assigned bus number 1
[    3.657375] mmc0: SDHCI controller on 1000fff000.mmc [1000fff000.mmc] using ADMA 64-bit
[    3.663079] xhci-hcd xhci-hcd.0: hcc params 0x0240fe6d hci version 0x110 quirks 0x0000808000000810
[    3.679677] xhci-hcd xhci-hcd.0: irq 135, io mem 0x1f00200000
[    3.685510] xhci-hcd xhci-hcd.0: xHCI Host Controller
[    3.690578] xhci-hcd xhci-hcd.0: new USB bus registered, assigned bus number 2
[    3.697830] xhci-hcd xhci-hcd.0: Host supports USB 3.0 SuperSpeed
[    3.703984] usb usb1: New USB device found, idVendor=1d6b, idProduct=0002, bcdDevice= 6.12
[    3.712283] usb usb1: New USB device strings: Mfr=3, Product=2, SerialNumber=1
[    3.719535] usb usb1: Product: xHCI Host Controller
[    3.724427] usb usb1: Manufacturer: Linux 6.12.73-g8af794a959ec-v8 xhci-hcd
[    3.731412] usb usb1: SerialNumber: xhci-hcd.0
[    3.735984] hub 1-0:1.0: USB hub found
[    3.739755] hub 1-0:1.0: 2 ports detected
[    3.743885] usb usb2: New USB device found, idVendor=1d6b, idProduct=0003, bcdDevice= 6.12
[    3.752183] usb usb2: New USB device strings: Mfr=3, Product=2, SerialNumber=1
[    3.759432] usb usb2: Product: xHCI Host Controller
[    3.764323] usb usb2: Manufacturer: Linux 6.12.73-g8af794a959ec-v8 xhci-hcd
[    3.771380] usb usb2: SerialNumber: xhci-hcd.0
[    3.773147] mmc0: new ultra high speed SDR104 SDHC card at address aaaa
[    3.775933] hub 2-0:1.0: USB hub found
[    3.782664] mmcblk0: mmc0:aaaa JULIE 29.7 GiB
[    3.786242] hub 2-0:1.0: 1 port detected
[    3.794856] xhci-hcd xhci-hcd.1: xHCI Host Controller
[    3.796984]  mmcblk0: p1 p3 p5 p6 p7 p8
[    3.799943] xhci-hcd xhci-hcd.1: new USB bus registered, assigned bus number 3
[    3.803947] mmcblk0: mmc0:aaaa JULIE 29.7 GiB (quirks 0x00004000)
[    3.811455] xhci-hcd xhci-hcd.1: hcc params 0x0240fe6d hci version 0x110 quirks 0x0000808000000810
[    3.813017] mmc1: SDHCI controller on 1001100000.mmc [1001100000.mmc] using ADMA 64-bit
[    3.834175] xhci-hcd xhci-hcd.1: irq 140, io mem 0x1f00300000
[    3.840009] xhci-hcd xhci-hcd.1: xHCI Host Controller
[    3.844971] mmc1: new ultra high speed DDR50 SDIO card at address 0001
[    3.845081] xhci-hcd xhci-hcd.1: new USB bus registered, assigned bus number 4
[    3.858880] xhci-hcd xhci-hcd.1: Host supports USB 3.0 SuperSpeed
[    3.859881] brcmfmac: brcmf_fw_alloc_request: using brcm/brcmfmac43455-sdio for chip BCM4345/6
[    3.865028] usb usb3: New USB device found, idVendor=1d6b, idProduct=0002, bcdDevice= 6.12
[    3.873702] brcmfmac mmc1:0001:1: Direct firmware load for brcm/brcmfmac43455-sdio.raspberrypi,5-model-b.bin failed with error -2
[    3.881939] usb usb3: New USB device strings: Mfr=3, Product=2, SerialNumber=1
[    3.900908] usb usb3: Product: xHCI Host Controller
[    3.905802] usb usb3: Manufacturer: Linux 6.12.73-g8af794a959ec-v8 xhci-hcd
[    3.912788] usb usb3: SerialNumber: xhci-hcd.1
[    3.917344] hub 3-0:1.0: USB hub found
[    3.921115] hub 3-0:1.0: 2 ports detected
[    3.925237] usb usb4: New USB device found, idVendor=1d6b, idProduct=0003, bcdDevice= 6.12
[    3.933536] usb usb4: New USB device strings: Mfr=3, Product=2, SerialNumber=1
[    3.940791] usb usb4: Product: xHCI Host Controller
[    3.945688] usb usb4: Manufacturer: Linux 6.12.73-g8af794a959ec-v8 xhci-hcd
[    3.952739] usb usb4: SerialNumber: xhci-hcd.1
[    3.957273] hub 4-0:1.0: USB hub found
[    3.961040] hub 4-0:1.0: 1 port detected
[    3.966301] input: pwr_button as /devices/platform/pwr_button/input/input2
[    3.973309] of_cfs_init
[    3.975771] of_cfs_init: OK
[    3.978737] cfg80211: Loading compiled-in X.509 certificates for regulatory database
[    3.986833] Loaded X.509 cert 'benh@debian.org: 577e021cb980e0e820821ba7b54b4961b8b4fadf'
[    3.995508] Loaded X.509 cert 'romain.perier@gmail.com: 3abbc6ec146e09d1b6016ab9d6cf71dd233f0328'
[    4.004914] Loaded X.509 cert 'sforshee: 00b28ddf47aef9cea7'
[    4.011025] Loaded X.509 cert 'wens: 61c038651aabdcf94bd0ac7ff06c7248db18c600'
[    4.019716] clk: Disabling unused clocks
[    4.028030] PM: genpd: Disabling unused power domains
[    4.033288] ALSA device list:
[    4.036269]   #0: vc4-hdmi-0
[    4.039171]   #1: vc4-hdmi-1
[    4.044594] Freeing unused kernel memory: 2048K
[    4.049282] Run /init as init process
[    4.053072] brcmfmac: brcmf_c_process_txcap_blob: no txcap_blob available (err=-2)
[    4.060923] brcmfmac: brcmf_c_preinit_dcmds: Firmware: BCM4345/6 wl0: Aug 29 2023 01:47:08 version 7.45.265 (28bca26 CY) FWID 01-b677b91b
[    4.073411] init: init first stage started!
[    4.077675] init: Unable to open /lib/modules, skipping module loading.
[    4.084403] init: [libfstab] Using Android DT directory /proc/device-tree/firmware/android/
[    4.092834] init: [libfstab] ReadFstabFromDt(): failed to read fstab from dt
[    4.094791] ------------[ cut here ]------------
[    4.100228] init: Failed to read vbmeta partitions.
[    4.104542] memcpy: detected field-spanning write (size 27) of single field "eventmask_msg->mask" at drivers/net/wireless/broadcom/brcm80211/brcmfmac/fweh.c:461 (size 1)
[    4.124661] WARNING: CPU: 0 PID: 127 at drivers/net/wireless/broadcom/brcm80211/brcmfmac/fweh.c:461 brcmf_fweh_activate_events+0x274/0x2e0
[    4.125634] init: bool android::init::BlockDevInitializer::InitDevices(std::set<std::string>): partition(s) not found in /sys, waiting for their uevent(s): mmcblk0p5, mmcblk0p6, mmcblk0p7
[    4.137153] Modules linked in:
[    4.137164] CPU: 0 UID: 0 PID: 127 Comm: kworker/0:2 Not tainted 6.12.73-g8af794a959ec-v8 #1
[    4.137168] Hardware name: Raspberry Pi 5 Model B Rev 1.1 (DT)
[    4.137171] Workqueue: events request_firmware_work_func
[    4.176629] pstate: 60000009 (nZCv daif -PAN -UAO -TCO -DIT -SSBS BTYPE=--)
[    4.183615] pc : brcmf_fweh_activate_events+0x274/0x2e0
[    4.188855] lr : brcmf_fweh_activate_events+0x270/0x2e0
[    4.194095] sp : ffffffc0814ebb10
[    4.197414] x29: ffffffc0814ebb10 x28: ffffffd08dc24a50 x27: ffffffd08e08e226
[    4.204575] x26: 0000000000000001 x25: ffffff810283d868 x24: ffffffd08dc24e80
[    4.211736] x23: 000000000000001b x22: ffffff810283d800 x21: 000000000000001f
[    4.218897] x20: ffffff8103cfafc0 x19: ffffff81028a1a40 x18: ffffffc0814ed048
[    4.226057] x17: 0000000010e2957a x16: 0000000010e2957a x15: 7373656c65726977
[    4.233218] x14: 0000000000000004 x13: ffffffd08e506b88 x12: 0000000000000003
[    4.240378] x11: 0000000000000003 x10: 00000000ffffefff x9 : 39fc0ccd7b7d4400
[    4.247539] x8 : 39fc0ccd7b7d4400 x7 : 205d323435343031 x6 : 312e34202020205b
[    4.254699] x5 : ffffffd08e7a4340 x4 : ffffffc0814eb697 x3 : ffffffc0814eb810
[    4.261859] x2 : 000000000000001b x1 : 0000000000000000 x0 : 000000000000009d
[    4.269020] Call trace:
[    4.271466]  brcmf_fweh_activate_events+0x274/0x2e0
[    4.276357]  brcmf_cfg80211_attach+0x12e8/0x1728
[    4.280986]  brcmf_attach+0x270/0x5c0
[    4.284656]  brcmf_sdio_firmware_callback+0x848/0x8d8
[    4.289723]  brcmf_fw_request_done+0x170/0x1b4
[    4.294178]  request_firmware_work_func+0x74/0xc8
[    4.298894]  process_scheduled_works+0x1d0/0x46c
[    4.303526]  worker_thread+0x244/0x300
[    4.307283]  kthread+0x128/0x1bc
[    4.310517]  ret_from_fork+0x10/0x20
[    4.314101] ---[ end trace 0000000000000000 ]---
