  1.21 RPi: BOOTSYS release VERSION:2bb2ae64 DATE: 2025/03/10 TIME: 17:10:37
  1.25 BOOTMODE: 0x06 partition 0 build-ts BUILD_TIMESTAMP=1741626637 serial 06956aab boardrev e04171 stc 1025243
  1.35 AON_RESET: 00000003 PM_RSTS 00001000
  1.39 POWER_OFF_ON_HALT: 0 WAIT_FOR_POWER_BUTTON 0 power-on-reset 1
  1.48 RP1_BOOT chip ID: 0x20001927
  1.53 PCIEx1: PWR 0 DET_WAKE 0
  1.54 part 00000000 reset_info 00000000
  1.57 PMIC reset-event 00000000 rtc 00000001 alarm 00000000 enabled 0
  1.63 uSD voltage 3.3V
  1.70 SDRAM_CONFIG: 1b
  1.70 Initialising SDRAM rank 2 total-size: 128 Gbit 4267 (0x1b 0x1b)
  1.75 DDR 4267 1 1 128 152 BL:1
  2.05 OTP boardrev e04171 bootrom a a
  2.07 Customer key hash 0000000000000000000000000000000000000000000000000000000000000000
  2.14 VC-JTAG unlocked
  2.37 RP1_BOOT chip ID: 0x20001927

  3.72 RP1_BOOT chip ID: 0x20001927
  3.72 RP1_BOOT: fw size 46888
  4.10 PCI2 init
  4.10 PCI2 reset
  4.55 PCIe scan 00001de4:00000001
  4.56 RP1_CHIP_INFO 20001927

  4.58 RPi: BOOTLOADER release VERSION:2bb2ae64 DATE: 2025/03/10 TIME: 17:10:37
  4.65 BOOTMODE: 0x06 partition 0 build-ts BUILD_TIMESTAMP=1741626637 serial 06956aab boardrev e04171 stc 4165697
  4.75 PCIEx1: PWR 0 DET_WAKE 0
  4.78 M.2 PCIe HAT not detected.
  4.02 usb_pd_init status 3
  4.03 USB_PD CONFIG 0 41
  4.74 XHCI-STOP
  4.74 xHC0 ver: 272 HCS: 03000440 140000f1 07ff000a HCC: 0240fe6d
  4.78 USBSTS 1
  4.81 xHC0 ver: 272 HCS: 03000440 140000f1 07ff000a HCC: 0240fe6d
  4.86 xHC0 ports 3 slots 64 intrs 4
  4.98 XHCI-STOP
  4.98 xHC1 ver: 272 HCS: 03000440 140000f1 07ff000a HCC: 0240fe6d
  4.03 USBSTS 1
  4.05 xHC1 ver: 272 HCS: 03000440 140000f1 07ff000a HCC: 0240fe6d
  4.10 xHC1 ports 3 slots 64 intrs 4
  4.18 Boot mode: SD (01) order f4
  4.63 USB-PD: src-cap PDO object1 0x0a0191f4
  4.64 Current 5000 mA
  4.66 Voltage 5000 mV
  4.68 USB-PD: src-cap PDO object2 0x0002d12c
  4.72 Current 3000 mA
  4.74 Voltage 9000 mV
  4.79 USB-PD: src-cap PDO object3 0x0003c0e1
  4.82 Current 2250 mA
  4.83 Voltage 12000 mV
  4.85 USB-PD: src-cap PDO object4 0x0004b0b4
  4.89 Current 1800 mA
  4.91 Voltage 15000 mV
  9.08 SD HOST: 200000000 CTL0: 0x00800000 BUS: 400000 Hz actual: 390625 HZ div: 512 (256) status: 0x1fff0000 delay: 276
  9.19 SD HOST: 200000000 CTL0: 0x00800f00 BUS: 400000 Hz actual: 390625 HZ div: 512 (256) status: 0x1fff0000 delay: 276
  9.65 OCR c0ff8000 [215]
CID: 000353444a554c494580fa91d30f0128
CSD: 400e00325b590000edc87f800a404000
  9.74 SD: bus-width: 4 spec: 2 SCR: 0x02358043 0x00000000
  9.81 SD HOST: 200000000 CTL0: 0x00800f04 BUS: 50000000 Hz actual: 50000000 HZ div: 4 (2) status: 0x1fff0000 delay: 2
  9.93 MBR: 0x00000001,62333951 type: 0xee
  9.94 MBR: 0x00000000,       0 type: 0x00
  9.98 MBR: 0x00000000,       0 type: 0x00
  9.02 MBR: 0x00000000,       0 type: 0x00
  9.06 Trying partition: 0
  9.56 GPT 21dbb754dfdfc94aa617e15ab99b618a 000000001 003b723ff num-partitions 128 entry-size 128 pentry 2 first 0
  9.63 GPT partition: 0 c12a7328-f81f-11d2-ba4b-00a0c93ec93b 000000800..0000407ff
  9.70 Matched GUID bootable-part-idx 0 want partition 0
  9.78 type: 32 lba: 2048 'mkfs.fat' ' boot       ' clusters 258078 (1)
  9.82 rsc 32 fat-sectors 2017 root dir cluster 2 sectors 0 entries 0
  9.90 FAT32 clusters 258078
  9.94 [sdcard] autoboot.txt not found
  9.94 Select partition rsts 0 C(boot_partition) 0 EEPROM config 0 result 1
  9.01 Trying partition: 1
  9.06 GPT 21dbb754dfdfc94aa617e15ab99b618a 000000001 003b723ff num-partitions 128 entry-size 128 pentry 2 first 0
  9.16 GPT partition: 0 c12a7328-f81f-11d2-ba4b-00a0c93ec93b 000000800..0000407ff
  9.21 Matched GUID bootable-part-idx 0 want partition 0
  9.28 type: 32 lba: 2048 'mkfs.fat' ' boot       ' clusters 258078 (1)
  9.32 rsc 32 fat-sectors 2017 root dir cluster 2 sectors 0 entries 0
  9.41 FAT32 clusters 258078
  9.46 Read config.txt bytes      642 hnd 0x13ad1
  9.48 [sdcard] pieeprom.upd not found
  9.51 usb_max_current_enable default 0 max-current 5000
  9.64 Read bcm2712-rpi-5-b.dtb bytes    78744 hnd 0x11b80
  9.66 dt-match: compatible: raspberrypi,5-model-b match: brcm,bcm2712
  9.72 dt-match: compatible: brcm,bcm2712 match: brcm,bcm2712
  9.86 Read /config.txt bytes      642 hnd 0x13ad1
  9.91 Read /config.txt bytes      642 hnd 0x13ad1
  9.96 MESS:00:00:09.396722:0: Initial voltage 800000 temp 27937
  9.97 MESS:00:00:09.597153:0: avs_2712: AVS pred 8624 862400 temp 29037
  9.00 MESS:00:00:09.600761:0: vpred 862 mV +0
 10.29 MESS:00:00:10.229027:0: FB framebuffer_swap 1
 10.30 MESS:00:00:10.230898:0: Select resolution HDMI0/2 hotplug 0 max_mode 2
 10.37 MESS:00:00:10.237787:0: Select resolution HDMI1/2 hotplug 0 max_mode 2
 10.57 MESS:00:00:10.257219:0: dtb_file 'bcm2712-rpi-5-b.dtb'
 10.59 Loading 'bcm2712-rpi-5-b.dtb' to 0x00000000 offset 0x100
 10.73 Read bcm2712-rpi-5-b.dtb bytes    78744 hnd 0x11b80
 10.10 Read /overlays/overlay_map.dtb bytes     5971 hnd 0x12152
 10.39 Read /overlays/bcm2712d0.dtbo bytes     1363 hnd 0x1245f
 10.62 MESS:00:00:10.362720:0: Loaded overlay 'bcm2712d0'
 10.26 PCIEx1: PWR 0 DET_WAKE 0
 10.43 Read /config.txt bytes      642 hnd 0x13ad1
 10.52 Read /overlays/vc4-kms-v3d-pi5.dtbo bytes     3306 hnd 0x121a9
 10.99 MESS:00:00:10.499378:0: Loaded overlay 'vc4-kms-v3d-pi5'
 10.11 Read /overlays/cma.dtbo bytes      964 hnd 0x1200f
 10.20 MESS:00:00:10.620122:0: Loaded overlay 'cma'
 10.21 MESS:00:00:10.621897:0: dtparam: cma-320=true
 10.38 Read /overlays/dwc2.dtbo bytes      801 hnd 0x120d2
 10.50 MESS:00:00:10.650579:0: Loaded overlay 'dwc2'
 10.52 MESS:00:00:10.652447:0: dtparam: dr_mode=peripheral
 10.41 Read /cmdline.txt bytes      124 hnd 0x11fbe
 10.77 BMD "armstub8-2712.bin" not found
 10.78 fs_open: 'armstub8-2712.bin'
 10.81 Loading 'u-boot.bin' to 0x00000000 offset 0x200000
 11.22 Read u-boot.bin bytes   708736 hnd 0x13562
 11.25 PCI1 reset
 11.36 PCI2 reset
 11.46 set_reboot_order 0
 11.46 set_reboot_arg1 0
 11.48 USB-OTG disconnect
 11.89 MESS:00:00:11.089870:0: BSC_A no ACK
 11.91 MESS:00:00:11.091102:0: BSC_A no ACK
 11.95 MESS:00:00:11.095028:0: BSC_A no ACK
 11.18 MESS:00:00:11.118964:0: BSC_B no ACK
 11.20 MESS:00:00:11.120191:0: BSC_B no ACK
 11.24 MESS:00:00:11.124127:0: BSC_B no ACK
 11.47 MESS:00:00:11.147893:0: Starting OS 11147 ms
 11.53 MESS:00:00:11.153505:0: 00000040: -> 00000480
 11.55 MESS:00:00:11.155358:0: 00000030: -> 00100080
 11.60 MESS:00:00:11.160071:0: 00000034: -> 00100080
 11.64 MESS:00:00:11.164784:0: 00000038: -> 00100080
 11.69 MESS:00:00:11.169497:0: 0000003c: -> 00100080

NOTICE:  BL31: v2.6(release):v2.6-240-gfc45bc492
NOTICE:  BL31: Built : 12:55:13, Dec  4 2024


U-Boot 2026.04-rc4-00007-ga11f763f7e8f-dirty (Mar 22 2026 - 07:40:38 +0000)

DRAM:  16 GiB
RPI 5 Model B (0xe04171)
Core:  25 devices, 11 uclasses, devicetree: board
MMC:   mmc@fff000: 0, mmc@1100000: 1
Loading Environment from FAT... Unable to read "uboot.env" from mmc0:1...
In:    serial,usbkbd
Out:   serial,vidconsole
Err:   serial,vidconsole
mbox: Header response code invalid
bcm2835: Could not query MAC address
Net:   No ethernet found.

starting USB...
USB DWC2
Bus usb@480000: 1 USB Device(s) found
       scanning usb for storage devices... 0 Storage Device(s) found
Hit any key to stop autoboot: 2Hit any key to stop autoboot: 1Hit any key to stop autoboot: 0
No EFI variables loaded
** Booting bootflow '<NULL>' with efi_mgr
Loading Boot0000 'mmc 0' failed
EFI boot manager: Cannot load any image
Boot failed (err=-14)
** Booting bootflow 'mmc@fff000.bootdev.part_1' with script
=== Android U-Boot Boot Script (AVB) ===
AVB fail policy: fail_closed
Initializing AVB...
Unknown command 'avb' - try 'help'
AVB: Initialization FAILED
Fail-closed policy: resetting
resetting ...

  0.57 RPi: BOOTSYS release VERSION:2bb2ae64 DATE: 2025/03/10 TIME: 17:10:37
  0.61 BOOTMODE: 0x06 partition 0 build-ts BUILD_TIMESTAMP=1741626637 serial 06956aab boardrev e04171 stc 861707
  0.71 AON_RESET: 00000003 PM_RSTS 00001020
  0.75 POWER_OFF_ON_HALT: 0 WAIT_FOR_POWER_BUTTON 0 power-on-reset 0
  0.85 RP1_BOOT chip ID: 0x20001927
  0.90 PCIEx1: PWR 0 DET_WAKE 0
  0.90 part 00000000 reset_info 00000000
  0.93 PMIC reset-event 00000000 rtc 00000011 alarm 00000000 enabled 0
  0.00 uSD voltage 3.3V
  0.06 SDRAM_CONFIG: 1b
  0.06 Initialising SDRAM rank 2 total-size: 128 Gbit 4267 (0x1b 0x1b)
  0.12 DDR 4267 1 1 128 152 BL:1
  2.41 OTP boardrev e04171 bootrom a a
  2.42 Customer key hash 0000000000000000000000000000000000000000000000000000000000000000
  2.49 VC-JTAG unlocked
  2.72 RP1_BOOT chip ID: 0x20001927

  3.07 RP1_BOOT chip ID: 0x20001927
  3.07 RP1_BOOT: fw size 46888
  3.45 PCI2 init
  3.45 PCI2 reset
  3.90 PCIe scan 00001de4:00000001
  3.91 RP1_CHIP_INFO 20001927

  3.93 RPi: BOOTLOADER release VERSION:2bb2ae64 DATE: 2025/03/10 TIME: 17:10:37
  4.00 BOOTMODE: 0x06 partition 0 build-ts BUILD_TIMESTAMP=1741626637 serial 06956aab boardrev e04171 stc 4000791
  4.10 PCIEx1: PWR 0 DET_WAKE 0
  4.13 M.2 PCIe HAT not detected.
  4.37 usb_pd_init status 3
  4.38 USB_PD CONFIG 0 43
  4.48 XHCI-STOP
  4.48 xHC0 ver: 272 HCS: 03000440 140000f1 07ff000a HCC: 0240fe6d
  4.60 USBSTS 1
  4.61 xHC0 ver: 272 HCS: 03000440 140000f1 07ff000a HCC: 0240fe6d
  4.66 xHC0 ports 3 slots 64 intrs 4
  4.78 XHCI-STOP
  4.78 xHC1 ver: 272 HCS: 03000440 140000f1 07ff000a HCC: 0240fe6d
  4.83 USBSTS 1
  4.85 xHC1 ver: 272 HCS: 03000440 140000f1 07ff000a HCC: 0240fe6d
  4.90 xHC1 ports 3 slots 64 intrs 4
  4.98 USB-PD: src-cap PDO object1 0x0a0191f4
  4.99 Current 5000 mA
  4.01 Voltage 5000 mV
  4.03 USB-PD: src-cap PDO object2 0x0002d12c
  4.07 Current 3000 mA
  4.10 Voltage 9000 mV
  4.12 USB-PD: src-cap PDO object3 0x0003c0e1
  4.16 Current 2250 mA
  4.18 Voltage 12000 mV
  4.20 USB-PD: src-cap PDO object4 0x0004b0b4
  4.24 Current 1800 mA
  4.26 Voltage 15000 mV
  4.28 Boot mode: SD (01) order f4
  4.46 SD HOST: 200000000 CTL0: 0x00800000 BUS: 400000 Hz actual: 390625 HZ div: 512 (256) status: 0x1fff0000 delay: 276
  4.57 SD HOST: 200000000 CTL0: 0x00800f00 BUS: 400000 Hz actual: 390625 HZ div: 512 (256) status: 0x1fff0000 delay: 276
  4.91 OCR c0ff8000 [197]
CID: 000353444a554c494580fa91d30f0128
CSD: 400e00325b590000edc87f800a404000
  4.99 SD: bus-width: 4 spec: 2 SCR: 0x02358043 0x00000000
  4.07 SD HOST: 200000000 CTL0: 0x00800f04 BUS: 50000000 Hz actual: 50000000 HZ div: 4 (2) status: 0x1fff0000 delay: 2
  4.19 MBR: 0x00000001,62333951 type: 0xee
  4.20 MBR: 0x00000000,       0 type: 0x00
  4.24 MBR: 0x00000000,       0 type: 0x00
  4.28 MBR: 0x00000000,       0 type: 0x00
  4.32 Trying partition: 0
  4.37 GPT 21dbb754dfdfc94aa617e15ab99b618a 000000001 003b723ff num-partitions 128 entry-size 128 pentry 2 first 0
  4.47 GPT partition: 0 c12a7328-f81f-11d2-ba4b-00a0c93ec93b 000000800..0000407ff
  4.52 Matched GUID bootable-part-idx 0 want partition 0
  4.59 type: 32 lba: 2048 'mkfs.fat' ' boot       ' clusters 258078 (1)
  4.63 rsc 32 fat-sectors 2017 root dir cluster 2 sectors 0 entries 0
  4.72 FAT32 clusters 258078
  4.76 [sdcard] autoboot.txt not found
  4.77 Select partition rsts 0 C(boot_partition) 0 EEPROM config 0 result 1
  4.84 Trying partition: 1
  4.89 GPT 21dbb754dfdfc94aa617e15ab99b618a 000000001 003b723ff num-partitions 128 entry-size 128 pentry 2 first 0
  4.99 GPT partition: 0 c12a7328-f81f-11d2-ba4b-00a0c93ec93b 000000800..0000407ff
  4.04 Matched GUID bootable-part-idx 0 want partition 0
  4.11 type: 32 lba: 2048 'mkfs.fat' ' boot       ' clusters 258078 (1)
  4.15 rsc 32 fat-sectors 2017 root dir cluster 2 sectors 0 entries 0
  4.24 FAT32 clusters 258078
  4.29 Read config.txt bytes      642 hnd 0x13ad1
  4.32 [sdcard] pieeprom.upd not found
  4.34 usb_max_current_enable default 0 max-current 5000
  4.45 Read bcm2712-rpi-5-b.dtb bytes    78744 hnd 0x11b80
  4.48 dt-match: compatible: raspberrypi,5-model-b match: brcm,bcm2712
  4.54 dt-match: compatible: brcm,bcm2712 match: brcm,bcm2712
  4.68 Read /config.txt bytes      642 hnd 0x13ad1
  4.74 Read /config.txt bytes      642 hnd 0x13ad1
  4.79 MESS:00:00:04.979593:0: Initial voltage 800000 temp 29037
  5.80 MESS:00:00:05.180015:0: avs_2712: AVS pred 8613 861300 temp 29037
  5.83 MESS:00:00:05.183622:0: vpred 861 mV +0
  5.11 MESS:00:00:05.811878:0: FB framebuffer_swap 1
  5.31 MESS:00:00:05.831313:0: Select resolution HDMI0/2 hotplug 0 max_mode 2
  5.35 MESS:00:00:05.835366:0: Select resolution HDMI1/2 hotplug 0 max_mode 2
  5.55 MESS:00:00:05.855011:0: dtb_file 'bcm2712-rpi-5-b.dtb'
  5.57 Loading 'bcm2712-rpi-5-b.dtb' to 0x00000000 offset 0x100
  5.71 Read bcm2712-rpi-5-b.dtb bytes    78744 hnd 0x11b80
  5.08 Read /overlays/overlay_map.dtb bytes     5971 hnd 0x12152
  5.39 Read /overlays/bcm2712d0.dtbo bytes     1363 hnd 0x1245f
  5.62 MESS:00:00:05.962487:0: Loaded overlay 'bcm2712d0'
  6.26 PCIEx1: PWR 0 DET_WAKE 0
  6.43 Read /config.txt bytes      642 hnd 0x13ad1
  6.53 Read /overlays/vc4-kms-v3d-pi5.dtbo bytes     3306 hnd 0x121a9
  6.00 MESS:00:00:06.100448:0: Loaded overlay 'vc4-kms-v3d-pi5'
  6.13 Read /overlays/cma.dtbo bytes      964 hnd 0x1200f
  6.21 MESS:00:00:06.221849:0: Loaded overlay 'cma'
  6.23 MESS:00:00:06.223625:0: dtparam: cma-320=true
  6.40 Read /overlays/dwc2.dtbo bytes      801 hnd 0x120d2
  6.53 MESS:00:00:06.252976:0: Loaded overlay 'dwc2'
  6.54 MESS:00:00:06.254844:0: dtparam: dr_mode=peripheral
  6.43 Read /cmdline.txt bytes      124 hnd 0x11fbe
  6.80 BMD "armstub8-2712.bin" not found
  6.81 fs_open: 'armstub8-2712.bin'
  6.84 Loading 'u-boot.bin' to 0x00000000 offset 0x200000
  6.26 Read u-boot.bin bytes   708736 hnd 0x13562
  6.28 PCI1 reset
  6.39 PCI2 reset
  6.49 set_reboot_order 0
  6.49 set_reboot_arg1 0
  6.51 USB-OTG disconnect
  6.93 MESS:00:00:06.693232:0: Starting OS 6693 ms
  6.98 MESS:00:00:06.698758:0: 00000040: -> 00000480
  6.00 MESS:00:00:06.700609:0: 00000030: -> 00100080
  6.05 MESS:00:00:06.705322:0: 00000034: -> 00100080
  6.10 MESS:00:00:06.710035:0: 00000038: -> 00100080
  6.14 MESS:00:00:06.714747:0: 0000003c: -> 00100080

NOTICE:  BL31: v2.6(release):v2.6-240-gfc45bc492
NOTICE:  BL31: Built : 12:55:13, Dec  4 2024


U-Boot 2026.04-rc4-00007-ga11f763f7e8f-dirty (Mar 22 2026 - 07:40:38 +0000)

DRAM:  16 GiB
RPI 5 Model B (0xe04171)
Core:  25 devices, 11 uclasses, devicetree: board
MMC:   mmc@fff000: 0, mmc@1100000: 1
Loading Environment from FAT... Unable to read "uboot.env" from mmc0:1...
In:    serial,usbkbd
Out:   serial,vidconsole
Err:   serial,vidconsole
mbox: Header response code invalid
bcm2835: Could not query MAC address
Net:   No ethernet found.

starting USB...
USB DWC2
Bus usb@480000: 1 USB Device(s) found
       scanning usb for storage devices... 0 Storage Device(s) found
Hit any key to stop autoboot: 2Hit any key to stop autoboot: 1Hit any key to stop autoboot: 0
** Booting bootflow '<NULL>' with efi_mgr
Loading Boot0000 'mmc 0' failed
EFI boot manager: Cannot load any image
Boot failed (err=-14)
** Booting bootflow 'mmc@fff000.bootdev.part_1' with script
=== Android U-Boot Boot Script (AVB) ===
AVB fail policy: fail_closed
Initializing AVB...
Unknown command 'avb' - try 'help'
AVB: Initialization FAILED
Fail-closed policy: resetting
resetting ...
