=~=~=~=~=~=~=~=~=~=~=~= PuTTY log 2026.02.24 22:04:10 =~=~=~=~=~=~=~=~=~=~=~=

  1.50 RPi: BOOTSYS release VERSION:2bb2ae64 DATE: 2025/03/10 TIME: 17:10:37
  1.54 BOOTMODE: 0x06 partition 0 build-ts BUILD_TIMESTAMP=1741626637 serial 06956aab boardrev e04171 stc 1054251
  1.64 AON_RESET: 00000003 PM_RSTS 00001000
  1.68 POWER_OFF_ON_HALT: 0 WAIT_FOR_POWER_BUTTON 0 power-on-reset 1
  1.77 RP1_BOOT chip ID: 0x20001927
  1.82 PCIEx1: PWR 0 DET_WAKE 0
  1.83 part 00000000 reset_info 00000000
  1.86 PMIC reset-event 00000000 rtc 00000001 alarm 00000000 enabled 0
  1.92 uSD voltage 3.3V
  1.99 SDRAM_CONFIG: 1b
  1.99 Initialising SDRAM rank 2 total-size: 128 Gbit 4267 (0x1b 0x1b)
  1.04 DDR 4267 1 1 128 152 BL:1
  2.36 OTP boardrev e04171 bootrom a a
  2.37 Customer key hash 0000000000000000000000000000000000000000000000000000000000000000
  2.45 VC-JTAG unlocked
  2.67 RP1_BOOT chip ID: 0x20001927

  3.02 RP1_BOOT chip ID: 0x20001927
  3.03 RP1_BOOT: fw size 46888
  4.41 PCI2 init
  4.41 PCI2 reset
  4.86 PCIe scan 00001de4:00000001
  4.86 RP1_CHIP_INFO 20001927

  4.89 RPi: BOOTLOADER release VERSION:2bb2ae64 DATE: 2025/03/10 TIME: 17:10:37
  4.96 BOOTMODE: 0x06 partition 0 build-ts BUILD_TIMESTAMP=1741626637 serial 06956aab boardrev e04171 stc 4196225
  4.06 PCIEx1: PWR 0 DET_WAKE 0
  4.09 M.2 PCIe HAT not detected.
  4.33 usb_pd_init status 3
  4.33 USB_PD CONFIG 0 41
  4.04 XHCI-STOP
  4.04 xHC0 ver: 272 HCS: 03000440 140000f1 07ff000a HCC: 0240fe6d
  4.09 USBSTS 1
  4.12 xHC0 ver: 272 HCS: 03000440 140000f1 07ff000a HCC: 0240fe6d
  4.16 xHC0 ports 3 slots 64 intrs 4
  4.28 XHCI-STOP
  4.28 xHC1 ver: 272 HCS: 03000440 140000f1 07ff000a HCC: 0240fe6d
  4.33 USBSTS 1
  4.36 xHC1 ver: 272 HCS: 03000440 140000f1 07ff000a HCC: 0240fe6d
  4.40 xHC1 ports 3 slots 64 intrs 4
  4.48 Boot mode: SD (01) order f4
  4.99 USB-PD: src-cap PDO object1 0x0a0191f4
  4.01 Current 5000 mA
  4.03 Voltage 5000 mV
  4.05 USB-PD: src-cap PDO object2 0x0002d12c
  4.09 Current 3000 mA
  4.11 Voltage 9000 mV
  4.13 USB-PD: src-cap PDO object3 0x0003c0e1
  4.17 Current 2250 mA
  4.19 Voltage 12000 mV
  4.21 USB-PD: src-cap PDO object4 0x0004b0b4
  4.25 Current 1800 mA
  4.28 Voltage 15000 mV
  9.44 SD HOST: 200000000 CTL0: 0x00800000 BUS: 400000 Hz actual: 390625 HZ div: 512 (256) status: 0x1fff0000 delay: 276
  9.55 SD HOST: 200000000 CTL0: 0x00800f00 BUS: 400000 Hz actual: 390625 HZ div: 512 (256) status: 0x1fff0000 delay: 276
  9.66 OCR c0ff8000 [318]
CID: 00035344534c3634478095513d200108
CSD: 400e00325b590001dbd37f800a404000
  9.74 SD: bus-width: 4 spec: 2 SCR: 0x02458003 0x00000000
  9.83 SD HOST: 200000000 CTL0: 0x00800f04 BUS: 50000000 Hz actual: 50000000 HZ div: 4 (2) status: 0x1fff0000 delay: 2
  9.96 MBR: 0x00000001,35651583 type: 0xee
  9.97 MBR: 0x00000000,       0 type: 0x00
  9.01 MBR: 0x00000000,       0 type: 0x00
  9.05 MBR: 0x00000000,       0 type: 0x00
  9.09 Trying partition: 0
  9.59 GPT be1cfd7ef5fb1a40b23984aae990d1b3 000000001 0021fffff num-partitions 128 entry-size 128 pentry 2 first 0
  9.70 GPT partition: 0 c12a7328-f81f-11d2-ba4b-00a0c93ec93b 000000800..0000807ff
  9.74 Matched GUID bootable-part-idx 0 want partition 0
  9.82 type: 32 lba: 2048 'mkfs.fat' ' boot       ' clusters 520222 (1)
  9.85 rsc 32 fat-sectors 2017 root dir cluster 2 sectors 0 entries 0
  9.95 FAT32 clusters 520222
  9.98 [sdcard] autoboot.txt not found
  9.98 Select partition rsts 0 C(boot_partition) 0 EEPROM config 0 result 1
  9.05 Trying partition: 1
  9.11 GPT be1cfd7ef5fb1a40b23984aae990d1b3 000000001 0021fffff num-partitions 128 entry-size 128 pentry 2 first 0
  9.21 GPT partition: 0 c12a7328-f81f-11d2-ba4b-00a0c93ec93b 000000800..0000807ff
  9.26 Matched GUID bootable-part-idx 0 want partition 0
  9.34 type: 32 lba: 2048 'mkfs.fat' ' boot       ' clusters 520222 (1)
  9.37 rsc 32 fat-sectors 2017 root dir cluster 2 sectors 0 entries 0
  9.47 FAT32 clusters 520222
  9.49 Read config.txt bytes      471 hnd 0x11fbf
  9.52 [sdcard] pieeprom.upd not found
  9.55 usb_max_current_enable default 0 max-current 5000
  9.69 Read bcm2712-rpi-5-b.dtb bytes    78744 hnd 0x11b80
  9.71 dt-match: compatible: raspberrypi,5-model-b match: brcm,bcm2712
  9.77 dt-match: compatible: brcm,bcm2712 match: brcm,bcm2712
  9.89 Read /config.txt bytes      471 hnd 0x11fbf
  9.93 Read /config.txt bytes      471 hnd 0x11fbf
  9.99 MESS:00:00:09.499003:0: Initial voltage 800000 temp 30136
  9.99 MESS:00:00:09.699428:0: avs_2712: AVS pred 8613 861300 temp 30136
  9.03 MESS:00:00:09.703036:0: vpred 861 mV +0
 10.31 MESS:00:00:10.331291:0: FB framebuffer_swap 1
 10.33 MESS:00:00:10.333161:0: Select resolution HDMI0/2 hotplug 0 max_mode 2
 10.40 MESS:00:00:10.340051:0: Select resolution HDMI1/2 hotplug 0 max_mode 2
 10.47 Loading 'ramdisk.img' to 0x00000000 offset 0x0
 10.26 Read ramdisk.img bytes  1544522 hnd 0x12998
 10.47 MESS:00:00:10.447438:0: dtb_file 'bcm2712-rpi-5-b.dtb'
 10.50 Loading 'bcm2712-rpi-5-b.dtb' to 0x00000000 offset 0x100
 10.64 Read bcm2712-rpi-5-b.dtb bytes    78744 hnd 0x11b80
 10.04 Read /overlays/overlay_map.dtb bytes     5971 hnd 0x12235
 10.16 Read /overlays/bcm2712d0.dtbo bytes     1363 hnd 0x12013
 10.39 MESS:00:00:10.539973:0: Loaded overlay 'bcm2712d0'
 10.03 PCIEx1: PWR 0 DET_WAKE 0
 10.19 Read /config.txt bytes      471 hnd 0x11fbf
 10.31 Read /overlays/vc4-kms-v3d-pi5.dtbo bytes     3306 hnd 0x122d0
 10.78 MESS:00:00:10.678717:0: Loaded overlay 'vc4-kms-v3d-pi5'
 10.07 Read /overlays/cma.dtbo bytes      964 hnd 0x12873
 10.16 MESS:00:00:10.816139:0: Loaded overlay 'cma'
 10.17 MESS:00:00:10.817916:0: dtparam: cma-320=true
 10.40 Read /overlays/dwc2.dtbo bytes      801 hnd 0x127cb
 10.52 MESS:00:00:10.852199:0: Loaded overlay 'dwc2'
 10.54 MESS:00:00:10.854067:0: dtparam: dr_mode=peripheral
 10.43 Read /cmdline.txt bytes      124 hnd 0x11fbe
 11.89 BMD "armstub8-2712.bin" not found
 11.89 fs_open: 'armstub8-2712.bin'
 11.93 Loading 'Image' to 0x00000000 offset 0x200000
 12.97 Read Image bytes 37157376 hnd 0x3
 12.98 PCI1 reset
 12.10 PCI2 reset
 12.20 set_reboot_order 0
 12.20 set_reboot_arg1 0
 12.22 USB-OTG disconnect
 12.63 MESS:00:00:12.963878:0: BSC_A no ACK
 12.65 MESS:00:00:12.965110:0: BSC_A no ACK
 12.69 MESS:00:00:12.969036:0: BSC_A no ACK
 12.92 MESS:00:00:12.992970:0: BSC_B no ACK
 12.94 MESS:00:00:12.994196:0: BSC_B no ACK
 12.98 MESS:00:00:12.998132:0: BSC_B no ACK
 13.21 MESS:00:00:13.021899:0: Starting OS 13021 ms
 13.27 MESS:00:00:13.027512:0: 00000040: -> 00000480
 13.29 MESS:00:00:13.029365:0: 00000030: -> 00100080
 13.34 MESS:00:00:13.034078:0: 00000034: -> 00100080
 13.38 MESS:00:00:13.038790:0: 00000038: -> 00100080
 13.43 MESS:00:00:13.043503:0: 0000003c: -> 00100080

NOTICE:  BL31: v2.6(release):v2.6-240-gfc45bc492
NOTICE:  BL31: Built : 12:55:13, Dec  4 2024
[    0.000000] Booting Linux on physical CPU 0x0000000000 [0x414fd0b1]
[    0.000000] Linux version 6.12.73-g8af794a959ec-v8 (kleaf@build-host) (Android (14043575, +pgo, +bolt, +lto, +mlgo, based on r536225) clang version 19.0.1 (https://android.googlesource.com/toolchain/llvm-project b3a530ec6537146650e42be89f1089e9a3588460), LLD 19.0.1) #1 SMP PREEMPT Thu Feb 19 17:32:04 UTC 2026
[    0.000000] KASLR enabled
[    0.000000] random: crng init done
[    0.000000] Machine model: Raspberry Pi 5 Model B Rev 1.1
[    0.000000] efi: UEFI not found.
[    0.000000] Reserved memory: created CMA memory pool at 0x000000001ac00000, size 320 MiB
[    0.000000] OF: reserved mem: initialized node linux,cma, compatible id shared-dma-pool
[    0.000000] OF: reserved mem: 0x000000001ac00000..0x000000002ebfffff (327680 KiB) map reusable linux,cma
[    0.000000] OF: reserved mem: 0x0000000000000000..0x000000000007ffff (512 KiB) nomap non-reusable atf@0
[    0.000000] OF: reserved mem: 0x000000003fd162c0..0x000000003fd162fd (0 KiB) nomap non-reusable nvram@0
[    0.000000] NUMA: Faking a node at [mem 0x0000000000000000-0x00000003ffffffff]
[    0.000000] Faking node 0 at [mem 0x0000000000000000-0x000000007fffffff] (2048MB)
[    0.000000] Faking node 1 at [mem 0x0000000080000000-0x00000000ffffffff] (2048MB)
[    0.000000] Faking node 2 at [mem 0x0000000100000000-0x000000017fffffff] (2048MB)
[    0.000000] Faking node 3 at [mem 0x0000000180000000-0x00000001ffffffff] (2048MB)
[    0.000000] Faking node 4 at [mem 0x0000000200000000-0x000000027fffffff] (2048MB)
[    0.000000] Faking node 5 at [mem 0x0000000280000000-0x00000002ffffffff] (2048MB)
[    0.000000] Faking node 6 at [mem 0x0000000300000000-0x000000037fffffff] (2048MB)
[    0.000000] Faking node 7 at [mem 0x0000000380000000-0x00000003ffffffff] (2048MB)
[    0.000000] NODE_DATA(0) allocated [mem 0x7fffd240-0x7fffffff]
[    0.000000] NODE_DATA(1) allocated [mem 0xffffd240-0xffffffff]
[    0.000000] NODE_DATA(2) allocated [mem 0x17fffd240-0x17fffffff]
[    0.000000] NODE_DATA(3) allocated [mem 0x1ffffd240-0x1ffffffff]
[    0.000000] NODE_DATA(4) allocated [mem 0x27fffd240-0x27fffffff]
[    0.000000] NODE_DATA(5) allocated [mem 0x2ffffd240-0x2ffffffff]
[    0.000000] NODE_DATA(6) allocated [mem 0x37fffd240-0x37fffffff]
[    0.000000] NODE_DATA(7) allocated [mem 0x3fdd9d240-0x3fdd9ffff]
[    0.000000] Zone ranges:
[    0.000000]   DMA      [mem 0x0000000000000000-0x00000000ffffffff]
[    0.000000]   DMA32    empty
[    0.000000]   Normal   [mem 0x0000000100000000-0x00000003ffffffff]
[    0.000000] Movable zone start for each node
[    0.000000] Early memory node ranges
[    0.000000]   node   0: [mem 0x0000000000000000-0x000000000007ffff]
[    0.000000]   node   0: [mem 0x0000000000080000-0x000000003fbfffff]
[    0.000000]   node   0: [mem 0x0000000040000000-0x000000007fffffff]
[    0.000000]   node   1: [mem 0x0000000080000000-0x00000000ffffffff]
[    0.000000]   node   2: [mem 0x0000000100000000-0x000000017fffffff]
[    0.000000]   node   3: [mem 0x0000000180000000-0x00000001ffffffff]
[    0.000000]   node   4: [mem 0x0000000200000000-0x000000027fffffff]
[    0.000000]   node   5: [mem 0x0000000280000000-0x00000002ffffffff]
[    0.000000]   node   6: [mem 0x0000000300000000-0x000000037fffffff]
[    0.000000]   node   7: [mem 0x0000000380000000-0x00000003ffffffff]
[    0.000000] Initmem setup node 0 [mem 0x0000000000000000-0x000000007fffffff]
[    0.000000] Initmem setup node 1 [mem 0x0000000080000000-0x00000000ffffffff]
[    0.000000] Initmem setup node 2 [mem 0x0000000100000000-0x000000017fffffff]
[    0.000000] Initmem setup node 3 [mem 0x0000000180000000-0x00000001ffffffff]
[    0.000000] Initmem setup node 4 [mem 0x0000000200000000-0x000000027fffffff]
[    0.000000] Initmem setup node 5 [mem 0x0000000280000000-0x00000002ffffffff]
[    0.000000] Initmem setup node 6 [mem 0x0000000300000000-0x000000037fffffff]
[    0.000000] Initmem setup node 7 [mem 0x0000000380000000-0x00000003ffffffff]
[    0.000000] On node 0, zone DMA: 1024 pages in unavailable ranges
[    0.000000] psci: probing for conduit method from DT.
[    0.000000] psci: PSCIv1.1 detected in firmware.
[    0.000000] psci: Using standard PSCI v0.2 function IDs
[    0.000000] psci: MIGRATE_INFO_TYPE not supported.
[    0.000000] psci: SMC Calling Convention v1.2
[    0.000000] percpu: Embedded 83 pages/cpu s176280 r131072 d32616 u339968
[    0.000000] Detected PIPT I-cache on CPU0
[    0.000000] CPU features: detected: Virtualization Host Extensions
[    0.000000] CPU features: detected: Spectre-v4
[    0.000000] CPU features: detected: Spectre-BHB
[    0.000000] CPU features: kernel page table isolation forced ON by KASLR
[    0.000000] CPU features: detected: Kernel page table isolation (KPTI)
[    0.000000] CPU features: detected: SSBS not fully self-synchronizing
[    0.000000] alternatives: applying boot alternatives
[    0.000000] Kernel command line: reboot=w coherent_pool=1M 8250.nr_uarts=1 pci=pcie_bus_safe cgroup_disable=memory numa_policy=interleave nvme.max_host_mem_size_mb=0  numa=fake=8 system_heap.max_order=0 smsc95xx.macaddr=88:A2:9E:11:AA:EA vc_mem.mem_base=0x3fc00000 vc_mem.mem_size=0x40000000  console=ttyAMA10,115200 no_console_suspend root=/dev/ram0 rootwait androidboot.hardware=rpi5 androidboot.selinux=permissive androidboot.serialno=6113ca6606956aab androidboot.btmacaddr=11:22:06:95:6a:ab
[    0.000000] cgroup: Disabling memory control group subsystem
[    0.000000] mempolicy: NUMA default policy overridden to 'interleave:0-7'
[    0.000000] printk: log buffer data + meta data: 131072 + 458752 = 589824 bytes
[    0.000000] Fallback order for Node 0: 0 1 2 3 4 5 6 7
[    0.000000] Fallback order for Node 1: 1 2 3 4 5 6 7 0
[    0.000000] Fallback order for Node 2: 2 3 4 5 6 7 0 1
[    0.000000] Fallback order for Node 3: 3 4 5 6 7 0 1 2
[    0.000000] Fallback order for Node 4: 4 5 6 7 0 1 2 3
[    0.000000] Fallback order for Node 5: 5 6 7 0 1 2 3 4
[    0.000000] Fallback order for Node 6: 6 7 0 1 2 3 4 5
[    0.000000] Fallback order for Node 7: 7 0 1 2 3 4 5 6
[    0.000000] Built 8 zonelists, mobility grouping on.  Total pages: 4193280
[    0.000000] Policy zone: Normal
[    0.000000] mem auto-init: stack:all(zero), heap alloc:off, heap free:off
[    0.000000] software IO TLB: area num 4.
[    0.000000] software IO TLB: mapped [mem 0x00000000f9e00000-0x00000000fde00000] (64MB)
[    0.000000] SLUB: HWalign=64, Order=0-3, MinObjects=0, CPUs=4, Nodes=8
[    0.000000] ftrace: allocating 63501 entries in 249 pages
[    0.000000] ftrace: allocated 249 pages with 6 groups
[    0.000000] rcu: Preemptible hierarchical RCU implementation.
[    0.000000] rcu: RCU event tracing is enabled.
[    0.000000] Trampoline variant of Tasks RCU enabled.
[    0.000000] Rude variant of Tasks RCU enabled.
[    0.000000] Tracing variant of Tasks RCU enabled.
[    0.000000] rcu: RCU calculated value of scheduler-enlistment delay is 25 jiffies.
[    0.000000] RCU Tasks: Setting shift to 2 and lim to 1 rcu_task_cb_adjust=1 rcu_task_cpu_ids=4.
[    0.000000] RCU Tasks Rude: Setting shift to 2 and lim to 1 rcu_task_cb_adjust=1 rcu_task_cpu_ids=4.
[    0.000000] RCU Tasks Trace: Setting shift to 2 and lim to 1 rcu_task_cb_adjust=1 rcu_task_cpu_ids=4.
[    0.000000] NR_IRQS: 64, nr_irqs: 64, preallocated irqs: 0
[    0.000000] Root IRQ handler: gic_handle_irq
[    0.000000] GIC: Using split EOI/Deactivate mode
[    0.000000] rcu: srcu_init: Setting srcu_struct sizes based on contention.
[    0.000000] arch_timer: cp15 timer(s) running at 54.00MHz (phys).
[    0.000000] clocksource: arch_sys_counter: mask: 0xffffffffffffff max_cycles: 0xc743ce346, max_idle_ns: 440795203123 ns
[    0.000000] sched_clock: 56 bits at 54MHz, resolution 18ns, wraps every 4398046511102ns
[    0.000126] kfence: initialized - using 2097152 bytes for 255 objects at 0x(____ptrval____)-0x(____ptrval____)
[    0.000215] Calibrating delay loop (skipped), value calculated using timer frequency.. 108.00 BogoMIPS (lpj=216000)
[    0.000219] pid_max: default: 32768 minimum: 301
[    0.000280] LSM: initializing lsm=capability,selinux,bpf
[    0.000313] SELinux:  Initializing.
[    0.000624] LSM support for eBPF active
[    0.003199] Dentry cache hash table entries: 2097152 (order: 12, 16777216 bytes, vmalloc hugepage)
[    0.004895] Inode-cache hash table entries: 1048576 (order: 11, 8388608 bytes, vmalloc)
[    0.004974] Mount-cache hash table entries: 32768 (order: 6, 262144 bytes, vmalloc)
[    0.005024] Mountpoint-cache hash table entries: 32768 (order: 6, 262144 bytes, vmalloc)
[    0.005842] rcu: Hierarchical SRCU implementation.
[    0.005845] rcu: Max phase no-delay instances is 1000.
[    0.005899] Timer migration: 1 hierarchy levels; 8 children per group; 0 crossnode level
[    0.006278] EFI services will not be available.
[    0.006351] smp: Bringing up secondary CPUs ...
[    0.006526] Detected PIPT I-cache on CPU1
[    0.006557] CPU1: Booted secondary processor 0x0000000100 [0x414fd0b1]
[    0.006753] Detected PIPT I-cache on CPU2
[    0.006775] CPU2: Booted secondary processor 0x0000000200 [0x414fd0b1]
[    0.006978] Detected PIPT I-cache on CPU3
[    0.006996] CPU3: Booted secondary processor 0x0000000300 [0x414fd0b1]
[    0.007027] smp: Brought up 8 nodes, 4 CPUs
[    0.007030] SMP: Total of 4 processors activated.
[    0.007030] CPU: All CPU(s) started at EL2
[    0.007032] CPU features: detected: 32-bit EL0 Support
[    0.007034] CPU features: detected: Data cache clean to the PoU not required for I/D coherence
[    0.007035] CPU features: detected: Common not Private translations
[    0.007036] CPU features: detected: CRC32 instructions
[    0.007039] CPU features: detected: RCpc load-acquire (LDAPR)
[    0.007040] CPU features: detected: LSE atomic instructions
[    0.007041] CPU features: detected: Privileged Access Never
[    0.007042] CPU features: detected: RAS Extension Support
[    0.007044] CPU features: detected: Speculative Store Bypassing Safe (SSBS)
[    0.007065] alternatives: applying system-wide alternatives
[    0.009512] CPU features: detected: Hardware dirty bit management on CPU0-3
[    0.009693] Memory: 15998200K/16773120K available (22016K kernel code, 2814K rwdata, 9228K rodata, 2048K init, 749K bss, 404764K reserved, 327680K cma-reserved)
[    0.010157] devtmpfs: initialized
[    0.012465] Enabled cp15_barrier support
[    0.012469] Enabled setend support
[    0.012543] clocksource: jiffies: mask: 0xffffffff max_cycles: 0xffffffff, max_idle_ns: 7645041785100000 ns
[    0.012551] futex hash table entries: 1024 (order: 4, 65536 bytes, vmalloc)
[    0.015585] 2G module region forced by RANDOMIZE_MODULE_REGION_FULL
[    0.015589] 0 pages in range for non-PLT usage
[    0.015591] 515008 pages in range for PLT usage
[    0.015738] pinctrl core: initialized pinctrl subsystem
[    0.019816] NET: Registered PF_NETLINK/PF_ROUTE protocol family
[    0.020186] DMA: preallocated 1024 KiB GFP_KERNEL pool for atomic allocations
[    0.020226] DMA: preallocated 1024 KiB GFP_KERNEL|GFP_DMA pool for atomic allocations
[    0.020260] audit: initializing netlink subsys (disabled)
[    0.020376] audit: type=2000 audit(0.016:1): state=initialized audit_enabled=0 res=1
[    0.020497] thermal_sys: Registered thermal governor 'step_wise'
[    0.020507] cpuidle: using governor menu
[    0.020627] hw-breakpoint: found 6 breakpoint and 4 watchpoint registers.
[    0.020650] ASID allocator initialised with 32768 entries
[    0.020857] Serial: AMBA PL011 UART driver
[    0.021458] /soc@107c000000/interrupt-controller@7fff9000: Fixed dependency cycle(s) with /soc@107c000000/interrupt-controller@7fff9000
[    0.021647] bcm2835-mbox 107c013880.mailbox: mailbox enabled
[    0.021778] 107d001000.serial: ttyAMA10 at MMIO 0x107d001000 (irq = 16, base_baud = 0) is a PL011 AXI
[    0.021787] printk: legacy console [ttyAMA10] enabled
[    1.085315] raspberrypi-firmware soc@107c000000:firmware: Attached to firmware from 2025-03-10T17:10:37, variant start_cd
[    1.100327] raspberrypi-firmware soc@107c000000:firmware: Firmware hash is 2bb2ae6400000000000000000000000000000000
[    1.186830] raid6: neonx8   gen() 12726 MB/s
[    1.258845] raid6: neonx4   gen() 12748 MB/s
[    1.330868] raid6: neonx2   gen() 11666 MB/s
[    1.402875] raid6: neonx1   gen()  9138 MB/s
[    1.474892] raid6: int64x8  gen()  5214 MB/s
[    1.546908] raid6: int64x4  gen()  5600 MB/s
[    1.618925] raid6: int64x2  gen()  4920 MB/s
[    1.690939] raid6: int64x1  gen()  4142 MB/s
[    1.695218] raid6: using algorithm neonx4 gen() 12748 MB/s
[    1.766953] raid6: .... xor() 9725 MB/s, rmw enabled
[    1.771930] raid6: using neon recovery algorithm
[    1.776707] bcm2835-dma 1000010000.dma: DMA legacy API manager, dmachans=0x1
[    1.784069] iommu: Default domain type: Translated
[    1.788877] iommu: DMA domain TLB invalidation policy: strict mode
[    1.795203] SCSI subsystem initialized
[    1.798992] usbcore: registered new interface driver usbfs
[    1.804504] usbcore: registered new interface driver hub
[    1.809838] usbcore: registered new device driver usb
[    1.815002] mc: Linux media interface: v0.10
[    1.819291] videodev: Linux video capture interface: v2.00
[    1.824807] pps_core: LinuxPPS API ver. 1 registered
[    1.829785] pps_core: Software ver. 5.3.6 - Copyright 2005-2007 Rodolfo Giometti <giometti@linux.it>
[    1.838954] PTP clock support registered
[    1.842925] Advanced Linux Sound Architecture Driver Initialized.
[    1.849184] Bluetooth: Core ver 2.22
[    1.852771] NET: Registered PF_BLUETOOTH protocol family
[    1.858100] Bluetooth: HCI device and connection manager initialized
[    1.864476] Bluetooth: HCI socket layer initialized
[    1.869367] Bluetooth: L2CAP socket layer initialized
[    1.874435] Bluetooth: SCO socket layer initialized
[    1.879530] clocksource: Switched to clocksource arch_sys_counter
[    1.886479] VFS: Disk quotas dquot_6.6.0
[    1.890426] VFS: Dquot-cache hash table entries: 512 (order 0, 4096 bytes)
[    1.897625] NET: Registered PF_INET protocol family
[    1.902922] IP idents hash table entries: 262144 (order: 9, 2097152 bytes, vmalloc)
[    1.913366] tcp_listen_portaddr_hash hash table entries: 8192 (order: 5, 131072 bytes, vmalloc)
[    1.922161] Table-perturb hash table entries: 65536 (order: 6, 262144 bytes, vmalloc)
[    1.930056] TCP established hash table entries: 131072 (order: 8, 1048576 bytes, vmalloc)
[    1.938653] TCP bind hash table entries: 65536 (order: 9, 2097152 bytes, vmalloc)
[    1.946820] TCP: Hash tables configured (established 131072 bind 65536)
[    1.953621] MPTCP token hash table entries: 16384 (order: 7, 393216 bytes, vmalloc)
[    1.961371] UDP hash table entries: 8192 (order: 6, 262144 bytes, vmalloc)
[    1.968404] UDP-Lite hash table entries: 8192 (order: 6, 262144 bytes, vmalloc)
[    1.975917] NET: Registered PF_UNIX/PF_LOCAL protocol family
[    1.981797] NET: Registered PF_XDP protocol family
[    1.986608] PCI: CLS 0 bytes, default 64
[    1.990587] Trying to unpack rootfs image as initramfs...
[    2.000577] kvm [1]: nv: 554 coarse grained trap handlers
[    2.006139] kvm [1]: IPA Size Limit: 40 bits
[    2.010457] kvm [1]: vgic interrupt IRQ9
[    2.013448] Freeing initrd memory: 1508K
[    2.018338] kvm [1]: VHE mode initialized successfully
[    2.024173] Initialise system trusted keyrings
[    2.028959] workingset: timestamp_bits=42 max_order=22 bucket_order=0
[    2.036002] Key type cifs.idmap registered
[    2.040137] fuse: init (API version 7.41)
[    2.056218] xor: measuring software checksum speed
[    2.061203]    8regs           : 18435 MB/sec
[    2.065753]    32regs          : 18692 MB/sec
[    2.070309]    arm64_neon      : 21640 MB/sec
[    2.074678] xor: using function: arm64_neon (21640 MB/sec)
[    2.080183] Key type asymmetric registered
[    2.084288] Asymmetric key parser 'x509' registered
[    2.089209] Block layer SCSI generic (bsg) driver version 0.4 loaded (major 244)
[    2.096664] io scheduler mq-deadline registered
[    2.101208] io scheduler kyber registered
[    2.105239] io scheduler bfq registered
[    2.109434] irq_brcmstb_l2: registered L2 intc (/soc@107c000000/interrupt-controller@7d510600, parent irq: 27)
[    2.119519] irq_brcmstb_l2: registered L2 intc (/soc@107c000000/interrupt-controller@7c502000, parent irq: 28)
[    2.129592] irq_brcmstb_l2: registered L2 intc (/soc@107c000000/intc@7d508380, parent irq: 29)
[    2.138269] irq_brcmstb_l2: registered L2 intc (/soc@107c000000/intc@7d508400, parent irq: 30)
[    2.146945] irq_brcmstb_l2: registered L2 intc (/soc@107c000000/intc@7d503000, parent irq: 31)
[    2.156857] ledtrig-cpu: registered to indicate activity on CPUs
[    2.191478] Serial: 8250/16550 driver, 1 ports, IRQ sharing enabled
[    2.198080] 107d50c000.serial: ttyS0 at MMIO 0x107d50c000 (irq = 33, base_baud = 6000000) is a Broadcom BCM7271 UART
[    2.208690] serial serial0: tty port ttyS0 registered
[    2.213990] iproc-rng200 107d208000.rng: hwrng registered
[    2.219440] vc-mem: phys_addr:0x00000000 mem_base=0x3fc00000 mem_size:0x40000000(1024 MiB)
[    2.227843] rpi-gpiomem 107d508500.gpiomem: window base 0x107d508500 size 0x00000040
[    2.235639] rpi-gpiomem 107d508500.gpiomem: initialised 1 regions as /dev/gpiomem1
[    2.243255] rpi-gpiomem 107d517c00.gpiomem: window base 0x107d517c00 size 0x00000040
[    2.251049] rpi-gpiomem 107d517c00.gpiomem: initialised 1 regions as /dev/gpiomem2
[    2.258660] rpi-gpiomem 107d504100.gpiomem: window base 0x107d504100 size 0x00000020
[    2.266464] rpi-gpiomem 107d504100.gpiomem: initialised 1 regions as /dev/gpiomem3
[    2.274073] rpi-gpiomem 107d510700.gpiomem: window base 0x107d510700 size 0x00000020
[    2.281873] rpi-gpiomem 107d510700.gpiomem: initialised 1 regions as /dev/gpiomem4
[    2.289597] bcm2712-iommu-cache 1000005b00.iommuc: bcm2712_iommu_cache_probe
[    2.299032] brd: module loaded
[    2.304258] loop: module loaded
[    2.307496] zram: Added device: zram0
[    2.311275] bcm2835-power bcm2835-power: Broadcom BCM2835 power domains driver
[    2.318666] Loading iSCSI transport class v2.0-870.
[    2.324561] wireguard: WireGuard 1.0.0 loaded. See www.wireguard.com for information.
[    2.332436] wireguard: Copyright (C) 2015-2019 Jason A. Donenfeld <Jason@zx2c4.com>. All Rights Reserved.
[    2.342603] tun: Universal TUN/TAP device driver, 1.6
[    2.347866] usbcore: registered new interface driver brcmfmac
[    2.353637] usbcore: registered new device driver r8152-cfgselector
[    2.359935] usbcore: registered new interface driver r8152
[    2.365443] usbcore: registered new interface driver lan78xx
[    2.371129] usbcore: registered new interface driver asix
[    2.376552] usbcore: registered new interface driver ax88179_178a
[    2.382671] usbcore: registered new interface driver cdc_ether
[    2.388538] usbcore: registered new interface driver smsc95xx
[    2.394310] usbcore: registered new interface driver cdc_ncm
[    2.399995] usbcore: registered new interface driver r8153_ecm
[    2.405904] dwc_otg: version 3.00a 10-AUG-2012 (platform bus)
[    2.412753] dwc2 1000480000.usb: supply vusb_d not found, using dummy regulator
[    2.420121] dwc2 1000480000.usb: supply vusb_a not found, using dummy regulator
[    2.527590] dwc2 1000480000.usb: EPs: 8, dedicated fifos, 4080 entries in SPRAM
[    2.535045] usbcore: registered new interface driver cdc_acm
[    2.540725] cdc_acm: USB Abstract Control Model driver for USB modems and ISDN adapters
[    2.548766] usbcore: registered new interface driver usblp
[    2.554300] usbcore: registered new interface driver uas
[    2.559638] usbcore: registered new interface driver usb-storage
[    2.565683] usbcore: registered new interface driver ch341
[    2.571189] usbserial: USB Serial support registered for ch341-uart
[    2.577483] usbcore: registered new interface driver cp210x
[    2.583075] usbserial: USB Serial support registered for cp210x
[    2.589020] usbcore: registered new interface driver pl2303
[    2.594612] usbserial: USB Serial support registered for pl2303
[    2.600674] mousedev: PS/2 mouse device common for all mice
[    2.606275] usbcore: registered new interface driver xpad
[    2.611701] usbcore: registered new interface driver usb_acecad
[    2.617648] usbcore: registered new interface driver aiptek
[    2.623245] usbcore: registered new interface driver hanwang
[    2.628931] usbcore: registered new interface driver kbtab
[    2.634471] usbcore: registered new interface driver usbtouchscreen
[    2.648321] rpi-rtc soc@107c000000:rpi_rtc: registered as rtc0
[    2.655546] rpi-rtc soc@107c000000:rpi_rtc: setting system clock to 1970-01-01T00:00:16 UTC (16)
[    2.664384] i2c_dev: i2c /dev entries driver
[    2.668782] brcmstb-i2c 107d508200.i2c:  @97500hz registered in interrupt mode
[    2.676127] brcmstb-i2c 107d508280.i2c:  @97500hz registered in interrupt mode
[    2.683491] ir_imon_decoder: IR iMON protocol handler initialized
[    2.689611] IR JVC protocol handler initialized
[    2.694155] IR MCE Keyboard/mouse protocol handler initialized
[    2.700008] IR NEC protocol handler initialized
[    2.704553] IR RC5(x/sz) protocol handler initialized
[    2.709620] IR RC6 protocol handler initialized
[    2.714163] IR RCMM protocol handler initialized
[    2.718794] IR SANYO protocol handler initialized
[    2.723510] IR Sharp protocol handler initialized
[    2.728227] IR Sony protocol handler initialized
[    2.732856] IR XMP protocol handler initialized
[    2.737522] usbcore: registered new interface driver uvcvideo
[    2.743624] bcm2835-wdt bcm2835-wdt: Poweroff handler already present!
[    2.750177] bcm2835-wdt bcm2835-wdt: Broadcom BCM2835 watchdog timer
[    2.756577] device-mapper: uevent: version 1.0.3
[    2.761258] device-mapper: ioctl: 4.48.0-ioctl (2023-03-01) initialised: dm-devel@lists.linux.dev
[    2.770210] Bluetooth: HCI UART driver ver 2.3
[    2.774668] Bluetooth: HCI UART protocol H4 registered
[    2.779844] Bluetooth: HCI UART protocol Broadcom registered
[    2.783565] hci_uart_bcm serial0-0: supply vbat not found, using dummy regulator
[    2.792983] hci_uart_bcm serial0-0: supply vddio not found, using dummy regulator
[    2.794707] sdhci: Secure Digital Host Controller Interface driver
[    2.806696] sdhci: Copyright(c) Pierre Ossman
[    2.811111] sdhci-pltfm: SDHCI platform and OF driver helper
[    2.816860] SMCCC: SOC_ID: ARCH_SOC_ID not implemented, skipping ....
[    2.823336] hid: raw HID events driver (C) Jiri Kosina
[    2.829145] usbcore: registered new interface driver usbhid
[    2.834742] usbhid: USB HID core driver
[    2.838644] ashmem: initialized
[    2.841835] SPI driver st-accel-spi has no spi_device_id for st,lis302dl-spi
[    2.848912] SPI driver st-accel-spi has no spi_device_id for st,lis3lv02dl-accel
[    2.856335] SPI driver st-accel-spi has no spi_device_id for st,lis3dh-accel
[    2.863410] SPI driver st-accel-spi has no spi_device_id for st,lsm330d-accel
[    2.870571] SPI driver st-accel-spi has no spi_device_id for st,lsm330dl-accel
[    2.877821] SPI driver st-accel-spi has no spi_device_id for st,lsm330dlc-accel
[    2.885156] SPI driver st-accel-spi has no spi_device_id for st,lis331dlh-accel
[    2.892493] SPI driver st-accel-spi has no spi_device_id for st,lsm330-accel
[    2.899567] SPI driver st-accel-spi has no spi_device_id for st,lsm303agr-accel
[    2.906904] SPI driver st-accel-spi has no spi_device_id for st,lis2dh12-accel
[    2.914156] SPI driver st-accel-spi has no spi_device_id for st,lng2dm-accel
[    2.921232] SPI driver st-accel-spi has no spi_device_id for st,h3lis331dl-accel
[    2.928654] SPI driver st-accel-spi has no spi_device_id for st,lis331dl-accel
[    2.935904] SPI driver st-accel-spi has no spi_device_id for st,lsm303c-accel
[    2.943107] SPI driver st-magn-spi has no spi_device_id for st,lis3mdl-magn
[    2.950096] SPI driver st-magn-spi has no spi_device_id for st,lsm303agr-magn
[    2.957256] SPI driver st-magn-spi has no spi_device_id for st,lsm9ds1-magn
[    2.964244] SPI driver st-magn-spi has no spi_device_id for st,lsm303c-magn
[    2.971488] hw perfevents: enabled with armv8_cortex_a76 PMU driver, 7 (0,8000003f) counters available
[    2.981090] usbcore: registered new interface driver snd-usb-audio
[    2.987817] GACT probability NOT on
[    2.991315] Mirror/redirect action on
[    2.995004] netem: version 1.3
[    2.998086] u32 classifier
[    3.000801]     input device check on
[    3.004470]     Actions configured
[    3.008917] xt_time: kernel timezone is -0000
[    3.013331] ipip: IPv4 and MPLS over IPv4 tunneling driver
[    3.018954] gre: GRE over IPv4 demultiplexor driver
[    3.023853] ip_gre: GRE over IPv4 tunneling driver
[    3.028854] IPv4 over IPsec tunneling driver
[    3.033225] Initializing XFRM netlink socket
[    3.037513] IPsec XFRM device driver
[    3.041128] NET: Registered PF_INET6 protocol family
[    3.046484] Segment Routing with IPv6
[    3.050163] In-situ OAM (IOAM) with IPv6
[    3.054128] mip6: Mobile IPv6
[    3.057225] sit: IPv6, IPv4 and MPLS over IPv4 tunneling driver
[    3.063332] ip6_gre: GRE over IPv6 tunneling driver
[    3.068310] NET: Registered PF_PACKET protocol family
[    3.073384] NET: Registered PF_KEY protocol family
[    3.078196] Key type dns_resolver registered
[    3.082524] NET: Registered PF_VSOCK protocol family
[    3.092669] registered taskstats version 1
[    3.096830] Loading compiled-in X.509 certificates
[    3.104999] Demotion targets for Node 0: null
[    3.109371] Demotion targets for Node 1: null
[    3.114110] Demotion targets for Node 2: null
[    3.118480] Demotion targets for Node 3: null
[    3.122856] Demotion targets for Node 4: null
[    3.127225] Demotion targets for Node 5: null
[    3.131669] Demotion targets for Node 6: null
[    3.136037] Demotion targets for Node 7: null
[    3.140463] Key type .fscrypt registered
[    3.144395] Key type fscrypt-provisioning registered
[    3.149779] Bluetooth: hci0: BCM: chip id 107
[    3.149881] Btrfs loaded, zoned=no, fsverity=yes
[    3.154349] Bluetooth: hci0: BCM: features 0x2f
[    3.159788] brcm-pcie 1000120000.pcie: host bridge /axi/pcie@1000120000 ranges:
[    3.164388] Bluetooth: hci0: BCM4345C0
[    3.170664] brcm-pcie 1000120000.pcie:   No bus range found for /axi/pcie@1000120000, using [bus 00-ff]
[    3.174417] Bluetooth: hci0: BCM4345C0 (003.001.025) build 0000
[    3.174460] Bluetooth: hci0: BCM4345C0 'brcm/BCM4345C0.hcd' Patch
[    3.183859] brcm-pcie 1000120000.pcie:      MEM 0x1f00000000..0x1ffffffffb -> 0x0000000000
[    3.204206] brcm-pcie 1000120000.pcie:      MEM 0x1c00000000..0x1effffffff -> 0x0400000000
[    3.212510] brcm-pcie 1000120000.pcie:   IB MEM 0x1f00000000..0x1f003fffff -> 0x0000000000
[    3.220813] brcm-pcie 1000120000.pcie:   IB MEM 0x0000000000..0x0fffffffff -> 0x1000000000
[    3.229120] brcm-pcie 1000120000.pcie:   IB MEM 0x1000130000..0x1000130fff -> 0xfffffff000
[    3.238753] brcm-pcie 1000120000.pcie: PCI host bridge to bus 0002:00
[    3.245222] pci_bus 0002:00: root bus resource [bus 00-ff]
[    3.250727] pci_bus 0002:00: root bus resource [mem 0x1f00000000-0x1ffffffffb] (bus address [0x00000000-0xfffffffb])
[    3.261302] pci_bus 0002:00: root bus resource [mem 0x1c00000000-0x1effffffff pref] (bus address [0x400000000-0x6ffffffff])
[    3.272489] pci 0002:00:00.0: [14e4:2712] type 01 class 0x060400 PCIe Root Port
[    3.279828] pci 0002:00:00.0: PCI bridge to [bus 00]
[    3.284808] pci 0002:00:00.0:   bridge window [mem 0x1f80000000-0x1fbfffffff]
[    3.291983] pci 0002:00:00.0: PME# supported from D0 D3hot
[    3.298079] pci 0002:00:00.0: bridge configuration invalid ([bus 00-00]), reconfiguring
[    3.407534] brcm-pcie 1000120000.pcie: clkreq-mode set to default
[    3.413664] brcm-pcie 1000120000.pcie: link up, 5.0 GT/s PCIe x4 (!SSC)
[    3.420331] pci 0002:01:00.0: [1de4:0001] type 00 class 0x020000 PCIe Endpoint
[    3.427595] pci 0002:01:00.0: BAR 0 [mem 0xffffc000-0xffffffff]
[    3.433539] pci 0002:01:00.0: BAR 1 [mem 0xffc00000-0xffffffff]
[    3.439482] pci 0002:01:00.0: BAR 2 [mem 0xffff0000-0xffffffff]
[    3.445482] pci 0002:01:00.0: supports D1
[    3.449501] pci 0002:01:00.0: PME# supported from D0 D1 D3hot D3cold
[    3.463540] pci_bus 0002:01: busn_res: [bus 01-ff] end is updated to 01
[    3.470184] pci 0002:00:00.0: bridge window [mem 0x1f00000000-0x1f005fffff]: assigned
[    3.478044] pci 0002:01:00.0: BAR 1 [mem 0x1f00000000-0x1f003fffff]: assigned
[    3.485208] pci 0002:01:00.0: BAR 2 [mem 0x1f00400000-0x1f0040ffff]: assigned
[    3.492375] pci 0002:01:00.0: BAR 0 [mem 0x1f00410000-0x1f00413fff]: assigned
[    3.499538] pci 0002:00:00.0: PCI bridge to [bus 01]
[    3.504521] pci 0002:00:00.0:   bridge window [mem 0x1f00000000-0x1f005fffff]
[    3.511683] pci_bus 0002:00: resource 4 [mem 0x1f00000000-0x1ffffffffb]
[    3.518323] pci_bus 0002:00: resource 5 [mem 0x1c00000000-0x1effffffff pref]
[    3.525397] pci_bus 0002:01: resource 1 [mem 0x1f00000000-0x1f005fffff]
[    3.532037] pci 0002:00:00.0: Max Payload Size set to  256/ 512 (was  128), Max Read Rq  512
[    3.540524] pci 0002:01:00.0: Max Payload Size set to  256/ 256 (was  128), Max Read Rq  512
[    3.549064] pcieport 0002:00:00.0: enabling device (0000 -> 0002)
[    3.555210] pcieport 0002:00:00.0: PME: Signaling with IRQ 42
[    3.561033] pcieport 0002:00:00.0: AER: enabled with IRQ 42
[    3.566719] rp1 0002:01:00.0: bar0 len 0x4000, start 0x1f00410000, end 0x1f00413fff, flags, 0x40200
[    3.575808] rp1 0002:01:00.0: bar1 len 0x400000, start 0x1f00000000, end 0x1f003fffff, flags, 0x40200
[    3.585078] rp1 0002:01:00.0: enabling device (0000 -> 0002)
[    3.591485] rp1 0002:01:00.0: chip_id 0x20001927
[    3.600748] rpi-gpiomem 1f000d0000.gpiomem: window base 0x1f000d0000 size 0x00030000
[    3.608589] rpi-gpiomem 1f000d0000.gpiomem: initialised 1 regions as /dev/gpiomem0
[    3.616335] bcm2712-iommu 1000005100.iommu: IOVA aperture 0xa00000000..0xb00000000 including DMA offset 0x0
[    3.626143] bcm2712-iommu 1000005100.iommu: bcm2712_iommu_init: DEBUG_INFO = 0x20804774
[    3.634243] bcm2712-iommu 1000005200.iommu: IOVA aperture 0xa00000000..0xa80000000 including DMA offset 0x0
[    3.644069] bcm2712-iommu 1000005200.iommu: bcm2712_iommu_init: DEBUG_INFO = 0x20804774
[    3.652155] bcm2712-iommu 1000005280.iommu: IOVA aperture 0x1a00000000..0x1a80000000 including DMA offset 0x1000000000
[    3.662925] bcm2712-iommu 1000005280.iommu: bcm2712_iommu_init: DEBUG_INFO = 0x20804774
[    3.676887] v3d 1002000000.v3d: [drm] Transparent Hugepage support is recommended for optimal performance on this platform!
[    3.688407] [drm] Initialized v3d 1.0.0 for 1002000000.v3d on minor 0
[    3.699184] vc4_hvs 107c580000.hvs: bcm2712_iommu_of_xlate: MMU 1000005200.iommu
[    3.706626] vc4_hvs 107c580000.hvs: bcm2712_iommu_probe_device: MMU 1000005200.iommu
[    3.714413] vc4_hvs 107c580000.hvs: bcm2712_iommu_device_group: MMU 1000005200.iommu
[    3.722202] vc4_hvs 107c580000.hvs: Adding to iommu group 1
[    3.727802] vc4_hvs 107c580000.hvs: bcm2712_iommu_attach_dev: MMU 1000005200.iommu
[    3.735477] vc4-drm axi:gpu: bcm2712_iommu_of_xlate: MMU 1000005200.iommu
[    3.742302] vc4-drm axi:gpu: bcm2712_iommu_probe_device: MMU 1000005200.iommu
[    3.749479] vc4-drm axi:gpu: bcm2712_iommu_device_group: MMU 1000005200.iommu
[    3.756649] vc4-drm axi:gpu: Adding to iommu group 1
[    3.761633] vc4-drm axi:gpu: bcm2712_iommu_attach_dev: MMU 1000005200.iommu
[    3.773433] vc4-drm axi:gpu: bound 107c580000.hvs (ops vc4_hvs_ops)
[    3.784671] input: vc4-hdmi-0 HDMI Jack as /devices/platform/soc@107c000000/107c701400.hdmi/sound/card0/input0
[    3.797341] vc4-drm axi:gpu: bound 107c701400.hdmi (ops vc4_hdmi_ops)
[    3.805253] input: vc4-hdmi-1 HDMI Jack as /devices/platform/soc@107c000000/107c706400.hdmi/sound/card1/input1
[    3.818711] vc4-drm axi:gpu: bound 107c706400.hdmi (ops vc4_hdmi_ops)
[    3.825229] vc4-drm axi:gpu: bound 107c500000.mop (ops vc4_txp_ops)
[    3.831590] vc4-drm axi:gpu: bound 107c501000.moplet (ops vc4_txp_ops)
[    3.838182] vc4-drm axi:gpu: bound 107c410000.pixelvalve (ops vc4_crtc_ops)
[    3.845201] vc4-drm axi:gpu: bound 107c411000.pixelvalve (ops vc4_crtc_ops)
[    3.852856] [drm] Initialized vc4 0.0.0 for axi:gpu on minor 1
[    3.863873] vc4-drm axi:gpu: [drm] Cannot find any crtc or sizes
[    3.870065] rpi-hevc-dec 1000800000.codec: bcm2712_iommu_of_xlate: MMU 1000005100.iommu
[    3.878114] rpi-hevc-dec 1000800000.codec: bcm2712_iommu_probe_device: MMU 1000005100.iommu
[    3.884088] vc4-drm axi:gpu: [drm] Cannot find any crtc or sizes
[    3.886513] rpi-hevc-dec 1000800000.codec: bcm2712_iommu_device_group: MMU 1000005100.iommu
[    3.892830] Bluetooth: hci0: BCM: features 0x2f
[    3.895948] vc4-drm axi:gpu: [drm] Cannot find any crtc or sizes
[    3.900922] rpi-hevc-dec 1000800000.codec: Adding to iommu group 0
[    3.906787] Bluetooth: hci0: BCM43455 37.4MHz Raspberry Pi 3+-0190
[    3.911487] rpi-hevc-dec 1000800000.codec: bcm2712_iommu_attach_dev: MMU 1000005100.iommu
[    3.917677] Bluetooth: hci0: BCM4345C0 (003.001.025) build 0382
[    3.938078] Bluetooth: hci0: BCM: Using default device address (43:45:c0:00:1f:ac)
[    3.939053] rpi-hevc-dec 1000800000.codec: Device registered as /dev/video19
[    3.952875] pispbe 1000880000.pisp_be: bcm2712_iommu_of_xlate: MMU 1000005100.iommu
[    3.960590] pispbe 1000880000.pisp_be: bcm2712_iommu_probe_device: MMU 1000005100.iommu
[    3.968638] pispbe 1000880000.pisp_be: bcm2712_iommu_device_group: MMU 1000005100.iommu
[    3.976693] pispbe 1000880000.pisp_be: Adding to iommu group 0
[    3.982570] pispbe 1000880000.pisp_be: bcm2712_iommu_attach_dev: MMU 1000005100.iommu
[    3.991743] sdhci-brcmstb 1000fff000.mmc: Got CD GPIO
[    3.996946] mmc0: CQHCI version 5.10
[    3.997252] genirq: irq_chip rp1_irq_chip did not update eff. affinity mask of irq 104
[    4.000787] mmc1: CQHCI version 5.10
[    4.027444] macb 1f00100000.ethernet eth0: Cadence GEM rev 0x00070109 at 0x1f00100000 irq 110 (88:a2:9e:11:aa:ea)
[    4.039246] dw_axi_dmac_platform 1f00188000.dma: DesignWare AXI DMA Controller, 8 channels
[    4.047810] xhci-hcd xhci-hcd.0: xHCI Host Controller
[    4.050285] mmc0: SDHCI controller on 1000fff000.mmc [1000fff000.mmc] using ADMA 64-bit
[    4.052894] xhci-hcd xhci-hcd.0: new USB bus registered, assigned bus number 1
[    4.068600] xhci-hcd xhci-hcd.0: hcc params 0x0240fe6d hci version 0x110 quirks 0x0000808000000810
[    4.077608] xhci-hcd xhci-hcd.0: irq 135, io mem 0x1f00200000
[    4.083440] xhci-hcd xhci-hcd.0: xHCI Host Controller
[    4.088512] xhci-hcd xhci-hcd.0: new USB bus registered, assigned bus number 2
[    4.095762] xhci-hcd xhci-hcd.0: Host supports USB 3.0 SuperSpeed
[    4.101915] usb usb1: New USB device found, idVendor=1d6b, idProduct=0002, bcdDevice= 6.12
[    4.110215] usb usb1: New USB device strings: Mfr=3, Product=2, SerialNumber=1
[    4.117463] usb usb1: Product: xHCI Host Controller
[    4.122354] usb usb1: Manufacturer: Linux 6.12.73-g8af794a959ec-v8 xhci-hcd
[    4.129341] usb usb1: SerialNumber: xhci-hcd.0
[    4.133912] hub 1-0:1.0: USB hub found
[    4.137682] hub 1-0:1.0: 2 ports detected
[    4.141816] usb usb2: New USB device found, idVendor=1d6b, idProduct=0003, bcdDevice= 6.12
[    4.150115] usb usb2: New USB device strings: Mfr=3, Product=2, SerialNumber=1
[    4.157364] usb usb2: Product: xHCI Host Controller
[    4.162269] usb usb2: Manufacturer: Linux 6.12.73-g8af794a959ec-v8 xhci-hcd
[    4.167228] mmc0: new ultra high speed SDR104 SDXC card at address aaaa
[    4.169327] usb usb2: SerialNumber: xhci-hcd.0
[    4.176070] mmcblk0: mmc0:aaaa SL64G 59.5 GiB
[    4.180451] hub 2-0:1.0: USB hub found
[    4.188487] hub 2-0:1.0: 1 port detected
[    4.192309] GPT:Primary header thinks Alt. header is not at the end of the disk.
[    4.192731] xhci-hcd xhci-hcd.1: xHCI Host Controller
[    4.198068] mmc1: SDHCI controller on 1001100000.mmc [1001100000.mmc] using ADMA 64-bit
[    4.199843] GPT:35651583 != 124735487
[    4.204910] xhci-hcd xhci-hcd.1: new USB bus registered, assigned bus number 3
[    4.212941] GPT:Alternate GPT header not at the end of the disk.
[    4.212942] GPT:35651583 != 124735487
[    4.212943] GPT: Use GNU Parted to correct GPT errors.
[    4.212950]  mmcblk0: p1 p2 p3 p4 p5 p6 p7
[    4.217047] xhci-hcd xhci-hcd.1: hcc params 0x0240fe6d hci version 0x110 quirks 0x0000808000000810
[    4.224084] mmcblk0: mmc0:aaaa SL64G 59.5 GiB (quirks 0x00004000)
[    4.227882] mmc1: new ultra high speed DDR50 SDIO card at address 0001
[    4.229090] brcmfmac: brcmf_fw_alloc_request: using brcm/brcmfmac43455-sdio for chip BCM4345/6
[    4.229145] brcmfmac mmc1:0001:1: Direct firmware load for brcm/brcmfmac43455-sdio.raspberrypi,5-model-b.bin failed with error -2
[    4.229906] xhci-hcd xhci-hcd.1: irq 140, io mem 0x1f00300000
[    4.290667] xhci-hcd xhci-hcd.1: xHCI Host Controller
[    4.295766] xhci-hcd xhci-hcd.1: new USB bus registered, assigned bus number 4
[    4.303017] xhci-hcd xhci-hcd.1: Host supports USB 3.0 SuperSpeed
[    4.309160] usb usb3: New USB device found, idVendor=1d6b, idProduct=0002, bcdDevice= 6.12
[    4.317459] usb usb3: New USB device strings: Mfr=3, Product=2, SerialNumber=1
[    4.324708] usb usb3: Product: xHCI Host Controller
[    4.329599] usb usb3: Manufacturer: Linux 6.12.73-g8af794a959ec-v8 xhci-hcd
[    4.336585] usb usb3: SerialNumber: xhci-hcd.1
[    4.341147] hub 3-0:1.0: USB hub found
[    4.344916] hub 3-0:1.0: 2 ports detected
[    4.349041] usb usb4: New USB device found, idVendor=1d6b, idProduct=0003, bcdDevice= 6.12
[    4.357338] usb usb4: New USB device strings: Mfr=3, Product=2, SerialNumber=1
[    4.364586] usb usb4: Product: xHCI Host Controller
[    4.369482] usb usb4: Manufacturer: Linux 6.12.73-g8af794a959ec-v8 xhci-hcd
[    4.370609] brcmfmac: brcmf_c_process_txcap_blob: no txcap_blob available (err=-2)
[    4.376533] usb usb4: SerialNumber: xhci-hcd.1
[    4.384311] brcmfmac: brcmf_c_preinit_dcmds: Firmware: BCM4345/6 wl0: Aug 29 2023 01:47:08 version 7.45.265 (28bca26 CY) FWID 01-b677b91b
[    4.388612] hub 4-0:1.0: USB hub found
[    4.404705] hub 4-0:1.0: 1 port detected
[    4.409840] input: pwr_button as /devices/platform/pwr_button/input/input2
[    4.416882] of_cfs_init
[    4.419358] of_cfs_init: OK
[    4.422233] cfg80211: Loading compiled-in X.509 certificates for regulatory database
[    4.430313] Loaded X.509 cert 'benh@debian.org: 577e021cb980e0e820821ba7b54b4961b8b4fadf'
[    4.438713] Loaded X.509 cert 'romain.perier@gmail.com: 3abbc6ec146e09d1b6016ab9d6cf71dd233f0328'
[    4.447787] Loaded X.509 cert 'sforshee: 00b28ddf47aef9cea7'
[    4.449505] ------------[ cut here ]------------
[    4.453621] Loaded X.509 cert 'wens: 61c038651aabdcf94bd0ac7ff06c7248db18c600'
[    4.458095] memcpy: detected field-spanning write (size 27) of single field "eventmask_msg->mask" at drivers/net/wireless/broadcom/brcm80211/brcmfmac/fweh.c:461 (size 1)
[    4.465384] clk: Disabling unused clocks
[    4.480565] WARNING: CPU: 0 PID: 11 at drivers/net/wireless/broadcom/brcm80211/brcmfmac/fweh.c:461 brcmf_fweh_activate_events+0x274/0x2e0
[    4.496854] Modules linked in:
[    4.499913] CPU: 0 UID: 0 PID: 11 Comm: kworker/0:1 Not tainted 6.12.73-g8af794a959ec-v8 #1
[    4.508296] Hardware name: Raspberry Pi 5 Model B Rev 1.1 (DT)
[    4.514146] Workqueue: events request_firmware_work_func
[    4.519476] pstate: 60400009 (nZCv daif +PAN -UAO -TCO -DIT -SSBS BTYPE=--)
[    4.526461] pc : brcmf_fweh_activate_events+0x274/0x2e0
[    4.531702] lr : brcmf_fweh_activate_events+0x270/0x2e0
[    4.536942] sp : ffffffc08010bb10
[    4.540261] x29: ffffffc08010bb10 x28: ffffffd08dc24a50 x27: ffffffd08e08e226
[    4.547422] x26: 0000000000000001 x25: ffffff82001f3068 x24: ffffffd08dc24e80
[    4.554583] x23: 000000000000001b x22: ffffff82001f3000 x21: 000000000000001f
[    4.561744] x20: ffffff8380777b00 x19: ffffff810041da40 x18: ffffffc080105048
[    4.568904] x17: 00000000529c6ef0 x16: 00000000529c6ef0 x15: 00000000000002e6
[    4.576065] x14: ffffffd08e4c0bc8 x13: 0000000000000080 x12: 0000000000000080
[    4.583226] x11: 00000000000000c0 x10: 0000000000001c10 x9 : aac3e7aa386ebf00
[    4.590387] x8 : aac3e7aa386ebf00 x7 : 000000008f0d1800 x6 : 8f0d180000000003
[    4.597548] x5 : 0000000000000001 x4 : 000000010b0f8a7f x3 : 0000000000000000
[    4.604709] x2 : 000000000000001b x1 : ffffff8002c44580 x0 : ffffff807fed7a80
[    4.611870] Call trace:
[    4.614316]  brcmf_fweh_activate_events+0x274/0x2e0
[    4.619207]  brcmf_cfg80211_attach+0x12e8/0x1728
[    4.623837]  brcmf_attach+0x270/0x5c0
[    4.627507]  brcmf_sdio_firmware_callback+0x848/0x8d8
[    4.632573]  brcmf_fw_request_done+0x170/0x1b4
[    4.637028]  request_firmware_work_func+0x74/0xc8
[    4.641744]  process_scheduled_works+0x1d0/0x46c
[    4.646375]  worker_thread+0x244/0x300
[    4.650132]  kthread+0x128/0x1bc
[    4.653365]  ret_from_fork+0x10/0x20
[    4.656949] ---[ end trace 0000000000000000 ]---
[    4.665036] PM: genpd: Disabling unused power domains
[    4.670118] ALSA device list:
[    4.673108]   #0: vc4-hdmi-0
[    4.676002]   #1: vc4-hdmi-1
[    4.680362] Freeing unused kernel memory: 2048K
[    4.685037] Run /init as init process
[    4.690065] init: init first stage started!
[    4.694323] init: Unable to open /lib/modules, skipping module loading.
[    4.701054] init: [libfstab] Using Android DT directory /proc/device-tree/firmware/android/
[    4.709467] init: [libfstab] ReadFstabFromDt(): failed to read fstab from dt
[    4.716857] init: Failed to read vbmeta partitions.
[    4.737610] init: bool android::init::BlockDevInitializer::InitDevices(std::set<std::string>): partition(s) not found in /sys, waiting for their uevent(s): mmcblk0p5, mmcblk0p6, mmcblk0p7
[   14.764453] init: Wait for partitions returned after 10010ms
[   14.770158] init: bool android::init::BlockDevInitializer::InitDevices(std::set<std::string>): partition(s) not found after polling timeout: mmcblk0p5, mmcblk0p6, mmcblk0p7
[   14.785645] init: Failed to create devices required for first stage mount
[   14.793033] init: InitFatalReboot: signal 6
[   14.801958] init:   #00 pc 000000000037e00c  /init (unwindstack::AndroidLocalUnwinder::InternalUnwind(std::__1::optional<int>, unwindstack::AndroidUnwinderData&)+92) (BuildId: 6fe305c31c292e0f92fd31093b3e306c)
[   14.820665] init:   #01 pc 00000000003776c0  /init (android::init::InitFatalReboot(int)+208) (BuildId: 6fe305c31c292e0f92fd31093b3e306c)
[   14.832993] init:   #02 pc 0000000000377d10  /init (android::init::InstallRebootSignalHandlers()::$_0::__invoke(int)+32) (BuildId: 6fe305c31c292e0f92fd31093b3e306c)
[   14.847762] init:   #03 pc 0000000000000874  [vdso]
[   14.852665] init:   #04 pc 0000000000300e68  /init (abort+152) (BuildId: 6fe305c31c292e0f92fd31093b3e306c)
[   14.862371] init:   #05 pc 000000000037d1bc  /init (android::init::InitAborter(char const*)+44) (BuildId: 6fe305c31c292e0f92fd31093b3e306c)
[   14.882225] kvm: exiting hardware virtualization
[   14.886864] reboot: Restarting system with command 'bootloader'

  1.49 RPi: BOOTSYS release VERSION:2bb2ae64 DATE: 2025/03/10 TIME: 17:10:37
  1.54 BOOTMODE: 0x06 partition 0 build-ts BUILD_TIMESTAMP=1741626637 serial 06956aab boardrev e04171 stc 1054089
  1.64 AON_RESET: 00000003 PM_RSTS 00001020
  1.68 POWER_OFF_ON_HALT: 0 WAIT_FOR_POWER_BUTTON 0 power-on-reset 0
  1.77 RP1_BOOT chip ID: 0x20001927
  1.82 PCIEx1: PWR 0 DET_WAKE 0
  1.82 part 00000000 reset_info 00000000
  1.86 PMIC reset-event 00000000 rtc 0000001d alarm 00000000 enabled 0
  1.92 uSD voltage 3.3V
  1.99 SDRAM_CONFIG: 1b
  1.99 Initialising SDRAM rank 2 total-size: 128 Gbit 4267 (0x1b 0x1b)
  1.04 DDR 4267 1 1 128 152 BL:1
