
  1.15 RPi: BOOTSYS release VERSION:2bb2ae64 DATE: 2025/03/10 TIME: 17:10:37
  1.19 BOOTMODE: 0x06 partition 0 build-ts BUILD_TIMESTAMP=1741626637 serial 06956aab boardrev e04171 stc 1119309
  1.29 AON_RESET: 00000003 PM_RSTS 00001000
  1.33 POWER_OFF_ON_HALT: 0 WAIT_FOR_POWER_BUTTON 0 power-on-reset 1
  1.43 RP1_BOOT chip ID: 0x20001927
  1.47 PCIEx1: PWR 0 DET_WAKE 0
  1.48 part 00000000 reset_info 00000000
  1.51 PMIC reset-event 00000000 rtc 00000001 alarm 00000000 enabled 0
  1.57 uSD voltage 3.3V
  1.64 SDRAM_CONFIG: 1b
  1.64 Initialising SDRAM rank 2 total-size: 128 Gbit 4267 (0x1b 0x1b)
  1.69 DDR 4267 1 1 128 152 BL:1
  2.99 OTP boardrev e04171 bootrom a a
  2.01 Customer key hash 0000000000000000000000000000000000000000000000000000000000000000
  2.08 VC-JTAG unlocked
  2.31 RP1_BOOT chip ID: 0x20001927

  3.66 RP1_BOOT chip ID: 0x20001927
  3.66 RP1_BOOT: fw size 46888
  4.04 PCI2 init
  4.04 PCI2 reset
  4.49 PCIe scan 00001de4:00000001
  4.50 RP1_CHIP_INFO 20001927

  4.52 RPi: BOOTLOADER release VERSION:2bb2ae64 DATE: 2025/03/10 TIME: 17:10:37
  4.59 BOOTMODE: 0x06 partition 0 build-ts BUILD_TIMESTAMP=1741626637 serial 06956aab boardrev e04171 stc 4259735
  4.69 PCIEx1: PWR 0 DET_WAKE 0
  4.72 M.2 PCIe HAT not detected.
  4.96 usb_pd_init status 3
  4.97 USB_PD CONFIG 0 41
  4.76 XHCI-STOP
  4.76 xHC0 ver: 272 HCS: 03000440 140000f1 07ff000a HCC: 0240fe6d
  4.81 USBSTS 1
  4.83 xHC0 ver: 272 HCS: 03000440 140000f1 07ff000a HCC: 0240fe6d
  4.88 xHC0 ports 3 slots 64 intrs 4
  4.00 XHCI-STOP
  4.00 xHC1 ver: 272 HCS: 03000440 140000f1 07ff000a HCC: 0240fe6d
  4.05 USBSTS 1
  4.07 xHC1 ver: 272 HCS: 03000440 140000f1 07ff000a HCC: 0240fe6d
  4.12 xHC1 ports 3 slots 64 intrs 4
  4.20 USB-PD: src-cap PDO object1 0x0a0191f4
  4.21 Current 5000 mA
  4.23 Voltage 5000 mV
  4.25 USB-PD: src-cap PDO object2 0x0002d12c
  4.29 Current 3000 mA
  4.32 Voltage 9000 mV
  4.34 USB-PD: src-cap PDO object3 0x0003c0e1
  4.38 Current 2250 mA
  4.40 Voltage 12000 mV
  4.42 USB-PD: src-cap PDO object4 0x0004b0b4
  4.46 Current 1800 mA
  4.48 Voltage 15000 mV
  4.50 Boot mode: SD (01) order f4
  9.13 SD HOST: 200000000 CTL0: 0x00800000 BUS: 400000 Hz actual: 390625 HZ div: 512 (256) status: 0x1fff0000 delay: 276
  9.24 SD HOST: 200000000 CTL0: 0x00800f00 BUS: 400000 Hz actual: 390625 HZ div: 512 (256) status: 0x1fff0000 delay: 276
  9.62 OCR c0ff8000 [360]
CID: 00035344534c3634478095513d200108
CSD: 400e00325b590001dbd37f800a404000
  9.72 SD: bus-width: 4 spec: 2 SCR: 0x02458003 0x00000000
  9.79 SD HOST: 200000000 CTL0: 0x00800f04 BUS: 50000000 Hz actual: 50000000 HZ div: 4 (2) status: 0x1fff0000 delay: 2
  9.92 MBR: 0x00000001,124735487 type: 0xee
  9.93 MBR: 0x00000000,       0 type: 0x00
  9.97 MBR: 0x00000000,       0 type: 0x00
  9.01 MBR: 0x00000000,       0 type: 0x00
  9.05 Trying partition: 0
  9.56 GPT 4aa73162cb606d43a1ceb481273d9bd6 000000001 0076f4fff num-partitions 128 entry-size 128 pentry 2 first 0
  9.67 GPT partition: 0 c12a7328-f81f-11d2-ba4b-00a0c93ec93b 000000800..0000407ff
  9.71 Matched GUID bootable-part-idx 0 want partition 0
  9.80 type: 32 lba: 2048 'mkfs.fat' ' boot       ' clusters 258078 (1)
  9.83 rsc 32 fat-sectors 2017 root dir cluster 2 sectors 0 entries 0
  9.93 FAT32 clusters 258078
  9.97 [sdcard] autoboot.txt not found
  9.98 Select partition rsts 0 C(boot_partition) 0 EEPROM config 0 result 1
  9.05 Trying partition: 1
  9.10 GPT 4aa73162cb606d43a1ceb481273d9bd6 000000001 0076f4fff num-partitions 128 entry-size 128 pentry 2 first 0
  9.21 GPT partition: 0 c12a7328-f81f-11d2-ba4b-00a0c93ec93b 000000800..0000407ff
  9.25 Matched GUID bootable-part-idx 0 want partition 0
  9.34 type: 32 lba: 2048 'mkfs.fat' ' boot       ' clusters 258078 (1)
  9.37 rsc 32 fat-sectors 2017 root dir cluster 2 sectors 0 entries 0
  9.47 FAT32 clusters 258078
  9.53 Read config.txt bytes      642 hnd 0x15bc0
  9.56 [sdcard] pieeprom.upd not found
  9.58 usb_max_current_enable default 0 max-current 5000
  9.70 Read bcm2712-rpi-5-b.dtb bytes    78768 hnd 0x13da0
  9.72 dt-match: compatible: raspberrypi,5-model-b match: brcm,bcm2712
  9.78 dt-match: compatible: brcm,bcm2712 match: brcm,bcm2712
  9.94 Read /config.txt bytes      642 hnd 0x15bc0
  9.01 Read /config.txt bytes      642 hnd 0x15bc0
  9.06 MESS:00:00:09.606307:0: Initial voltage 800000 temp 32883
  9.06 MESS:00:00:09.806743:0: avs_2712: AVS pred 8621 862100 temp 32883
  9.10 MESS:00:00:09.810350:0: vpred 862 mV +0
 10.38 MESS:00:00:10.438619:0: FB framebuffer_swap 1
 10.40 MESS:00:00:10.440489:0: Select resolution HDMI0/2 hotplug 0 max_mode 2
 10.47 MESS:00:00:10.447378:0: Select resolution HDMI1/2 hotplug 0 max_mode 2
 10.67 MESS:00:00:10.467637:0: dtb_file 'bcm2712-rpi-5-b.dtb'
 10.70 Loading 'bcm2712-rpi-5-b.dtb' to 0x00000000 offset 0x100
 10.85 Read bcm2712-rpi-5-b.dtb bytes    78768 hnd 0x13da0
 10.30 Read /overlays/overlay_map.dtb bytes     5971 hnd 0x144b6
 10.66 Read /overlays/bcm2712d0.dtbo bytes     1363 hnd 0x14adb
 10.90 MESS:00:00:10.590045:0: Loaded overlay 'bcm2712d0'
 10.53 PCIEx1: PWR 0 DET_WAKE 0
 10.72 Read /config.txt bytes      642 hnd 0x15bc0
 10.86 Read /overlays/vc4-kms-v3d-pi5.dtbo bytes     3306 hnd 0x1474f
 10.33 MESS:00:00:10.733295:0: Loaded overlay 'vc4-kms-v3d-pi5'
 10.51 Read /overlays/cma.dtbo bytes      964 hnd 0x14a30
 10.59 MESS:00:00:10.859676:0: Loaded overlay 'cma'
 10.61 MESS:00:00:10.861450:0: dtparam: cma-320=true
 10.79 Read /overlays/dwc2.dtbo bytes      801 hnd 0x1430e
 10.91 MESS:00:00:10.891834:0: Loaded overlay 'dwc2'
 10.93 MESS:00:00:10.893701:0: dtparam: dr_mode=peripheral
 10.83 Read /cmdline.txt bytes      165 hnd 0x141de
 11.21 BMD "armstub8-2712.bin" not found
 11.22 fs_open: 'armstub8-2712.bin' 
 11.26 Loading 'u-boot.bin' to 0x00000000 offset 0x200000
 11.71 Read u-boot.bin bytes   769928 hnd 0x155d9
 11.74 PCI1 reset
 11.85 PCI2 reset
 11.95 set_reboot_order 0
 11.95 set_reboot_arg1 0
 11.97 USB-OTG disconnect
 11.38 MESS:00:00:11.338859:0: BSC_A no ACK
 11.40 MESS:00:00:11.340092:0: BSC_A no ACK
 11.44 MESS:00:00:11.344018:0: BSC_A no ACK
 11.67 MESS:00:00:11.367951:0: BSC_B no ACK
 11.69 MESS:00:00:11.369178:0: BSC_B no ACK
 11.73 MESS:00:00:11.373113:0: BSC_B no ACK
 11.96 MESS:00:00:11.396879:0: Starting OS 11396 ms
 11.02 MESS:00:00:11.402492:0: 00000040: -> 00000480
 11.04 MESS:00:00:11.404345:0: 00000030: -> 00100080
 11.09 MESS:00:00:11.409058:0: 00000034: -> 00100080
 11.13 MESS:00:00:11.413770:0: 00000038: -> 00100080
 11.18 MESS:00:00:11.418483:0: 0000003c: -> 00100080

NOTICE:  BL31: v2.6(release):v2.6-240-gfc45bc492
NOTICE:  BL31: Built : 12:55:13, Dec  4 2024


U-Boot 2026.04-rc4-00007-g43871a31a485-dirty (Jun 07 2026 - 14:09:22 +0000)

DRAM:  16 GiB
RPI 5 Model B (0xe04171)
Core:  25 devices, 11 uclasses, devicetree: board
MMC:   mmc@fff000: 0, mmc@1100000: 1
Loading Environment from FAT... fs uses incompatible features: 00020000, ignoring
Unable to read "uboot.env" from mmc0:1... 
In:    serial,usbkbd
Out:   serial,vidconsole
Err:   serial,vidconsole
mbox: Header response code invalid
bcm2835: Could not query MAC address
Net:   No ethernet found.

starting USB...
USB DWC2
Bus usb@480000: 1 USB Device(s) found
       scanning usb for storage devices... 0 Storage Device(s) found
Hit any key to stop autoboot: 2Hit any key to stop autoboot: 1Hit any key to stop autoboot: 0
** Booting bootflow '<NULL>' with efi_mgr
fs uses incompatible features: 00020000, ignoring
fs uses incompatible features: 00020000, ignoring
Loading Boot0000 'mmc 0' failed
EFI boot manager: Cannot load any image
Boot failed (err=-14)
** Booting bootflow 'mmc@fff000.bootdev.part_1' with script
=== Android U-Boot Boot Script (AVB) ===
Setting AVB policy to default: fail_closed
AVB fail policy: fail_closed
Initializing AVB...
Verifying partitions...
## Android Verified Boot 2.0 version 1.1.0
Verification passed successfully
AVB: Verification PASSED
Loading kernel Image...
41630208 bytes read in 1776 ms (22.4 MiB/s)
Loading ramdisk...
1325953 bytes read in 60 ms (21.1 MiB/s)
bootargs:  root=/dev/ram0 rootwait androidboot.hardware=rpi5 androidboot.selinux=permissive quiet loglevel=4 androidboot.boot_part_uuid=ba6b92a6-c88a-46cd-9b93-46742a4504d8 androidboot.vbmeta.device=PARTUUID=9b706e11-610c-4ec2-9875-8a49b42a525f androidboot.vbmeta.avb_version=1.1 androidboot.vbmeta.device_state=unlocked androidboot.vbmeta.hash_alg=sha256 androidboot.vbmeta.size=2432 androidboot.vbmeta.digest=313451aec3e9a11086969d8d7bce7efcf1d03d71e8ef4df016a6fa76abe99fb3 androidboot.vbmeta.invalidate_on_error=yes androidboot.veritymode=enforcing androidboot.verifiedbootstate=orange   androidboot.encryption_mode=fbe
Booting Android with AVB verification...
Moving Image from 0x80000 to 0x200000, end=0x2a70000
## Flattened Device Tree blob at 3f722370
   Booting using the fdt blob at 0x3f722370
Working FDT set to 3f722370
   Loading Ramdisk to 1febc000, end 1ffffb81 ... OK
   Loading Device Tree to 000000001fea5000, end 000000001febba01 ... OK
Working FDT set to 1fea5000

Starting kernel ...

[    0.000000][    T0] RPi5-DIAG: Layer 1 start_kernel entry (bootloader handoff complete)
[    0.000116][    T0] RPi5-DIAG: Layer 2 console_init complete (early console up, mm init done)
[    0.008992][    T1] RPi5-DIAG: Layer 3 do_initcalls entry (driver probe sequence begins)
[    0.729175][    T1] bcm7271-uart 107d50c000.serial: error -EINVAL: unable to register 8250 port
[    0.737925][    T1] bcm7271-uart 107d50c000.serial: probe with driver bcm7271-uart failed with error -22
[    1.125611][    T1] RPi5-DIAG: Layer 4 kernel_init userspace exec (all drivers probed, exec /init)
[    1.772929][  T126] device-mapper: verity: 179:6: metadata block 96733 is corrupted
[    2.157757][   T11] brcmfmac: brcmf_sdio_htclk: HT Avail timeout (1000000): clkctl 0x50
[    2.190797][  T126] reboot: Restarting system with command 'dm-verity device corrupted'

  1.14 RPi: BOOTSYS release VERSION:2bb2ae64 DATE: 2025/03/10 TIME: 17:10:37
  1.18 BOOTMODE: 0x06 partition 0 build-ts BUILD_TIMESTAMP=1741626637 serial 06956aab boardrev e04171 stc 1118908
  1.28 AON_RESET: 00000003 PM_RSTS 00001020
  1.32 POWER_OFF_ON_HALT: 0 WAIT_FOR_POWER_BUTTON 0 power-on-reset 0
  1.42 RP1_BOOT chip ID: 0x20001927
  1.47 PCIEx1: PWR 0 DET_WAKE 0
  1.47 part 00000000 reset_info 00000000
  1.51 PMIC reset-event 00000000 rtc 00000016 alarm 00000000 enabled 0
  1.57 uSD voltage 3.3V
  1.63 SDRAM_CONFIG: 1b
  1.63 Initialising SDRAM rank 2 total-size: 128 Gbit 4267 (0x1b 0x1b)
  1.69 DDR 4267 1 1 128 152 BL:1
  2.97 OTP boardrev e04171 bootrom a a
  2.99 Customer key hash 0000000000000000000000000000000000000000000000000000000000000000
  2.06 VC-JTAG unlocked
  2.28 RP1_BOOT chip ID: 0x20001927

  3.64 RP1_BOOT chip ID: 0x20001927
  3.64 RP1_BOOT: fw size 46888
  4.02 PCI2 init
  4.02 PCI2 reset
  4.47 PCIe scan 00001de4:00000001
  4.47 RP1_CHIP_INFO 20001927

  4.50 RPi: BOOTLOADER release VERSION:2bb2ae64 DATE: 2025/03/10 TIME: 17:10:37
  4.57 BOOTMODE: 0x06 partition 0 build-ts BUILD_TIMESTAMP=1741626637 serial 06956aab boardrev e04171 stc 4257438
  4.67 PCIEx1: PWR 0 DET_WAKE 0
  4.70 M.2 PCIe HAT not detected.
  4.94 usb_pd_init status 3
  4.94 USB_PD CONFIG 0 43
  4.05 XHCI-STOP
  4.05 xHC0 ver: 272 HCS: 03000440 140000f1 07ff000a HCC: 0240fe6d
  4.16 USBSTS 1
  4.18 xHC0 ver: 272 HCS: 03000440 140000f1 07ff000a HCC: 0240fe6d
  4.23 xHC0 ports 3 slots 64 intrs 4
  4.35 XHCI-STOP
  4.35 xHC1 ver: 272 HCS: 03000440 140000f1 07ff000a HCC: 0240fe6d
  4.39 USBSTS 1
  4.42 xHC1 ver: 272 HCS: 03000440 140000f1 07ff000a HCC: 0240fe6d
  4.47 xHC1 ports 3 slots 64 intrs 4
  4.54 USB-PD: src-cap PDO object1 0x0a0191f4
  4.56 Current 5000 mA
  4.58 Voltage 5000 mV
  4.60 USB-PD: src-cap PDO object2 0x0002d12c
  4.64 Current 3000 mA
  4.66 Voltage 9000 mV
  4.68 USB-PD: src-cap PDO object3 0x0003c0e1
  4.72 Current 2250 mA
  4.74 Voltage 12000 mV
  4.76 USB-PD: src-cap PDO object4 0x0004b0b4
  4.80 Current 1800 mA
  4.83 Voltage 15000 mV
  4.85 Boot mode: SD (01) order f4
  4.02 SD HOST: 200000000 CTL0: 0x00800000 BUS: 400000 Hz actual: 390625 HZ div: 512 (256) status: 0x1fff0000 delay: 276
  4.13 SD HOST: 200000000 CTL0: 0x00800f00 BUS: 400000 Hz actual: 390625 HZ div: 512 (256) status: 0x1fff0000 delay: 276
  5.54 OCR c0ff8000 [365]
CID: 00035344534c3634478095513d200108
CSD: 400e00325b590001dbd37f800a404000
  5.62 SD: bus-width: 4 spec: 2 SCR: 0x02458003 0x00000000
  5.71 SD HOST: 200000000 CTL0: 0x00800f04 BUS: 50000000 Hz actual: 50000000 HZ div: 4 (2) status: 0x1fff0000 delay: 2
  5.84 MBR: 0x00000001,124735487 type: 0xee
  5.85 MBR: 0x00000000,       0 type: 0x00
  5.89 MBR: 0x00000000,       0 type: 0x00
  5.93 MBR: 0x00000000,       0 type: 0x00
  5.97 Trying partition: 0
  5.02 GPT 4aa73162cb606d43a1ceb481273d9bd6 000000001 0076f4fff num-partitions 128 entry-size 128 pentry 2 first 0
  5.13 GPT partition: 0 c12a7328-f81f-11d2-ba4b-00a0c93ec93b 000000800..0000407ff
  5.17 Matched GUID bootable-part-idx 0 want partition 0
  5.25 type: 32 lba: 2048 'mkfs.fat' ' boot       ' clusters 258078 (1)
  5.29 rsc 32 fat-sectors 2017 root dir cluster 2 sectors 0 entries 0
  5.38 FAT32 clusters 258078
  5.43 [sdcard] autoboot.txt not found
  5.43 Select partition rsts 0 C(boot_partition) 0 EEPROM config 0 result 1
  5.50 Trying partition: 1
  5.55 GPT 4aa73162cb606d43a1ceb481273d9bd6 000000001 0076f4fff num-partitions 128 entry-size 128 pentry 2 first 0
  5.66 GPT partition: 0 c12a7328-f81f-11d2-ba4b-00a0c93ec93b 000000800..0000407ff
  5.70 Matched GUID bootable-part-idx 0 want partition 0
  5.78 type: 32 lba: 2048 'mkfs.fat' ' boot       ' clusters 258078 (1)
  5.81 rsc 32 fat-sectors 2017 root dir cluster 2 sectors 0 entries 0
  5.91 FAT32 clusters 258078
  5.97 Read config.txt bytes      642 hnd 0x15bc0
  5.00 [sdcard] pieeprom.upd not found
  5.02 usb_max_current_enable default 0 max-current 5000
  5.14 Read bcm2712-rpi-5-b.dtb bytes    78768 hnd 0x13da0
  5.16 dt-match: compatible: raspberrypi,5-model-b match: brcm,bcm2712
  5.22 dt-match: compatible: brcm,bcm2712 match: brcm,bcm2712
  5.38 Read /config.txt bytes      642 hnd 0x15bc0
  5.45 Read /config.txt bytes      642 hnd 0x15bc0
  5.50 MESS:00:00:05.350591:0: Initial voltage 800000 temp 33983
  5.51 MESS:00:00:05.551020:0: avs_2712: AVS pred 8632 863200 temp 35082
  5.54 MESS:00:00:05.554628:0: vpred 863 mV +0
  6.82 MESS:00:00:06.182880:0: FB framebuffer_swap 1
  6.02 MESS:00:00:06.202315:0: Select resolution HDMI0/2 hotplug 0 max_mode 2
  6.06 MESS:00:00:06.206366:0: Select resolution HDMI1/2 hotplug 0 max_mode 2
  6.27 MESS:00:00:06.227035:0: dtb_file 'bcm2712-rpi-5-b.dtb'
  6.29 Loading 'bcm2712-rpi-5-b.dtb' to 0x00000000 offset 0x100
  6.45 Read bcm2712-rpi-5-b.dtb bytes    78768 hnd 0x13da0
  6.89 Read /overlays/overlay_map.dtb bytes     5971 hnd 0x144b6
  6.26 Read /overlays/bcm2712d0.dtbo bytes     1363 hnd 0x14adb
  6.49 MESS:00:00:06.349328:0: Loaded overlay 'bcm2712d0'
  6.13 PCIEx1: PWR 0 DET_WAKE 0
