
  1.24 RPi: BOOTSYS release VERSION:2bb2ae64 DATE: 2025/03/10 TIME: 17:10:37
  1.28 BOOTMODE: 0x06 partition 0 build-ts BUILD_TIMESTAMP=1741626637 serial 06956aab boardrev e04171 stc 1028350
  1.38 AON_RESET: 00000003 PM_RSTS 00001000
  1.42 POWER_OFF_ON_HALT: 0 WAIT_FOR_POWER_BUTTON 0 power-on-reset 1
  1.52 RP1_BOOT chip ID: 0x20001927
  1.56 PCIEx1: PWR 0 DET_WAKE 0
  1.57 part 00000000 reset_info 00000000
  1.60 PMIC reset-event 00000000 rtc 00000001 alarm 00000000 enabled 0
  1.66 uSD voltage 3.3V
  1.73 SDRAM_CONFIG: 1b
  1.73 Initialising SDRAM rank 2 total-size: 128 Gbit 4267 (0x1b 0x1b)
  1.79 DDR 4267 1 1 128 152 BL:1
  2.08 OTP boardrev e04171 bootrom a a
  2.09 Customer key hash 0000000000000000000000000000000000000000000000000000000000000000
  2.17 VC-JTAG unlocked
  2.39 RP1_BOOT chip ID: 0x20001927

  3.74 RP1_BOOT chip ID: 0x20001927
  3.75 RP1_BOOT: fw size 46888
  4.13 PCI2 init
  4.13 PCI2 reset
  4.57 PCIe scan 00001de4:00000001
  4.58 RP1_CHIP_INFO 20001927

  4.61 RPi: BOOTLOADER release VERSION:2bb2ae64 DATE: 2025/03/10 TIME: 17:10:37
  4.68 BOOTMODE: 0x06 partition 0 build-ts BUILD_TIMESTAMP=1741626637 serial 06956aab boardrev e04171 stc 4168195
  4.78 PCIEx1: PWR 0 DET_WAKE 0
  4.81 M.2 PCIe HAT not detected.
  4.05 usb_pd_init status 3
  4.05 USB_PD CONFIG 0 41
  4.76 XHCI-STOP
  4.76 xHC0 ver: 272 HCS: 03000440 140000f1 07ff000a HCC: 0240fe6d
  4.81 USBSTS 1
  4.84 xHC0 ver: 272 HCS: 03000440 140000f1 07ff000a HCC: 0240fe6d
  4.88 xHC0 ports 3 slots 64 intrs 4
  4.00 XHCI-STOP
  4.00 xHC1 ver: 272 HCS: 03000440 140000f1 07ff000a HCC: 0240fe6d
  4.05 USBSTS 1
  4.08 xHC1 ver: 272 HCS: 03000440 140000f1 07ff000a HCC: 0240fe6d
  4.12 xHC1 ports 3 slots 64 intrs 4
  4.20 Boot mode: SD (01) order f4
  4.70 USB-PD: src-cap PDO object1 0x0a0191f4
  4.71 Current 5000 mA
  4.73 Voltage 5000 mV
  4.75 USB-PD: src-cap PDO object2 0x0002d12c
  4.79 Current 3000 mA
  4.81 Voltage 9000 mV
  4.84 USB-PD: src-cap PDO object3 0x0003c0e1
  4.88 Current 2250 mA
  4.90 Voltage 12000 mV
  4.92 USB-PD: src-cap PDO object4 0x0004b0b4
  4.96 Current 1800 mA
  4.98 Voltage 15000 mV
  9.15 SD HOST: 200000000 CTL0: 0x00800000 BUS: 400000 Hz actual: 390625 HZ div: 512 (256) status: 0x1fff0000 delay: 276
  9.26 SD HOST: 200000000 CTL0: 0x00800f00 BUS: 400000 Hz actual: 390625 HZ div: 512 (256) status: 0x1fff0000 delay: 276
  9.62 OCR c0ff8000 [200]
CID: 000353444a554c494580fa91d30f0128
CSD: 400e00325b590000edc87f800a404000
  9.72 SD: bus-width: 4 spec: 2 SCR: 0x02358043 0x00000000
  9.78 SD HOST: 200000000 CTL0: 0x00800f04 BUS: 50000000 Hz actual: 50000000 HZ div: 4 (2) status: 0x1fff0000 delay: 2
  9.91 MBR: 0x00000001,62333951 type: 0xee
  9.92 MBR: 0x00000000,       0 type: 0x00
  9.96 MBR: 0x00000000,       0 type: 0x00
  9.99 MBR: 0x00000000,       0 type: 0x00
  9.03 Trying partition: 0
  9.54 GPT ec761699c1c1d04692724f4a6b58dfd0 000000001 003b723ff num-partitions 128 entry-size 128 pentry 2 first 0
  9.61 GPT partition: 0 c12a7328-f81f-11d2-ba4b-00a0c93ec93b 000000800..0000407ff
  9.68 Matched GUID bootable-part-idx 0 want partition 0
  9.76 type: 32 lba: 2048 'mkfs.fat' ' boot       ' clusters 258078 (1)
  9.80 rsc 32 fat-sectors 2017 root dir cluster 2 sectors 0 entries 0
  9.88 FAT32 clusters 258078
  9.92 [sdcard] autoboot.txt not found
  9.92 Select partition rsts 0 C(boot_partition) 0 EEPROM config 0 result 1
  9.99 Trying partition: 1
  9.04 GPT ec761699c1c1d04692724f4a6b58dfd0 000000001 003b723ff num-partitions 128 entry-size 128 pentry 2 first 0
  9.14 GPT partition: 0 c12a7328-f81f-11d2-ba4b-00a0c93ec93b 000000800..0000407ff
  9.19 Matched GUID bootable-part-idx 0 want partition 0
  9.26 type: 32 lba: 2048 'mkfs.fat' ' boot       ' clusters 258078 (1)
  9.30 rsc 32 fat-sectors 2017 root dir cluster 2 sectors 0 entries 0
  9.39 FAT32 clusters 258078
  9.44 Read config.txt bytes      642 hnd 0x13b49
  9.47 [sdcard] pieeprom.upd not found
  9.49 usb_max_current_enable default 0 max-current 5000
  9.60 Read bcm2712-rpi-5-b.dtb bytes    78744 hnd 0x11b80
  9.63 dt-match: compatible: raspberrypi,5-model-b match: brcm,bcm2712
  9.69 dt-match: compatible: brcm,bcm2712 match: brcm,bcm2712
  9.83 Read /config.txt bytes      642 hnd 0x13b49
  9.89 Read /config.txt bytes      642 hnd 0x13b49
  9.94 MESS:00:00:09.394227:0: Initial voltage 800000 temp 28487
  9.94 MESS:00:00:09.594663:0: avs_2712: AVS pred 8596 859600 temp 30136
  9.98 MESS:00:00:09.598270:0: vpred 859 mV +0
 10.26 MESS:00:00:10.226523:0: FB framebuffer_swap 1
 10.28 MESS:00:00:10.228394:0: Select resolution HDMI0/2 hotplug 0 max_mode 2
 10.35 MESS:00:00:10.235283:0: Select resolution HDMI1/2 hotplug 0 max_mode 2
 10.55 MESS:00:00:10.255052:0: dtb_file 'bcm2712-rpi-5-b.dtb'
 10.57 Loading 'bcm2712-rpi-5-b.dtb' to 0x00000000 offset 0x100
 10.71 Read bcm2712-rpi-5-b.dtb bytes    78744 hnd 0x11b80
 10.09 Read /overlays/overlay_map.dtb bytes     5971 hnd 0x12152
 10.37 Read /overlays/bcm2712d0.dtbo bytes     1363 hnd 0x1245f
 10.60 MESS:00:00:10.360478:0: Loaded overlay 'bcm2712d0'
 10.24 PCIEx1: PWR 0 DET_WAKE 0
 10.41 Read /config.txt bytes      642 hnd 0x13b49
 10.51 Read /overlays/vc4-kms-v3d-pi5.dtbo bytes     3306 hnd 0x121a9
 10.98 MESS:00:00:10.498751:0: Loaded overlay 'vc4-kms-v3d-pi5'
 10.12 Read /overlays/cma.dtbo bytes      964 hnd 0x1200f
 10.20 MESS:00:00:10.620586:0: Loaded overlay 'cma'
 10.22 MESS:00:00:10.622362:0: dtparam: cma-320=true
 10.40 Read /overlays/dwc2.dtbo bytes      801 hnd 0x120d2
 10.52 MESS:00:00:10.652127:0: Loaded overlay 'dwc2'
 10.54 MESS:00:00:10.653995:0: dtparam: dr_mode=peripheral
 10.42 Read /cmdline.txt bytes      124 hnd 0x11fbe
 10.79 BMD "armstub8-2712.bin" not found
 10.80 fs_open: 'armstub8-2712.bin' 
 10.84 Loading 'u-boot.bin' to 0x00000000 offset 0x200000
 11.28 Read u-boot.bin bytes   769928 hnd 0x13562
 11.30 PCI1 reset
 11.41 PCI2 reset
 11.51 set_reboot_order 0
 11.51 set_reboot_arg1 0
 11.53 USB-OTG disconnect
 11.95 MESS:00:00:11.095123:0: BSC_A no ACK
 11.96 MESS:00:00:11.096356:0: BSC_A no ACK
 11.00 MESS:00:00:11.100281:0: BSC_A no ACK
 11.24 MESS:00:00:11.124215:0: BSC_B no ACK
 11.25 MESS:00:00:11.125441:0: BSC_B no ACK
 11.29 MESS:00:00:11.129377:0: BSC_B no ACK
 11.53 MESS:00:00:11.153143:0: Starting OS 11153 ms
 11.58 MESS:00:00:11.158758:0: 00000040: -> 00000480
 11.60 MESS:00:00:11.160611:0: 00000030: -> 00100080
 11.65 MESS:00:00:11.165324:0: 00000034: -> 00100080
 11.70 MESS:00:00:11.170037:0: 00000038: -> 00100080
 11.74 MESS:00:00:11.174750:0: 0000003c: -> 00100080

NOTICE:  BL31: v2.6(release):v2.6-240-gfc45bc492
NOTICE:  BL31: Built : 12:55:13, Dec  4 2024


U-Boot 2026.04-rc4-00007-g17ac40e00c11-dirty (Mar 24 2026 - 00:47:31 +0000)

DRAM:  16 GiB
RPI 5 Model B (0xe04171)
Core:  25 devices, 11 uclasses, devicetree: board
MMC:   mmc@fff000: 0, mmc@1100000: 1
Loading Environment from FAT... Unable to read "uboot.env" from mmc0:1... 
In:    serial,usbkbd
Out:   serial,vidconsole
Err:   serial,vidconsole
mbox: Header response code invalid
bcm2835: Could not query MAC address
Net:   No ethernet found.

starting USB...
USB DWC2
Bus usb@480000: 1 USB Device(s) found
       scanning usb for storage devices... 0 Storage Device(s) found
Hit any key to stop autoboot: 2Hit any key to stop autoboot: 1Hit any key to stop autoboot: 0
No EFI variables loaded
** Booting bootflow '<NULL>' with efi_mgr
Loading Boot0000 'mmc 0' failed
EFI boot manager: Cannot load any image
Boot failed (err=-14)
** Booting bootflow 'mmc@fff000.bootdev.part_1' with script
=== Android U-Boot Boot Script (AVB) ===
Setting AVB policy to default: fail_closed
AVB fail policy: fail_closed
avb - Provides commands for testing Android Verified Boot 2.0 functionality

Usage:
avb init <dev> - initialize avb2 for <dev>
avb read_rb <num> - read rollback index at location <num>
avb write_rb <num> <rb> - write rollback index <rb> to <num>
avb is_unlocked - returns unlock status of the device
avb get_uuid <partname> - read and print uuid of partition <part>
avb read_part <partname> <offset> <num> <addr> - read <num> bytes from
    partition <partname> to buffer <addr>
avb read_part_hex <partname> <offset> <num> - read <num> bytes from
    partition <partname> and print to stdout
avb write_part <partname> <offset> <num> <addr> - write <num> bytes to
    <partname> by <offset> using data from <addr>
avb verify [slot_suffix] - run verification process using hash data
    from vbmeta structure
    [slot_suffix] - _a, _b, etc (if vbmeta partition is slotted)

ERROR: avb command is unavailable (missing CONFIG_CMD_AVB/AVB deps)
Fail-closed policy: resetting
resetting ...
É
  0.54 RPi: BOOTSYS release VERSION:2bb2ae64 DATE: 2025/03/10 TIME: 17:10:37
  0.58 BOOTMODE: 0x06 partition 0 build-ts BUILD_TIMESTAMP=1741626637 serial 06956aab boardrev e04171 stc 858572
  0.68 AON_RESET: 00000003 PM_RSTS 00001020
  0.72 POWER_OFF_ON_HALT: 0 WAIT_FOR_POWER_BUTTON 0 power-on-reset 0
  0.82 RP1_BOOT chip ID: 0x20001927
  0.87 PCIEx1: PWR 0 DET_WAKE 0
  0.87 part 00000000 reset_info 00000000
  0.90 PMIC reset-event 00000000 rtc 00000011 alarm 00000000 enabled 0
  0.97 uSD voltage 3.3V
  0.03 SDRAM_CONFIG: 1b
  0.03 Initialising SDRAM rank 2 total-size: 128 Gbit 4267 (0x1b 0x1b)
  0.09 DDR 4267 1 1 128 152 BL:1
  2.43 OTP boardrev e04171 bootrom a a
  2.44 Customer key hash 0000000000000000000000000000000000000000000000000000000000000000
  2.52 VC-JTAG unlocked
  2.74 RP1_BOOT chip ID: 0x20001927

  3.10 RP1_BOOT chip ID: 0x20001927
  3.10 RP1_BOOT: fw size 46888
  3.48 PCI2 init
  3.48 PCI2 reset
  3.93 PCIe scan 00001de4:00000001
  3.93 RP1_CHIP_INFO 20001927

  3.96 RPi: BOOTLOADER release VERSION:2bb2ae64 DATE: 2025/03/10 TIME: 17:10:37
  4.03 BOOTMODE: 0x06 partition 0 build-ts BUILD_TIMESTAMP=1741626637 serial 06956aab boardrev e04171 stc 4003353
  4.13 PCIEx1: PWR 0 DET_WAKE 0
  4.16 M.2 PCIe HAT not detected.
  4.40 usb_pd_init status 3
  4.40 USB_PD CONFIG 0 43
  4.51 XHCI-STOP
  4.51 xHC0 ver: 272 HCS: 03000440 140000f1 07ff000a HCC: 0240fe6d
  4.62 USBSTS 1
  4.64 xHC0 ver: 272 HCS: 03000440 140000f1 07ff000a HCC: 0240fe6d
  4.69 xHC0 ports 3 slots 64 intrs 4
  4.81 XHCI-STOP
  4.81 xHC1 ver: 272 HCS: 03000440 140000f1 07ff000a HCC: 0240fe6d
  4.85 USBSTS 1
  4.88 xHC1 ver: 272 HCS: 03000440 140000f1 07ff000a HCC: 0240fe6d
  4.93 xHC1 ports 3 slots 64 intrs 4
  4.01 USB-PD: src-cap PDO object1 0x0a0191f4
  4.02 Current 5000 mA
  4.04 Voltage 5000 mV
  4.06 USB-PD: src-cap PDO object2 0x0002d12c
  4.10 Current 3000 mA
  4.12 Voltage 9000 mV
  4.14 USB-PD: src-cap PDO object3 0x0003c0e1
  4.18 Current 2250 mA
  4.20 Voltage 12000 mV
  4.23 USB-PD: src-cap PDO object4 0x0004b0b4
  4.27 Current 1800 mA
  4.29 Voltage 15000 mV
  4.31 Boot mode: SD (01) order f4
