
  1.24 RPi: BOOTSYS release VERSION:2bb2ae64 DATE: 2025/03/10 TIME: 17:10:37
  1.28 BOOTMODE: 0x06 partition 0 build-ts BUILD_TIMESTAMP=1741626637 serial 06956aab boardrev e04171 stc 1028768
  1.38 AON_RESET: 00000003 PM_RSTS 00001000
  1.42 POWER_OFF_ON_HALT: 0 WAIT_FOR_POWER_BUTTON 0 power-on-reset 1
  1.52 RP1_BOOT chip ID: 0x20001927
  1.57 PCIEx1: PWR 0 DET_WAKE 0
  1.57 part 00000000 reset_info 00000000
  1.61 PMIC reset-event 00000000 rtc 00000001 alarm 00000000 enabled 0
  1.67 uSD voltage 3.3V
  1.73 SDRAM_CONFIG: 1b
  1.73 Initialising SDRAM rank 2 total-size: 128 Gbit 4267 (0x1b 0x1b)
  1.79 DDR 4267 1 1 128 152 BL:1
  2.09 OTP boardrev e04171 bootrom a a
  2.11 Customer key hash 0000000000000000000000000000000000000000000000000000000000000000
  2.18 VC-JTAG unlocked
  2.41 RP1_BOOT chip ID: 0x20001927

  3.76 RP1_BOOT chip ID: 0x20001927
  3.76 RP1_BOOT: fw size 46888
  4.14 PCI2 init
  4.14 PCI2 reset
  4.59 PCIe scan 00001de4:00000001
  4.60 RP1_CHIP_INFO 20001927

  4.62 RPi: BOOTLOADER release VERSION:2bb2ae64 DATE: 2025/03/10 TIME: 17:10:37
  4.69 BOOTMODE: 0x06 partition 0 build-ts BUILD_TIMESTAMP=1741626637 serial 06956aab boardrev e04171 stc 4169675
  4.79 PCIEx1: PWR 0 DET_WAKE 0
  4.82 M.2 PCIe HAT not detected.
  4.06 usb_pd_init status 3
  4.07 USB_PD CONFIG 0 41
  4.78 XHCI-STOP
  4.78 xHC0 ver: 272 HCS: 03000440 140000f1 07ff000a HCC: 0240fe6d
  4.82 USBSTS 1
  4.85 xHC0 ver: 272 HCS: 03000440 140000f1 07ff000a HCC: 0240fe6d
  4.90 xHC0 ports 3 slots 64 intrs 4
  4.02 XHCI-STOP
  4.02 xHC1 ver: 272 HCS: 03000440 140000f1 07ff000a HCC: 0240fe6d
  4.06 USBSTS 1
  4.09 xHC1 ver: 272 HCS: 03000440 140000f1 07ff000a HCC: 0240fe6d
  4.14 xHC1 ports 3 slots 64 intrs 4
  4.22 Boot mode: SD (01) order f4
  4.67 USB-PD: src-cap PDO object1 0x0a0191f4
  4.68 Current 5000 mA
  4.70 Voltage 5000 mV
  4.75 USB-PD: src-cap PDO object2 0x0002d12c
  4.77 Current 3000 mA
  4.79 Voltage 9000 mV
  4.81 USB-PD: src-cap PDO object3 0x0003c0e1
  4.85 Current 2250 mA
  4.87 Voltage 12000 mV
  4.89 USB-PD: src-cap PDO object4 0x0004b0b4
  4.93 Current 1800 mA
  4.95 Voltage 15000 mV
  9.12 SD HOST: 200000000 CTL0: 0x00800000 BUS: 400000 Hz actual: 390625 HZ div: 512 (256) status: 0x1fff0000 delay: 276
  9.23 SD HOST: 200000000 CTL0: 0x00800f00 BUS: 400000 Hz actual: 390625 HZ div: 512 (256) status: 0x1fff0000 delay: 276
  9.60 OCR c0ff8000 [201]
CID: 000353444a554c494580fa91d30f0128
CSD: 400e00325b590000edc87f800a404000
  9.69 SD: bus-width: 4 spec: 2 SCR: 0x02358043 0x00000000
  9.76 SD HOST: 200000000 CTL0: 0x00800f04 BUS: 50000000 Hz actual: 50000000 HZ div: 4 (2) status: 0x1fff0000 delay: 2
  9.88 MBR: 0x00000001,62333951 type: 0xee
  9.89 MBR: 0x00000000,       0 type: 0x00
  9.93 MBR: 0x00000000,       0 type: 0x00
  9.97 MBR: 0x00000000,       0 type: 0x00
  9.01 Trying partition: 0
  9.51 GPT 9419aaa037f1df4bbbc32bab7cedd8c3 000000001 003b723ff num-partitions 128 entry-size 128 pentry 2 first 0
  9.59 GPT partition: 0 c12a7328-f81f-11d2-ba4b-00a0c93ec93b 000000800..0000407ff
  9.66 Matched GUID bootable-part-idx 0 want partition 0
  9.73 type: 32 lba: 2048 'mkfs.fat' ' boot       ' clusters 258078 (1)
  9.77 rsc 32 fat-sectors 2017 root dir cluster 2 sectors 0 entries 0
  9.86 FAT32 clusters 258078
  9.89 [sdcard] autoboot.txt not found
  9.90 Select partition rsts 0 C(boot_partition) 0 EEPROM config 0 result 1
  9.97 Trying partition: 1
  9.01 GPT 9419aaa037f1df4bbbc32bab7cedd8c3 000000001 003b723ff num-partitions 128 entry-size 128 pentry 2 first 0
  9.12 GPT partition: 0 c12a7328-f81f-11d2-ba4b-00a0c93ec93b 000000800..0000407ff
  9.16 Matched GUID bootable-part-idx 0 want partition 0
  9.24 type: 32 lba: 2048 'mkfs.fat' ' boot       ' clusters 258078 (1)
  9.28 rsc 32 fat-sectors 2017 root dir cluster 2 sectors 0 entries 0
  9.37 FAT32 clusters 258078
  9.42 Read config.txt bytes      642 hnd 0x13ad1
  9.45 [sdcard] pieeprom.upd not found
  9.47 usb_max_current_enable default 0 max-current 5000
  9.58 Read bcm2712-rpi-5-b.dtb bytes    78744 hnd 0x11b80
  9.61 dt-match: compatible: raspberrypi,5-model-b match: brcm,bcm2712
  9.67 dt-match: compatible: brcm,bcm2712 match: brcm,bcm2712
  9.81 Read /config.txt bytes      642 hnd 0x13ad1
  9.87 Read /config.txt bytes      642 hnd 0x13ad1
  9.92 MESS:00:00:09.392305:0: Initial voltage 800000 temp 29037
  9.92 MESS:00:00:09.592751:0: avs_2712: AVS pred 8624 862400 temp 29586
  9.96 MESS:00:00:09.596358:0: vpred 862 mV +0
 10.24 MESS:00:00:10.224614:0: FB framebuffer_swap 1
 10.26 MESS:00:00:10.226483:0: Select resolution HDMI0/2 hotplug 0 max_mode 2
 10.33 MESS:00:00:10.233373:0: Select resolution HDMI1/2 hotplug 0 max_mode 2
 10.53 MESS:00:00:10.253100:0: dtb_file 'bcm2712-rpi-5-b.dtb'
 10.55 Loading 'bcm2712-rpi-5-b.dtb' to 0x00000000 offset 0x100
 10.69 Read bcm2712-rpi-5-b.dtb bytes    78744 hnd 0x11b80
 10.09 Read /overlays/overlay_map.dtb bytes     5971 hnd 0x12152
 10.35 Read /overlays/bcm2712d0.dtbo bytes     1363 hnd 0x1245f
 10.58 MESS:00:00:10.358541:0: Loaded overlay 'bcm2712d0'
 10.22 PCIEx1: PWR 0 DET_WAKE 0
 10.39 Read /config.txt bytes      642 hnd 0x13ad1
 10.50 Read /overlays/vc4-kms-v3d-pi5.dtbo bytes     3306 hnd 0x121a9
 10.97 MESS:00:00:10.497144:0: Loaded overlay 'vc4-kms-v3d-pi5'
 10.11 Read /overlays/cma.dtbo bytes      964 hnd 0x1200f
 10.19 MESS:00:00:10.619403:0: Loaded overlay 'cma'
 10.21 MESS:00:00:10.621179:0: dtparam: cma-320=true
 10.39 Read /overlays/dwc2.dtbo bytes      801 hnd 0x120d2
 10.51 MESS:00:00:10.651279:0: Loaded overlay 'dwc2'
 10.53 MESS:00:00:10.653147:0: dtparam: dr_mode=peripheral
 10.42 Read /cmdline.txt bytes      124 hnd 0x11fbe
 10.79 BMD "armstub8-2712.bin" not found
 10.80 fs_open: 'armstub8-2712.bin' 
 10.83 Loading 'u-boot.bin' to 0x00000000 offset 0x200000
 11.25 Read u-boot.bin bytes   708736 hnd 0x13562
 11.27 PCI1 reset
 11.38 PCI2 reset
 11.48 set_reboot_order 0
 11.48 set_reboot_arg1 0
 11.50 USB-OTG disconnect
 11.92 MESS:00:00:11.092129:0: BSC_A no ACK
 11.93 MESS:00:00:11.093361:0: BSC_A no ACK
 11.97 MESS:00:00:11.097287:0: BSC_A no ACK
 11.21 MESS:00:00:11.121223:0: BSC_B no ACK
 11.22 MESS:00:00:11.122450:0: BSC_B no ACK
 11.26 MESS:00:00:11.126385:0: BSC_B no ACK
 11.50 MESS:00:00:11.150151:0: Starting OS 11150 ms
 11.55 MESS:00:00:11.155765:0: 00000040: -> 00000480
 11.57 MESS:00:00:11.157619:0: 00000030: -> 00100080
 11.62 MESS:00:00:11.162332:0: 00000034: -> 00100080
 11.67 MESS:00:00:11.167045:0: 00000038: -> 00100080
 11.71 MESS:00:00:11.171757:0: 0000003c: -> 00100080

NOTICE:  BL31: v2.6(release):v2.6-240-gfc45bc492
NOTICE:  BL31: Built : 12:55:13, Dec  4 2024


U-Boot 2026.04-rc4-00007-ga490bd0e9ade-dirty (Mar 22 2026 - 09:07:15 +0000)

DRAM:  16 GiB
RPI 5 Model B (0xe04171)
Core:  25 devices, 11 uclasses, devicetree: board
MMC:   mmc@fff000: 0, mmc@1100000: 1
Loading Environment from FAT... Unable to read "uboot.env" from mmc0:1... 
In:    serial,usbkbd
Out:   serial,vidconsole
Err:   serial,vidconsole
mbox: Header response code invalid
bcm2835: Could not query MAC address
Net:   No ethernet found.

starting USB...
USB DWC2
Bus usb@480000: 1 USB Device(s) found
       scanning usb for storage devices... 0 Storage Device(s) found
Hit any key to stop autoboot: 2Hit any key to stop autoboot: 1Hit any key to stop autoboot: 0
No EFI variables loaded
** Booting bootflow '<NULL>' with efi_mgr
Loading Boot0000 'mmc 0' failed
EFI boot manager: Cannot load any image
Boot failed (err=-14)
** Booting bootflow 'mmc@fff000.bootdev.part_1' with script
=== Android U-Boot Boot Script (AVB) ===
Setting AVB policy to default: fail_closed
AVB fail policy: fail_closed
Initializing AVB...
Unknown command 'avb' - try 'help'
AVB: Initialization FAILED
Fail-closed policy: resetting
resetting ...
Õ
  0.56 RPi: BOOTSYS release VERSION:2bb2ae64 DATE: 2025/03/10 TIME: 17:10:37
  0.60 BOOTMODE: 0x06 partition 0 build-ts BUILD_TIMESTAMP=1741626637 serial 06956aab boardrev e04171 stc 860674
  0.70 AON_RESET: 00000003 PM_RSTS 00001020
  0.74 POWER_OFF_ON_HALT: 0 WAIT_FOR_POWER_BUTTON 0 power-on-reset 0
  0.84 RP1_BOOT chip ID: 0x20001927
  0.89 PCIEx1: PWR 0 DET_WAKE 0
  0.89 part 00000000 reset_info 00000000
  0.92 PMIC reset-event 00000000 rtc 00000011 alarm 00000000 enabled 0
  0.99 uSD voltage 3.3V
  0.05 SDRAM_CONFIG: 1b
  0.05 Initialising SDRAM rank 2 total-size: 128 Gbit 4267 (0x1b 0x1b)
  0.11 DDR 4267 1 1 128 152 BL:1
  2.40 OTP boardrev e04171 bootrom a a
  2.42 Customer key hash 0000000000000000000000000000000000000000000000000000000000000000
  2.49 VC-JTAG unlocked
  2.72 RP1_BOOT chip ID: 0x20001927

  3.07 RP1_BOOT chip ID: 0x20001927
  3.07 RP1_BOOT: fw size 46888
