
  4.00 RPi: BOOTSYS release VERSION:2bb2ae64 DATE: 2025/03/10 TIME: 17:10:37
  4.04 BOOTMODE: 0x06 partition 0 build-ts BUILD_TIMESTAMP=1741626637 serial 06956aab boardrev e04171 stc 4704955
  4.14 AON_RESET: 00000003 PM_RSTS 00001000
  4.18 POWER_OFF_ON_HALT: 0 WAIT_FOR_POWER_BUTTON 0 power-on-reset 1
  4.28 RP1_BOOT chip ID: 0x20001927
  4.33 PCIEx1: PWR 0 DET_WAKE 0
  4.33 part 00000000 reset_info 00000000
  4.37 PMIC reset-event 00000000 rtc 00000004 alarm 00000000 enabled 0
  4.43 uSD voltage 3.3V
  4.50 SDRAM_CONFIG: 1b
  4.50 Initialising SDRAM rank 2 total-size: 128 Gbit 4267 (0x1b 0x1b)
  4.55 DDR 4267 1 1 128 152 BL:1
  6.85 OTP boardrev e04171 bootrom a a
  6.86 Customer key hash 0000000000000000000000000000000000000000000000000000000000000000
  6.94 VC-JTAG unlocked
  6.16 RP1_BOOT chip ID: 0x20001927

  7.51 RP1_BOOT chip ID: 0x20001927
  7.52 RP1_BOOT: fw size 46888
  7.90 PCI2 init
  7.90 PCI2 reset
  7.34 PCIe scan 00001de4:00000001
  7.35 RP1_CHIP_INFO 20001927

  7.38 RPi: BOOTLOADER release VERSION:2bb2ae64 DATE: 2025/03/10 TIME: 17:10:37
  7.45 BOOTMODE: 0x06 partition 0 build-ts BUILD_TIMESTAMP=1741626637 serial 06956aab boardrev e04171 stc 7845196
  7.55 PCIEx1: PWR 0 DET_WAKE 0
  7.58 M.2 PCIe HAT not detected.
  7.82 usb_pd_init status 3
  7.82 USB_PD CONFIG 0 41
  7.53 XHCI-STOP
  7.53 xHC0 ver: 272 HCS: 03000440 140000f1 07ff000a HCC: 0240fe6d
  7.58 USBSTS 1
  7.61 xHC0 ver: 272 HCS: 03000440 140000f1 07ff000a HCC: 0240fe6d
  7.65 xHC0 ports 3 slots 64 intrs 4
  7.77 XHCI-STOP
  7.77 xHC1 ver: 272 HCS: 03000440 140000f1 07ff000a HCC: 0240fe6d
  7.82 USBSTS 1
  7.85 xHC1 ver: 272 HCS: 03000440 140000f1 07ff000a HCC: 0240fe6d
  7.89 xHC1 ports 3 slots 64 intrs 4
  7.97 Boot mode: SD (01) order f4
 12.57 SD HOST: 200000000 CTL0: 0x00800000 BUS: 400000 Hz actual: 390625 HZ div: 512 (256) status: 0x1fff0000 delay: 276
 12.67 SD HOST: 200000000 CTL0: 0x00800f00 BUS: 400000 Hz actual: 390625 HZ div: 512 (256) status: 0x1fff0000 delay: 276
 12.92 OCR c0ff8000 [339]
CID: 00035344534c3634478095513d200108
CSD: 400e00325b590001dbd37f800a404000
 12.00 SD: bus-width: 4 spec: 2 SCR: 0x02458003 0x00000000
 12.09 SD HOST: 200000000 CTL0: 0x00800f04 BUS: 50000000 Hz actual: 50000000 HZ div: 4 (2) status: 0x1fff0000 delay: 2
 12.22 MBR: 0x00000001,124735487 type: 0xee
 12.23 MBR: 0x00000000,       0 type: 0x00
 12.27 MBR: 0x00000000,       0 type: 0x00
 12.31 MBR: 0x00000000,       0 type: 0x00
 12.35 Trying partition: 0
 12.86 GPT fbed0d8492225345a00d0c96c20bb134 000000001 0076f4fff num-partitions 128 entry-size 128 pentry 2 first 0
 12.96 GPT partition: 0 c12a7328-f81f-11d2-ba4b-00a0c93ec93b 000000800..0000407ff
 13.00 Matched GUID bootable-part-idx 0 want partition 0
 13.08 type: 32 lba: 2048 'mkfs.fat' ' boot       ' clusters 258078 (1)
 13.12 rsc 32 fat-sectors 2017 root dir cluster 2 sectors 0 entries 0
 13.21 FAT32 clusters 258078
 13.25 [sdcard] autoboot.txt not found
 13.25 Select partition rsts 0 C(boot_partition) 0 EEPROM config 0 result 1
 13.32 Trying partition: 1
 13.37 GPT fbed0d8492225345a00d0c96c20bb134 000000001 0076f4fff num-partitions 128 entry-size 128 pentry 2 first 0
 13.48 GPT partition: 0 c12a7328-f81f-11d2-ba4b-00a0c93ec93b 000000800..0000407ff
 13.52 Matched GUID bootable-part-idx 0 want partition 0
 13.61 type: 32 lba: 2048 'mkfs.fat' ' boot       ' clusters 258078 (1)
 13.64 rsc 32 fat-sectors 2017 root dir cluster 2 sectors 0 entries 0
 13.73 FAT32 clusters 258078
 13.79 Read config.txt bytes      642 hnd 0x15bc1
 13.81 [sdcard] pieeprom.upd not found
 13.84 usb_max_current_enable default 0 max-current 3000
 13.95 Read bcm2712-rpi-5-b.dtb bytes    78768 hnd 0x13da0
 13.97 dt-match: compatible: raspberrypi,5-model-b match: brcm,bcm2712
 13.04 dt-match: compatible: brcm,bcm2712 match: brcm,bcm2712
 13.10 Selecting USB low current limit
 13.22 Read /config.txt bytes      642 hnd 0x15bc1
 13.28 Read /config.txt bytes      642 hnd 0x15bc1
 13.33 MESS:00:00:13.133039:0: Initial voltage 800000 temp 30136
 13.33 MESS:00:00:13.333466:0: avs_2712: AVS pred 8613 861300 temp 30136
 13.37 MESS:00:00:13.337074:0: vpred 861 mV +0
 13.65 MESS:00:00:13.965334:0: FB framebuffer_swap 1
 13.67 MESS:00:00:13.967206:0: Select resolution HDMI0/2 hotplug 0 max_mode 2
 13.74 MESS:00:00:13.974094:0: Select resolution HDMI1/2 hotplug 0 max_mode 2
 13.92 MESS:00:00:13.992233:0: dtb_file 'bcm2712-rpi-5-b.dtb'
 13.94 Loading 'bcm2712-rpi-5-b.dtb' to 0x00000000 offset 0x100
 14.09 Read bcm2712-rpi-5-b.dtb bytes    78768 hnd 0x13da0
 14.48 Read /overlays/overlay_map.dtb bytes     5971 hnd 0x14374
 14.74 Read /overlays/bcm2712d0.dtbo bytes     1363 hnd 0x14681
 14.97 MESS:00:00:14.097908:0: Loaded overlay 'bcm2712d0'
 14.61 PCIEx1: PWR 0 DET_WAKE 0
 14.79 Read /config.txt bytes      642 hnd 0x15bc1
 14.89 Read /overlays/vc4-kms-v3d-pi5.dtbo bytes     3306 hnd 0x143cb
 14.36 MESS:00:00:14.236834:0: Loaded overlay 'vc4-kms-v3d-pi5'
 14.50 Read /overlays/cma.dtbo bytes      964 hnd 0x1422f
 14.59 MESS:00:00:14.359026:0: Loaded overlay 'cma'
 14.60 MESS:00:00:14.360803:0: dtparam: cma-320=true
 14.79 Read /overlays/dwc2.dtbo bytes      801 hnd 0x142f4
 14.91 MESS:00:00:14.391313:0: Loaded overlay 'dwc2'
 14.93 MESS:00:00:14.393180:0: dtparam: dr_mode=peripheral
 14.81 Read /cmdline.txt bytes      165 hnd 0x141de
 14.19 BMD "armstub8-2712.bin" not found
 14.19 fs_open: 'armstub8-2712.bin' 
 14.23 Loading 'u-boot.bin' to 0x00000000 offset 0x200000
 14.68 Read u-boot.bin bytes   769928 hnd 0x155da
 14.70 PCI1 reset
 14.81 PCI2 reset
 14.91 set_reboot_order 0
 14.91 set_reboot_arg1 0
 14.93 USB-OTG disconnect
 14.35 MESS:00:00:14.835377:0: BSC_A no ACK
 14.36 MESS:00:00:14.836609:0: BSC_A no ACK
 14.40 MESS:00:00:14.840534:0: BSC_A no ACK
 14.64 MESS:00:00:14.864471:0: BSC_B no ACK
 14.65 MESS:00:00:14.865697:0: BSC_B no ACK
 14.69 MESS:00:00:14.869633:0: BSC_B no ACK
 14.93 MESS:00:00:14.893399:0: Starting OS 14893 ms
 14.99 MESS:00:00:14.899014:0: 00000040: -> 00000480
 14.00 MESS:00:00:14.900867:0: 00000030: -> 00100080
 14.05 MESS:00:00:14.905580:0: 00000034: -> 00100080
 14.10 MESS:00:00:14.910293:0: 00000038: -> 00100080
 14.15 MESS:00:00:14.915006:0: 0000003c: -> 00100080

NOTICE:  BL31: v2.6(release):v2.6-240-gfc45bc492
NOTICE:  BL31: Built : 12:55:13, Dec  4 2024


U-Boot 2026.04-rc4-00007-g1a532eb66c0a-dirty (Jun 04 2026 - 03:16:48 +0000)

DRAM:  16 GiB
RPI 5 Model B (0xe04171)
Core:  25 devices, 11 uclasses, devicetree: board
MMC:   mmc@fff000: 0, mmc@1100000: 1
Loading Environment from FAT... Unable to read "uboot.env" from mmc0:1... 
In:    serial,usbkbd
Out:   serial,vidconsole
Err:   serial,vidconsole
mbox: Header response code invalid
bcm2835: Could not query MAC address
Net:   No ethernet found.

starting USB...
USB DWC2
Bus usb@480000: 1 USB Device(s) found
       scanning usb for storage devices... 0 Storage Device(s) found
Hit any key to stop autoboot: 2Hit any key to stop autoboot: 1Hit any key to stop autoboot: 0
No EFI variables loaded
** Booting bootflow '<NULL>' with efi_mgr
Loading Boot0000 'mmc 0' failed
EFI boot manager: Cannot load any image
Boot failed (err=-14)
** Booting bootflow 'mmc@fff000.bootdev.part_1' with script
=== Android U-Boot Boot Script (AVB) ===
Setting AVB policy to default: fail_closed
AVB fail policy: fail_closed
Initializing AVB...
Verifying partitions...
## Android Verified Boot 2.0 version 1.1.0
avb_vbmeta_image.c:145: ERROR: Embedded hash has wrong size.
avb_slot_verify.c:745: ERROR: vbmeta: Error verifying vbmeta image: invalid vbmeta header
Verification failed, reason: Metadata is invalid or inconsistent
AVB: Verification FAILED
Fail-closed policy: resetting
resetting ...
Ì
  0.67 RPi: BOOTSYS release VERSION:2bb2ae64 DATE: 2025/03/10 TIME: 17:10:37
  0.71 BOOTMODE: 0x06 partition 0 build-ts BUILD_TIMESTAMP=1741626637 serial 06956aab boardrev e04171 stc 871915
  0.81 AON_RESET: 00000003 PM_RSTS 00001020
  0.85 POWER_OFF_ON_HALT: 0 WAIT_FOR_POWER_BUTTON 0 power-on-reset 0
  0.95 RP1_BOOT chip ID: 0x20001927
  0.00 PCIEx1: PWR 0 DET_WAKE 0
  0.00 part 00000000 reset_info 00000000
  0.04 PMIC reset-event 00000000 rtc 00000015 alarm 00000000 enabled 0
  0.10 uSD voltage 3.3V
  0.16 SDRAM_CONFIG: 1b
  0.16 Initialising SDRAM rank 2 total-size: 128 Gbit 4267 (0x1b 0x1b)
  0.22 DDR 4267 1 1 128 152 BL:1
