
  0.80 RPi: BOOTSYS release VERSION:2bb2ae64 DATE: 2025/03/10 TIME: 17:10:37
  0.84 BOOTMODE: 0x06 partition 0 build-ts BUILD_TIMESTAMP=1741626637 serial 06956aab boardrev e04171 stc 884499
  0.94 AON_RESET: 00000003 PM_RSTS 00001000
  0.98 POWER_OFF_ON_HALT: 0 WAIT_FOR_POWER_BUTTON 0 power-on-reset 1
  0.08 RP1_BOOT chip ID: 0x20001927
  0.12 PCIEx1: PWR 0 DET_WAKE 0
  0.13 part 00000000 reset_info 00000000
  0.16 PMIC reset-event 00000000 rtc 00000000 alarm 00000000 enabled 0
  0.22 uSD voltage 3.3V
  0.29 SDRAM_CONFIG: 1b
  0.29 Initialising SDRAM rank 2 total-size: 128 Gbit 4267 (0x1b 0x1b)
  0.35 DDR 4267 1 1 128 152 BL:1
  2.62 OTP boardrev e04171 bootrom a a
  2.63 Customer key hash 0000000000000000000000000000000000000000000000000000000000000000
  2.70 VC-JTAG unlocked
  2.93 RP1_BOOT chip ID: 0x20001927

  3.28 RP1_BOOT chip ID: 0x20001927
  3.29 RP1_BOOT: fw size 46888
  3.66 PCI2 init
  3.66 PCI2 reset
  4.11 PCIe scan 00001de4:00000001
  4.12 RP1_CHIP_INFO 20001927

  4.14 RPi: BOOTLOADER release VERSION:2bb2ae64 DATE: 2025/03/10 TIME: 17:10:37
  4.21 BOOTMODE: 0x06 partition 0 build-ts BUILD_TIMESTAMP=1741626637 serial 06956aab boardrev e04171 stc 4021968
  4.32 PCIEx1: PWR 0 DET_WAKE 0
  4.34 M.2 PCIe HAT not detected.
  4.59 usb_pd_init status 3
  4.59 USB_PD CONFIG 0 41
  4.30 XHCI-STOP
  4.30 xHC0 ver: 272 HCS: 03000440 140000f1 07ff000a HCC: 0240fe6d
  4.35 USBSTS 1
  4.37 xHC0 ver: 272 HCS: 03000440 140000f1 07ff000a HCC: 0240fe6d
  4.42 xHC0 ports 3 slots 64 intrs 4
  4.54 XHCI-STOP
  4.54 xHC1 ver: 272 HCS: 03000440 140000f1 07ff000a HCC: 0240fe6d
  4.59 USBSTS 1
  4.61 xHC1 ver: 272 HCS: 03000440 140000f1 07ff000a HCC: 0240fe6d
  4.66 xHC1 ports 3 slots 64 intrs 4
  4.74 Boot mode: SD (01) order f4
  4.25 USB-PD: src-cap PDO object1 0x0a0191f4
  4.26 Current 5000 mA
  4.28 Voltage 5000 mV
  4.30 USB-PD: src-cap PDO object2 0x0002d12c
  4.35 Current 3000 mA
  4.37 Voltage 9000 mV
  4.39 USB-PD: src-cap PDO object3 0x0003c0e1
  4.43 Current 2250 mA
  4.45 Voltage 12000 mV
  4.47 USB-PD: src-cap PDO object4 0x0004b0b4
  4.51 Current 1800 mA
  4.53 Voltage 15000 mV
  8.70 SD HOST: 200000000 CTL0: 0x00800000 BUS: 400000 Hz actual: 390625 HZ div: 512 (256) status: 0x1fff0000 delay: 276
  8.81 SD HOST: 200000000 CTL0: 0x00800f00 BUS: 400000 Hz actual: 390625 HZ div: 512 (256) status: 0x1fff0000 delay: 276
  9.13 OCR c0ff8000 [194]
CID: 000353444a554c494580fa91d30f0128
CSD: 400e00325b590000edc87f800a404000
  9.21 SD: bus-width: 4 spec: 2 SCR: 0x02358043 0x00000000
  9.29 SD HOST: 200000000 CTL0: 0x00800f04 BUS: 50000000 Hz actual: 50000000 HZ div: 4 (2) status: 0x1fff0000 delay: 2
  9.42 MBR: 0x00000001,   65536 type: 0x0c
  9.43 MBR: 0x00010001,  245760 type: 0x83
  9.47 MBR: 0x00000000,       0 type: 0x00
  9.51 MBR: 0x00000000,       0 type: 0x00
  9.54 Trying partition: 0
  9.05 type: 16 lba: 1 'mkfs.fat' '  V       ^ ' clusters 16343 (4)
  9.08 rsc 4 fat-sectors 64 root dir cluster 1 sectors 32 entries 512
  9.17 FAT16 clusters 16343
  9.18 [sdcard] autoboot.txt not found
  9.20 Select partition rsts 0 C(boot_partition) 0 EEPROM config 0 result 1
  9.27 Trying partition: 1
  9.32 type: 16 lba: 1 'mkfs.fat' '  V       ^ ' clusters 16343 (4)
  9.35 rsc 4 fat-sectors 64 root dir cluster 1 sectors 32 entries 512
  9.44 FAT16 clusters 16343
  9.46 Read config.txt bytes      548 hnd 0x78
  9.49 [sdcard] pieeprom.upd not found
  9.52 usb_max_current_enable default 0 max-current 5000
  9.65 Read bcm2712-rpi-5-b.dtb bytes    78744 hnd 0x2
  9.67 dt-match: compatible: raspberrypi,5-model-b match: brcm,bcm2712
  9.73 dt-match: compatible: brcm,bcm2712 match: brcm,bcm2712
  9.84 Read /config.txt bytes      548 hnd 0x78
  9.86 Read /config.txt bytes      548 hnd 0x78
  9.93 MESS:00:00:09.193114:0: Initial voltage 800000 temp 28487
  9.93 MESS:00:00:09.393555:0: avs_2712: AVS pred 8596 859600 temp 29037
  9.97 MESS:00:00:09.397163:0: vpred 859 mV +0
  9.05 MESS:00:00:09.405823:0: FB framebuffer_swap 1
  9.07 MESS:00:00:09.407692:0: Select resolution HDMI0/2 hotplug 0 max_mode 2
  9.14 MESS:00:00:09.414582:0: Select resolution HDMI1/2 hotplug 0 max_mode 2
  9.31 MESS:00:00:09.431144:0: dtb_file 'bcm2712-rpi-5-b.dtb'
  9.33 Loading 'bcm2712-rpi-5-b.dtb' to 0x00000000 offset 0x100
  9.45 Read bcm2712-rpi-5-b.dtb bytes    78744 hnd 0x2
  9.68  /overlays/overlay_map.dtb 
  9.68  /overlays/bcm2712d0.dtbo 
  9.98 PCIEx1: PWR 0 DET_WAKE 0
  9.12 Read /config.txt bytes      548 hnd 0x78
  9.79 Read /cmdline.txt bytes       66 hnd 0x77
  9.11 BMD "armstub8-2712.bin" not found
  9.12 fs_open: 'armstub8-2712.bin' 
  9.15 Loading 'Image' to 0x00000000 offset 0x200000
 10.49 Read Image bytes 24365568 hnd 0x79
 10.50 PCI1 reset
 10.62 PCI2 reset
 10.72 set_reboot_order 0
 10.72 set_reboot_arg1 0
 10.73 USB-OTG disconnect
 10.15 MESS:00:00:10.915674:0: BSC_A no ACK
 10.16 MESS:00:00:10.916908:0: BSC_A no ACK
 10.20 MESS:00:00:10.920833:0: BSC_A no ACK
 10.44 MESS:00:00:10.944765:0: BSC_B no ACK
 10.46 MESS:00:00:10.945991:0: BSC_B no ACK
 10.49 MESS:00:00:10.949916:0: BSC_B no ACK
 10.73 MESS:00:00:10.973689:0: Starting OS 10973 ms
 10.79 MESS:00:00:10.979299:0: 00000040: -> 00000480
 10.81 MESS:00:00:10.981149:0: 00000030: -> 00100080
 10.85 MESS:00:00:10.985862:0: 00000034: -> 00100080
 10.90 MESS:00:00:10.990575:0: 00000038: -> 00100080
 10.95 MESS:00:00:10.995288:0: 0000003c: -> 00100080

NOTICE:  BL31: v2.6(release):v2.6-240-gfc45bc492
NOTICE:  BL31: Built : 12:55:13, Dec  4 2024
[    0.000000] Booting Linux on physical CPU 0x0000000000 [0x414fd0b1]
[    0.000000] Linux version 6.12.61-v8-16k (ganesh@dd20517f10bd) (aarch64-linux-gcc.br_real (Buildroot 2021.11-18033-g83947c7bb6) 14.3.0, GNU ld (GNU Binutils) 2.43.1) #1 SMP PREEMPT Tue Mar 17 16:58:57 UTC 2026
[    0.000000] KASLR enabled
[    0.000000] random: crng init done
[    0.000000] Machine model: Raspberry Pi 5 Model B Rev 1.1
[    0.000000] efi: UEFI not found.
[    0.000000] Reserved memory: created CMA memory pool at 0x000000003bc00000, size 64 MiB
[    0.000000] OF: reserved mem: initialized node linux,cma, compatible id shared-dma-pool
[    0.000000] OF: reserved mem: 0x000000003bc00000..0x000000003fbfffff (65536 KiB) map reusable linux,cma
[    0.000000] OF: reserved mem: 0x0000000000000000..0x000000000007ffff (512 KiB) nomap non-reusable atf@0
[    0.000000] OF: reserved mem: 0x000000003fd16320..0x000000003fd1635d (0 KiB) nomap non-reusable nvram@0
[    0.000000] NUMA: Faking a node at [mem 0x0000000000000000-0x00000003ffffffff]
[    0.000000] Faking node 0 at [mem 0x0000000000000000-0x000000007fffffff] (2048MB)
[    0.000000] Faking node 1 at [mem 0x0000000080000000-0x00000000ffffffff] (2048MB)
[    0.000000] Faking node 2 at [mem 0x0000000100000000-0x000000017fffffff] (2048MB)
[    0.000000] Faking node 3 at [mem 0x0000000180000000-0x00000001ffffffff] (2048MB)
[    0.000000] Faking node 4 at [mem 0x0000000200000000-0x000000027fffffff] (2048MB)
[    0.000000] Faking node 5 at [mem 0x0000000280000000-0x00000002ffffffff] (2048MB)
[    0.000000] Faking node 6 at [mem 0x0000000300000000-0x000000037fffffff] (2048MB)
[    0.000000] Faking node 7 at [mem 0x0000000380000000-0x00000003ffffffff] (2048MB)
[    0.000000] NODE_DATA(0) allocated [mem 0x7fffd300-0x7fffffff]
[    0.000000] NODE_DATA(1) allocated [mem 0xffffd300-0xffffffff]
[    0.000000] NODE_DATA(2) allocated [mem 0x17fffd300-0x17fffffff]
[    0.000000] NODE_DATA(3) allocated [mem 0x1ffffd300-0x1ffffffff]
[    0.000000] NODE_DATA(4) allocated [mem 0x27fffd300-0x27fffffff]
[    0.000000] NODE_DATA(5) allocated [mem 0x2ffffd300-0x2ffffffff]
[    0.000000] NODE_DATA(6) allocated [mem 0x37fffd300-0x37fffffff]
[    0.000000] NODE_DATA(7) allocated [mem 0x3fdf9b300-0x3fdf9dfff]
[    0.000000] Zone ranges:
[    0.000000]   DMA      [mem 0x0000000000000000-0x00000000ffffffff]
[    0.000000]   DMA32    empty
[    0.000000]   Normal   [mem 0x0000000100000000-0x00000003ffffffff]
[    0.000000] Movable zone start for each node
[    0.000000] Early memory node ranges
[    0.000000]   node   0: [mem 0x0000000000000000-0x000000000007ffff]
[    0.000000]   node   0: [mem 0x0000000000080000-0x000000003fbfffff]
[    0.000000]   node   0: [mem 0x0000000040000000-0x000000007fffffff]
[    0.000000]   node   1: [mem 0x0000000080000000-0x00000000ffffffff]
[    0.000000]   node   2: [mem 0x0000000100000000-0x000000017fffffff]
[    0.000000]   node   3: [mem 0x0000000180000000-0x00000001ffffffff]
[    0.000000]   node   4: [mem 0x0000000200000000-0x000000027fffffff]
[    0.000000]   node   5: [mem 0x0000000280000000-0x00000002ffffffff]
[    0.000000]   node   6: [mem 0x0000000300000000-0x000000037fffffff]
[    0.000000]   node   7: [mem 0x0000000380000000-0x00000003ffffffff]
[    0.000000] Initmem setup node 0 [mem 0x0000000000000000-0x000000007fffffff]
[    0.000000] Initmem setup node 1 [mem 0x0000000080000000-0x00000000ffffffff]
[    0.000000] Initmem setup node 2 [mem 0x0000000100000000-0x000000017fffffff]
[    0.000000] Initmem setup node 3 [mem 0x0000000180000000-0x00000001ffffffff]
[    0.000000] Initmem setup node 4 [mem 0x0000000200000000-0x000000027fffffff]
[    0.000000] Initmem setup node 5 [mem 0x0000000280000000-0x00000002ffffffff]
[    0.000000] Initmem setup node 6 [mem 0x0000000300000000-0x000000037fffffff]
[    0.000000] Initmem setup node 7 [mem 0x0000000380000000-0x00000003ffffffff]
[    0.000000] On node 0, zone DMA: 1024 pages in unavailable ranges
[    0.000000] psci: probing for conduit method from DT.
[    0.000000] psci: PSCIv1.1 detected in firmware.
[    0.000000] psci: Using standard PSCI v0.2 function IDs
[    0.000000] psci: MIGRATE_INFO_TYPE not supported.
[    0.000000] psci: SMC Calling Convention v1.2
[    0.000000] percpu: Embedded 33 pages/cpu s95256 r8192 d31720 u135168
[    0.000000] Detected PIPT I-cache on CPU0
[    0.000000] CPU features: detected: Virtualization Host Extensions
[    0.000000] CPU features: detected: Spectre-v4
[    0.000000] CPU features: detected: Spectre-BHB
[    0.000000] CPU features: kernel page table isolation forced ON by KASLR
[    0.000000] CPU features: detected: Kernel page table isolation (KPTI)
[    0.000000] CPU features: detected: SSBS not fully self-synchronizing
[    0.000000] alternatives: applying boot alternatives
[    0.000000] Kernel command line: reboot=w coherent_pool=1M 8250.nr_uarts=1 pci=pcie_bus_safe cgroup_disable=memory numa_policy=interleave nvme.max_host_mem_size_mb=0  numa=fake=8 system_heap.max_order=0 smsc95xx.macaddr=88:A2:9E:11:AA:EA vc_mem.mem_base=0x3fc00000 vc_mem.mem_size=0x40000000  root=/dev/mmcblk0p2 rootwait console=tty1 console=ttyAMA10,115200
[    0.000000] cgroup: Disabling memory control group subsystem
[    0.000000] mempolicy: NUMA default policy overridden to 'interleave:0-7'
[    0.000000] Fallback order for Node 0: 0 1 2 3 4 5 6 7 
[    0.000000] Fallback order for Node 1: 1 2 3 4 5 6 7 0 
[    0.000000] Fallback order for Node 2: 2 3 4 5 6 7 0 1 
[    0.000000] Fallback order for Node 3: 3 4 5 6 7 0 1 2 
[    0.000000] Fallback order for Node 4: 4 5 6 7 0 1 2 3 
[    0.000000] Fallback order for Node 5: 5 6 7 0 1 2 3 4 
[    0.000000] Fallback order for Node 6: 6 7 0 1 2 3 4 5 
[    0.000000] Fallback order for Node 7: 7 0 1 2 3 4 5 6 
[    0.000000] Built 8 zonelists, mobility grouping on.  Total pages: 4193280
[    0.000000] Policy zone: Normal
[    0.000000] mem auto-init: stack:all(zero), heap alloc:off, heap free:off
[    0.000000] software IO TLB: area num 4.
[    0.000000] software IO TLB: mapped [mem 0x00000000f9e00000-0x00000000fde00000] (64MB)
[    0.000000] SLUB: HWalign=64, Order=0-3, MinObjects=0, CPUs=4, Nodes=8
[    0.000000] ftrace: allocating 45313 entries in 178 pages
[    0.000000] ftrace: allocated 178 pages with 4 groups
[    0.000000] rcu: Preemptible hierarchical RCU implementation.
[    0.000000] rcu: 	RCU event tracing is enabled.
[    0.000000] 	Trampoline variant of Tasks RCU enabled.
[    0.000000] 	Rude variant of Tasks RCU enabled.
[    0.000000] 	Tracing variant of Tasks RCU enabled.
[    0.000000] rcu: RCU calculated value of scheduler-enlistment delay is 25 jiffies.
[    0.000000] RCU Tasks: Setting shift to 2 and lim to 1 rcu_task_cb_adjust=1 rcu_task_cpu_ids=4.
[    0.000000] RCU Tasks Rude: Setting shift to 2 and lim to 1 rcu_task_cb_adjust=1 rcu_task_cpu_ids=4.
[    0.000000] RCU Tasks Trace: Setting shift to 2 and lim to 1 rcu_task_cb_adjust=1 rcu_task_cpu_ids=4.
[    0.000000] NR_IRQS: 64, nr_irqs: 64, preallocated irqs: 0
[    0.000000] Root IRQ handler: gic_handle_irq
[    0.000000] GIC: Using split EOI/Deactivate mode
[    0.000000] rcu: srcu_init: Setting srcu_struct sizes based on contention.
[    0.000000] arch_timer: cp15 timer(s) running at 54.00MHz (phys).
[    0.000000] clocksource: arch_sys_counter: mask: 0xffffffffffffff max_cycles: 0xc743ce346, max_idle_ns: 440795203123 ns
[    0.000000] sched_clock: 56 bits at 54MHz, resolution 18ns, wraps every 4398046511102ns
[    0.000079] Console: colour dummy device 80x25
[    0.000083] printk: legacy console [tty1] enabled
[    0.000280] Calibrating delay loop (skipped), value calculated using timer frequency.. 108.00 BogoMIPS (lpj=216000)
[    0.000286] pid_max: default: 32768 minimum: 301
[    0.000324] LSM: initializing lsm=capability
[    0.002913] Dentry cache hash table entries: 2097152 (order: 12, 16777216 bytes, vmalloc hugepage)
[    0.004568] Inode-cache hash table entries: 1048576 (order: 11, 8388608 bytes, vmalloc)
[    0.004638] Mount-cache hash table entries: 32768 (order: 6, 262144 bytes, vmalloc)
[    0.004688] Mountpoint-cache hash table entries: 32768 (order: 6, 262144 bytes, vmalloc)
[    0.005353] rcu: Hierarchical SRCU implementation.
[    0.005363] rcu: 	Max phase no-delay instances is 1000.
[    0.005414] Timer migration: 1 hierarchy levels; 8 children per group; 0 crossnode level
[    0.005740] EFI services will not be available.
[    0.005806] smp: Bringing up secondary CPUs ...
[    0.005961] Detected PIPT I-cache on CPU1
[    0.005999] CPU1: Booted secondary processor 0x0000000100 [0x414fd0b1]
[    0.006173] Detected PIPT I-cache on CPU2
[    0.006199] CPU2: Booted secondary processor 0x0000000200 [0x414fd0b1]
[    0.006352] Detected PIPT I-cache on CPU3
[    0.006371] CPU3: Booted secondary processor 0x0000000300 [0x414fd0b1]
[    0.006398] smp: Brought up 8 nodes, 4 CPUs
[    0.006414] SMP: Total of 4 processors activated.
[    0.006416] CPU: All CPU(s) started at EL2
[    0.006420] CPU features: detected: 32-bit EL0 Support
[    0.006423] CPU features: detected: Data cache clean to the PoU not required for I/D coherence
[    0.006426] CPU features: detected: Common not Private translations
[    0.006429] CPU features: detected: CRC32 instructions
[    0.006433] CPU features: detected: RCpc load-acquire (LDAPR)
[    0.006436] CPU features: detected: LSE atomic instructions
[    0.006439] CPU features: detected: Privileged Access Never
[    0.006441] CPU features: detected: RAS Extension Support
[    0.006444] CPU features: detected: Speculative Store Bypassing Safe (SSBS)
[    0.006468] alternatives: applying system-wide alternatives
[    0.007823] CPU features: detected: Hardware dirty bit management on CPU0-3
[    0.008044] Memory: 16276488K/16773120K available (14336K kernel code, 2418K rwdata, 4824K rodata, 2048K init, 577K bss, 387352K reserved, 65536K cma-reserved)
[    0.008551] devtmpfs: initialized
[    0.010446] Enabled cp15_barrier support
[    0.010454] Enabled setend support
[    0.010489] clocksource: jiffies: mask: 0xffffffff max_cycles: 0xffffffff, max_idle_ns: 7645041785100000 ns
[    0.010499] futex hash table entries: 1024 (order: 4, 65536 bytes, vmalloc)
[    0.010940] 2G module region forced by RANDOMIZE_MODULE_REGION_FULL
[    0.010945] 0 pages in range for non-PLT usage
[    0.010946] 518176 pages in range for PLT usage
[    0.011042] pinctrl core: initialized pinctrl subsystem
[    0.011199] DMI not present or invalid.
[    0.014675] NET: Registered PF_NETLINK/PF_ROUTE protocol family
[    0.014974] DMA: preallocated 1024 KiB GFP_KERNEL pool for atomic allocations
[    0.015063] DMA: preallocated 1024 KiB GFP_KERNEL|GFP_DMA pool for atomic allocations
[    0.015230] DMA: preallocated 1024 KiB GFP_KERNEL|GFP_DMA32 pool for atomic allocations
[    0.015247] audit: initializing netlink subsys (disabled)
[    0.015297] audit: type=2000 audit(0.012:1): state=initialized audit_enabled=0 res=1
[    0.015408] thermal_sys: Registered thermal governor 'step_wise'
[    0.015417] cpuidle: using governor menu
[    0.015471] hw-breakpoint: found 6 breakpoint and 4 watchpoint registers.
[    0.015495] ASID allocator initialised with 32768 entries
[    0.015713] Serial: AMBA PL011 UART driver
[    0.016337] /soc@107c000000/interrupt-controller@7fff9000: Fixed dependency cycle(s) with /soc@107c000000/interrupt-controller@7fff9000
[    0.016496] bcm2835-mbox 107c013880.mailbox: mailbox enabled
[    0.016618] 107d001000.serial: ttyAMA10 at MMIO 0x107d001000 (irq = 16, base_baud = 0) is a PL011 AXI
[    0.016629] printk: legacy console [ttyAMA10] enabled
[    1.054406] raspberrypi-firmware soc@107c000000:firmware: Attached to firmware from 2025-03-10T17:10:37, variant start_cd
[    1.069414] raspberrypi-firmware soc@107c000000:firmware: Firmware hash is 2bb2ae6400000000000000000000000000000000
[    1.086097] bcm2835-dma 1000010000.dma: DMA legacy API manager, dmachans=0x1
[    1.093716] iommu: Default domain type: Translated
[    1.098528] iommu: DMA domain TLB invalidation policy: strict mode
[    1.104841] SCSI subsystem initialized
[    1.108633] usbcore: registered new interface driver usbfs
[    1.114145] usbcore: registered new interface driver hub
[    1.119480] usbcore: registered new device driver usb
[    1.124610] pps_core: LinuxPPS API ver. 1 registered
[    1.129591] pps_core: Software ver. 5.3.6 - Copyright 2005-2007 Rodolfo Giometti <giometti@linux.it>
[    1.138762] PTP clock support registered
[    1.142934] vgaarb: loaded
[    1.145727] clocksource: Switched to clocksource arch_sys_counter
[    1.151998] VFS: Disk quotas dquot_6.6.0
[    1.155942] VFS: Dquot-cache hash table entries: 512 (order 0, 4096 bytes)
[    1.164005] NET: Registered PF_INET protocol family
[    1.169286] IP idents hash table entries: 262144 (order: 9, 2097152 bytes, vmalloc)
[    1.179942] tcp_listen_portaddr_hash hash table entries: 8192 (order: 5, 131072 bytes, vmalloc)
[    1.188762] Table-perturb hash table entries: 65536 (order: 6, 262144 bytes, vmalloc)
[    1.196792] TCP established hash table entries: 131072 (order: 8, 1048576 bytes, vmalloc)
[    1.205367] TCP bind hash table entries: 65536 (order: 9, 2097152 bytes, vmalloc)
[    1.213534] TCP: Hash tables configured (established 131072 bind 65536)
[    1.220312] MPTCP token hash table entries: 16384 (order: 7, 393216 bytes, vmalloc)
[    1.228079] UDP hash table entries: 8192 (order: 6, 262144 bytes, vmalloc)
[    1.235104] UDP-Lite hash table entries: 8192 (order: 6, 262144 bytes, vmalloc)
[    1.242602] NET: Registered PF_UNIX/PF_LOCAL protocol family
[    1.248398] RPC: Registered named UNIX socket transport module.
[    1.254340] RPC: Registered udp transport module.
[    1.259057] RPC: Registered tcp transport module.
[    1.263774] RPC: Registered tcp-with-tls transport module.
[    1.269280] RPC: Registered tcp NFSv4.1 backchannel transport module.
[    1.275751] PCI: CLS 0 bytes, default 64
[    1.280724] kvm [1]: nv: 554 coarse grained trap handlers
[    1.286245] kvm [1]: IPA Size Limit: 40 bits
[    1.290548] kvm [1]: vgic interrupt IRQ9
[    1.294524] kvm [1]: VHE mode initialized successfully
[    1.300068] Initialise system trusted keyrings
[    1.304678] workingset: timestamp_bits=42 max_order=22 bucket_order=0
[    1.311309] NFS: Registering the id_resolver key type
[    1.316382] Key type id_resolver registered
[    1.320576] Key type id_legacy registered
[    1.324604] nfs4filelayout_init: NFSv4 File Layout Driver Registering...
[    1.331330] nfs4flexfilelayout_init: NFSv4 Flexfile Layout Driver Registering...
[    1.338878] Key type asymmetric registered
[    1.342988] Asymmetric key parser 'x509' registered
[    1.347894] Block layer SCSI generic (bsg) driver version 0.4 loaded (major 247)
[    1.355343] io scheduler mq-deadline registered
[    1.359888] io scheduler kyber registered
[    1.363913] io scheduler bfq registered
[    1.368086] irq_brcmstb_l2: registered L2 intc (/soc@107c000000/intc@7d508380, parent irq: 27)
[    1.376770] irq_brcmstb_l2: registered L2 intc (/soc@107c000000/intc@7d508400, parent irq: 28)
[    1.385447] irq_brcmstb_l2: registered L2 intc (/soc@107c000000/intc@7d503000, parent irq: 29)
[    1.395032] ledtrig-cpu: registered to indicate activity on CPUs
[    1.402092] bcm2708_fb soc@107c000000:fb: Unable to determine number of FBs. Disabling driver.
[    1.410742] bcm2708_fb soc@107c000000:fb: probe with driver bcm2708_fb failed with error -2
[    1.447450] Serial: 8250/16550 driver, 1 ports, IRQ sharing enabled
[    1.453899] SError Interrupt on CPU0, code 0x00000000be000011 -- SError
[    1.453903] CPU: 0 UID: 0 PID: 1 Comm: swapper/0 Tainted: G   M               6.12.61-v8-16k #1
[    1.453906] Tainted: [M]=MACHINE_CHECK
[    1.453907] Hardware name: Raspberry Pi 5 Model B Rev 1.1 (DT)
[    1.453908] pstate: 804000c9 (Nzcv daIF +PAN -UAO -TCO -DIT -SSBS BTYPE=--)
[    1.453910] pc : bcm2712_pull_config_set+0x64/0xd8
[    1.453917] lr : bcm2712_pull_config_set+0x48/0xd8
[    1.453920] sp : ffffffc0800bbad0
[    1.453920] x29: ffffffc0800bbad0 x28: 0000000000000000 x27: ffffffd08d6e0118
[    1.453923] x26: ffffffd08d799060 x25: 0000000000000006 x24: ffffff828078d258
[    1.453926] x23: 0000000000000018 x22: ffffff81001f4540 x21: 0000000000000122
[    1.453928] x20: ffffff81001f4480 x19: 0000000000000000 x18: ffffff828078d248
[    1.453930] x17: 0000000000000000 x16: 0000000000000000 x15: ffffffffffffffff
[    1.453932] x14: ffffffc0800bb800 x13: ffffff828078d24a x12: 3030306330356437
[    1.453934] x11: 0000000000000040 x10: ffffff800277b6e0 x9 : ffffffd08cbc94a0
[    1.453936] x8 : ffffff81808bb258 x7 : 0000000000000000 x6 : 0000000000000000
[    1.453938] x5 : ffffff81808bb230 x4 : 0000000000000024 x3 : 000000000000ffff
[    1.453940] x2 : 0000000000000000 x1 : 0000000000000000 x0 : 0000000000000000
[    1.453943] Kernel panic - not syncing: Asynchronous SError Interrupt
[    1.453944] CPU: 0 UID: 0 PID: 1 Comm: swapper/0 Tainted: G   M               6.12.61-v8-16k #1
[    1.453946] Tainted: [M]=MACHINE_CHECK
[    1.453947] Hardware name: Raspberry Pi 5 Model B Rev 1.1 (DT)
[    1.453948] Call trace:
[    1.453949]  dump_backtrace.part.0+0xe0/0x100
[    1.453954]  show_stack+0x20/0x40
[    1.453955]  dump_stack_lvl+0x60/0x80
[    1.453958]  dump_stack+0x18/0x28
[    1.453960]  panic+0x170/0x370
[    1.453962]  nmi_panic+0x90/0x98
[    1.453965]  arm64_serror_panic+0x78/0x90
[    1.453966]  arm64_is_fatal_ras_serror+0x44/0xc0
[    1.453968]  do_serror+0x64/0x80
[    1.453970]  el1h_64_error_handler+0x30/0x48
[    1.453972]  el1h_64_error+0x64/0x68
[    1.453974]  bcm2712_pull_config_set+0x64/0xd8
[    1.453976]  bcm2712_pinconf_set+0x94/0xd8
[    1.453979]  pinconf_apply_setting+0xd0/0x140
[    1.453981]  pinctrl_commit_state+0x1bc/0x1e8
[    1.453983]  pinctrl_select_state+0x24/0x40
[    1.453985]  pinctrl_bind_pins+0x144/0x160
[    1.453988]  really_probe+0x5c/0x2e0
[    1.453991]  __driver_probe_device+0x80/0x128
[    1.453993]  driver_probe_device+0x44/0x180
[    1.453994]  __driver_attach+0x98/0x1b0
[    1.453996]  bus_for_each_dev+0x84/0xf8
[    1.453999]  driver_attach+0x2c/0x40
[    1.454001]  bus_add_driver+0xec/0x220
[    1.454002]  driver_register+0x70/0x138
[    1.454004]  __platform_driver_register+0x2c/0x40
[    1.454006]  brcmuart_init+0x44/0x70
[    1.454009]  do_one_initcall+0x60/0x2a0
[    1.454011]  kernel_init_freeable+0x22c/0x2a0
[    1.454014]  kernel_init+0x2c/0x150
[    1.454016]  ret_from_fork+0x10/0x20
[    1.454019] SMP: stopping secondary CPUs
[    1.454022] Kernel Offset: 0x100c400000 from 0xffffffc080000000
[    1.454023] PHYS_OFFSET: 0x0
[    1.454024] CPU features: 0x10,00000017,00280928,0200720b
[    1.454026] Memory Limit: none
[    1.739808] ---[ end Kernel panic - not syncing: Asynchronous SError Interrupt ]---
