$ sudo losetup -fP --show 2_secure_boot/rpi5-uboot-aosp-signed-user-202604190832.img
/dev/loop0
$ sudo lsblk /dev/loop0
NAME      MAJ:MIN RM  SIZE RO TYPE MOUNTPOINTS
loop0       7:0    0 14.3G  0 loop
├─loop0p1 259:0    0  128M  0 part
├─loop0p3 259:1    0 10.8G  0 part
├─loop0p5 259:2    0    3G  0 part
├─loop0p6 259:3    0  384M  0 part
├─loop0p7 259:4    0   16M  0 part
└─loop0p8 259:5    0    4M  0 part
$ sudo mount -o ro /dev/loop0p1 boot/
$ ll boot/
total 38918
drwxr-xr-x 3 root   root       1024 Jan  1  1970 .
drwxrwxr-x 7 ganesh ganesh     4096 Apr 19 21:01 ..
-rwxr-xr-x 1 root   root      78748 Apr 19 13:57 bcm2712d0-rpi-5-b.dtb
-rwxr-xr-x 1 root   root      78700 Apr 19 13:57 bcm2712-rpi-500.dtb
-rwxr-xr-x 1 root   root      78744 Apr 19 13:57 bcm2712-rpi-5-b.dtb
-rwxr-xr-x 1 root   root      79689 Apr 19 13:57 bcm2712-rpi-cm5-cm4io.dtb
-rwxr-xr-x 1 root   root      79755 Apr 19 13:57 bcm2712-rpi-cm5-cm5io.dtb
-rwxr-xr-x 1 root   root      79730 Apr 19 13:57 bcm2712-rpi-cm5l-cm4io.dtb
-rwxr-xr-x 1 root   root      79796 Apr 19 13:57 bcm2712-rpi-cm5l-cm5io.dtb
-rwxr-xr-x 1 root   root       3289 Apr 19 14:03 boot.scr
-rwxr-xr-x 1 root   root        176 Apr 19 13:57 cmdline.txt
-rwxr-xr-x 1 root   root        642 Apr 19 14:03 config.txt
-rwxr-xr-x 1 root   root   37157376 Apr 19 13:57 Image
drwxr-xr-x 2 root   root      32256 Apr 19 13:57 overlays
-rwxr-xr-x 1 root   root    1326049 Apr 19 13:57 ramdisk.img
-rwxr-xr-x 1 root   root     769928 Apr 19 14:03 u-boot.bin
$ cat boot/boot.scr
'V?iQ
     ,Of
        # U-Boot boot script for Android on RPi5 (with AVB 2.0)
# Compiled to boot_avb.scr via: mkimage -C none -A arm64 -T script -d boot_avb.cmd boot_avb.scr

echo "=== Android U-Boot Boot Script (AVB) ==="

# Build-time default; runtime override is possible by setting avb_fail_policy env var.
# Valid values: fail_closed, fail_open
if test -z "${avb_fail_policy}"; then
    setenv avb_fail_policy "fail_closed"
    echo "Setting AVB policy to default: ${avb_fail_policy}"
else
    echo "Loading AVB policy"
fi
echo "AVB fail policy: ${avb_fail_policy}"

# Clear AVB args from any previous runs
setenv avb_bootargs
setenv avb_bootargs_fallback
setenv bootdev_bootarg

# 1. AVB Initialization and Verification
# U-Boot must be built with CONFIG_AVB_VERIFY=y, CONFIG_CMD_AVB=y, CONFIG_LIBAVB=y
echo "Initializing AVB..."
if test -z "${avb_bootargs_fallback}" && avb init 0; then
    echo "Verifying partitions..."
else
    if test -z "${avb_bootargs_fallback}"; then
        echo "AVB: Initialization FAILED"
        if test "${avb_fail_policy}" = "fail_open"; then
            echo "WARNING: Continuing boot with fail_open policy"
            setenv avb_bootargs_fallback "androidboot.verifiedbootstate=orange androidboot.vbmeta.device_state=unlocked"
        else
            echo "Fail-closed policy: resetting"
            reset
        fi
    fi
fi

if test -z "${avb_bootargs_fallback}"; then
    if avb verify; then
        echo "AVB: Verification PASSED"
    else
        echo "AVB: Verification FAILED"
        if test "${avb_fail_policy}" = "fail_open"; then
            echo "WARNING: Continuing boot with fail_open policy"
            setenv avb_bootargs_fallback "androidboot.verifiedbootstate=orange androidboot.vbmeta.device_state=unlocked"
        else
            echo "Fail-closed policy: resetting"
            reset
        fi
    fi
fi

# 2. Load Android kernel from FAT32 (mmc 0:1 = p1)
echo "Loading kernel Image..."
fatload mmc 0:1 ${kernel_addr_r} Image
if test $? -ne 0; then
    echo "ERROR: Failed to load kernel"
    reset
fi

# 3. Load Android ramdisk
echo "Loading ramdisk..."
fatload mmc 0:1 ${ramdisk_addr_r} ramdisk.img
if test $? -ne 0; then
    echo "ERROR: Failed to load ramdisk"
    reset
fi

# 4. Set Android kernel command line
# ${avb_bootargs} is populated by 'avb verify' on success.
# For fail_open, add explicit fallback state args.
# Expose kernel-boot-partition UUID so first-stage init can identify boot device
# and create /dev/block/by-name/<partition> symlinks consistently on GPT layouts.
if part uuid mmc 0:1 boot_part_uuid; then
    setenv bootdev_bootarg "androidboot.boot_part_uuid=${boot_part_uuid}"
else
    echo "WARNING: Failed to query boot partition UUID (mmc 0:1)"
fi
setenv bootargs "${bootargs} root=/dev/ram0 rootwait androidboot.hardware=rpi5 androidboot.selinux=enforcing quiet loglevel=4 ${bootdev_bootarg} ${avb_bootargs} ${avb_bootargs_fallback}  androidboot.fde_mode=enabled"
echo "bootargs: ${bootargs}"

# 5. Boot Android
if test -z "${avb_bootargs_fallback}"; then
    echo "Booting Android with AVB verification..."
else
    echo "Booting Android with AVB fail_open fallback..."
fi
booti ${kernel_addr_r} ${ramdisk_addr_r}:${filesize} ${fdt_addr}
$ cat boot/cmdline.txt
console=ttyAMA10,115200 no_console_suspend root=/dev/ram0 rootwait androidboot.hardware=rpi5 androidboot.selinux=permissive androidboot.vbmeta.device=/dev/block/by-name/vbmeta
$ cat boot/config.txt
# Kernel _ RPi firmware loads U-Boot; U-Boot loads Android via boot.scr
kernel=u-boot.bin

# UART / Serial console
# enable_uart=1   : enables the primary UART (GPIO 14/15) and keeps it active
# uart_2ndstage=1 : keeps the debug UART (uart10, JST connector) enabled
#                   when the firmware hands off to U-Boot; without this,
#                   U-Boot produces no serial output on RPi5
enable_uart=1
uart_2ndstage=1

# Camera
camera_auto_detect=1

# Display
disable_overscan=1

# Graphics acceleration
dtoverlay=vc4-kms-v3d
dtoverlay=cma,cma-320

# USB
dtoverlay=dwc2,dr_mode=peripheral
[cm5]
dtoverlay=dwc2,dr_mode=otg
[all]
